2026-02-10 18:55:07,398 - INFO - Starting simulator run for workload 'tpcds_99templates_00pctheavy_120meaninterarrivals' with model '1769376434' and blueprint 'multi_16_16b_32_32b_4_4b_8_8b'
2026-02-10 18:55:07,398 - INFO - Optimize based on SLO violation amount: True with thresholds: slo_violation_rate_threshold = 0.05, slo_violation_amount_threshold_s = 30.0, slo_s = 180.0
2026-02-10 18:55:07,413 - INFO - (0.000) Routing query 0 with template and idx 019_003.
2026-02-10 18:55:07,415 - INFO - 	Cluster cluster_16: Marginal SLO violation: 0.0000, Marginal cost: 0.1000 (Billed intervals before: [], after: [Interval(0.0, 60.0, {'query_ids': {'unknown'}})])
2026-02-10 18:55:07,415 - INFO - 	Cluster cluster_16b: Marginal SLO violation: 0.0000, Marginal cost: 0.1000 (Billed intervals before: [], after: [Interval(0.0, 60.0, {'query_ids': {'unknown'}})])
2026-02-10 18:55:07,416 - INFO - 	Cluster cluster_32: Marginal SLO violation: 0.0000, Marginal cost: 0.2000 (Billed intervals before: [], after: [Interval(0.0, 60.0, {'query_ids': {'unknown'}})])
2026-02-10 18:55:07,417 - INFO - 	Cluster cluster_32b: Marginal SLO violation: 0.0000, Marginal cost: 0.2000 (Billed intervals before: [], after: [Interval(0.0, 60.0, {'query_ids': {'unknown'}})])
2026-02-10 18:55:07,418 - INFO - 	Cluster cluster_4: Marginal SLO violation: 0.0000, Marginal cost: 0.0250 (Billed intervals before: [], after: [Interval(0.0, 60.0, {'query_ids': {'unknown'}})])
2026-02-10 18:55:07,419 - INFO - 	Cluster cluster_4b: Marginal SLO violation: 0.0000, Marginal cost: 0.0250 (Billed intervals before: [], after: [Interval(0.0, 60.0, {'query_ids': {'unknown'}})])
2026-02-10 18:55:07,420 - INFO - 	Cluster cluster_8: Marginal SLO violation: 0.0000, Marginal cost: 0.0500 (Billed intervals before: [], after: [Interval(0.0, 60.0, {'query_ids': {'unknown'}})])
2026-02-10 18:55:07,421 - INFO - 	Cluster cluster_8b: Marginal SLO violation: 0.0000, Marginal cost: 0.0500 (Billed intervals before: [], after: [Interval(0.0, 60.0, {'query_ids': {'unknown'}})])
2026-02-10 18:55:07,421 - INFO - Routing query 0 to cluster cluster_4. Predicted latency is 24.98s (ends at 24.98s). 
2026-02-10 18:55:07,421 - INFO - (24.977) Query 0 completed on cluster cluster_4 with latency 24.98s.
2026-02-10 18:55:07,421 - INFO - (148.432) Routing query 1 with template and idx 090_003.
2026-02-10 18:55:07,422 - INFO - 	Cluster cluster_16: Marginal SLO violation: 0.0000, Marginal cost: 0.1000 (Billed intervals before: [], after: [Interval(148.4316500246894, 208.4316500246894, {'query_ids': {'unknown'}})])
2026-02-10 18:55:07,422 - INFO - 	Cluster cluster_16b: Marginal SLO violation: 0.0000, Marginal cost: 0.1000 (Billed intervals before: [], after: [Interval(148.4316500246894, 208.4316500246894, {'query_ids': {'unknown'}})])
2026-02-10 18:55:07,423 - INFO - 	Cluster cluster_32: Marginal SLO violation: 0.0000, Marginal cost: 0.2000 (Billed intervals before: [], after: [Interval(148.4316500246894, 208.4316500246894, {'query_ids': {'unknown'}})])
2026-02-10 18:55:07,424 - INFO - 	Cluster cluster_32b: Marginal SLO violation: 0.0000, Marginal cost: 0.2000 (Billed intervals before: [], after: [Interval(148.4316500246894, 208.4316500246894, {'query_ids': {'unknown'}})])
2026-02-10 18:55:07,425 - INFO - 	Cluster cluster_4: Marginal SLO violation: 0.0000, Marginal cost: 0.0250 (Billed intervals before: [], after: [Interval(148.4316500246894, 208.4316500246894, {'query_ids': {'unknown'}})])
2026-02-10 18:55:07,426 - INFO - 	Cluster cluster_4b: Marginal SLO violation: 0.0000, Marginal cost: 0.0250 (Billed intervals before: [], after: [Interval(148.4316500246894, 208.4316500246894, {'query_ids': {'unknown'}})])
2026-02-10 18:55:07,426 - INFO - 	Cluster cluster_8: Marginal SLO violation: 0.0000, Marginal cost: 0.0500 (Billed intervals before: [], after: [Interval(148.4316500246894, 208.4316500246894, {'query_ids': {'unknown'}})])
2026-02-10 18:55:07,427 - INFO - 	Cluster cluster_8b: Marginal SLO violation: 0.0000, Marginal cost: 0.0500 (Billed intervals before: [], after: [Interval(148.4316500246894, 208.4316500246894, {'query_ids': {'unknown'}})])
2026-02-10 18:55:07,427 - INFO - Routing query 1 to cluster cluster_4. Predicted latency is 24.33s (ends at 172.76s). 
2026-02-10 18:55:07,427 - INFO - (172.761) Query 1 completed on cluster cluster_4 with latency 24.33s.
2026-02-10 18:55:07,427 - INFO - (350.539) Routing query 2 with template and idx 030_003.
2026-02-10 18:55:07,428 - INFO - 	Cluster cluster_16: Marginal SLO violation: 0.0000, Marginal cost: 0.1000 (Billed intervals before: [], after: [Interval(350.53865742063465, 410.53865742063465, {'query_ids': {'unknown'}})])
2026-02-10 18:55:07,429 - INFO - 	Cluster cluster_16b: Marginal SLO violation: 0.0000, Marginal cost: 0.1000 (Billed intervals before: [], after: [Interval(350.53865742063465, 410.53865742063465, {'query_ids': {'unknown'}})])
2026-02-10 18:55:07,430 - INFO - 	Cluster cluster_32: Marginal SLO violation: 0.0000, Marginal cost: 0.2000 (Billed intervals before: [], after: [Interval(350.53865742063465, 410.53865742063465, {'query_ids': {'unknown'}})])
2026-02-10 18:55:07,430 - INFO - 	Cluster cluster_32b: Marginal SLO violation: 0.0000, Marginal cost: 0.2000 (Billed intervals before: [], after: [Interval(350.53865742063465, 410.53865742063465, {'query_ids': {'unknown'}})])
2026-02-10 18:55:07,431 - INFO - 	Cluster cluster_4: Marginal SLO violation: 0.0000, Marginal cost: 0.0250 (Billed intervals before: [], after: [Interval(350.53865742063465, 410.53865742063465, {'query_ids': {'unknown'}})])
2026-02-10 18:55:07,432 - INFO - 	Cluster cluster_4b: Marginal SLO violation: 0.0000, Marginal cost: 0.0250 (Billed intervals before: [], after: [Interval(350.53865742063465, 410.53865742063465, {'query_ids': {'unknown'}})])
2026-02-10 18:55:07,433 - INFO - 	Cluster cluster_8: Marginal SLO violation: 0.0000, Marginal cost: 0.0500 (Billed intervals before: [], after: [Interval(350.53865742063465, 410.53865742063465, {'query_ids': {'unknown'}})])
2026-02-10 18:55:07,433 - INFO - 	Cluster cluster_8b: Marginal SLO violation: 0.0000, Marginal cost: 0.0500 (Billed intervals before: [], after: [Interval(350.53865742063465, 410.53865742063465, {'query_ids': {'unknown'}})])
2026-02-10 18:55:07,433 - INFO - Routing query 2 to cluster cluster_4. Predicted latency is 31.07s (ends at 381.60s). 
2026-02-10 18:55:07,433 - INFO - (381.604) Query 2 completed on cluster cluster_4 with latency 31.07s.
2026-02-10 18:55:07,433 - INFO - (442.370) Routing query 3 with template and idx 027_001.
2026-02-10 18:55:07,434 - INFO - 	Cluster cluster_16: Marginal SLO violation: 0.0000, Marginal cost: 0.1000 (Billed intervals before: [], after: [Interval(442.37019426453753, 502.37019426453753, {'query_ids': {'unknown'}})])
2026-02-10 18:55:07,435 - INFO - 	Cluster cluster_16b: Marginal SLO violation: 0.0000, Marginal cost: 0.1000 (Billed intervals before: [], after: [Interval(442.37019426453753, 502.37019426453753, {'query_ids': {'unknown'}})])
2026-02-10 18:55:07,436 - INFO - 	Cluster cluster_32: Marginal SLO violation: 0.0000, Marginal cost: 0.2000 (Billed intervals before: [], after: [Interval(442.37019426453753, 502.37019426453753, {'query_ids': {'unknown'}})])
2026-02-10 18:55:07,436 - INFO - 	Cluster cluster_32b: Marginal SLO violation: 0.0000, Marginal cost: 0.2000 (Billed intervals before: [], after: [Interval(442.37019426453753, 502.37019426453753, {'query_ids': {'unknown'}})])
2026-02-10 18:55:07,437 - INFO - 	Cluster cluster_4: Marginal SLO violation: 0.0000, Marginal cost: 0.0250 (Billed intervals before: [], after: [Interval(442.37019426453753, 502.37019426453753, {'query_ids': {'unknown'}})])
2026-02-10 18:55:07,438 - INFO - 	Cluster cluster_4b: Marginal SLO violation: 0.0000, Marginal cost: 0.0250 (Billed intervals before: [], after: [Interval(442.37019426453753, 502.37019426453753, {'query_ids': {'unknown'}})])
2026-02-10 18:55:07,438 - INFO - 	Cluster cluster_8: Marginal SLO violation: 0.0000, Marginal cost: 0.0500 (Billed intervals before: [], after: [Interval(442.37019426453753, 502.37019426453753, {'query_ids': {'unknown'}})])
2026-02-10 18:55:07,439 - INFO - 	Cluster cluster_8b: Marginal SLO violation: 0.0000, Marginal cost: 0.0500 (Billed intervals before: [], after: [Interval(442.37019426453753, 502.37019426453753, {'query_ids': {'unknown'}})])
2026-02-10 18:55:07,439 - INFO - Routing query 3 to cluster cluster_4. Predicted latency is 56.02s (ends at 498.39s). 
2026-02-10 18:55:07,439 - INFO - (498.395) Query 3 completed on cluster cluster_4 with latency 56.02s.
2026-02-10 18:55:07,439 - INFO - (594.924) Routing query 4 with template and idx 028_001.
2026-02-10 18:55:07,440 - INFO - 	Cluster cluster_16: Marginal SLO violation: 0.0000, Marginal cost: 0.1000 (Billed intervals before: [], after: [Interval(594.9237968796954, 654.9237968796954, {'query_ids': {'unknown'}})])
2026-02-10 18:55:07,441 - INFO - 	Cluster cluster_16b: Marginal SLO violation: 0.0000, Marginal cost: 0.1000 (Billed intervals before: [], after: [Interval(594.9237968796954, 654.9237968796954, {'query_ids': {'unknown'}})])
2026-02-10 18:55:07,441 - INFO - 	Cluster cluster_32: Marginal SLO violation: 0.0000, Marginal cost: 0.2000 (Billed intervals before: [], after: [Interval(594.9237968796954, 654.9237968796954, {'query_ids': {'unknown'}})])
2026-02-10 18:55:07,442 - INFO - 	Cluster cluster_32b: Marginal SLO violation: 0.0000, Marginal cost: 0.2000 (Billed intervals before: [], after: [Interval(594.9237968796954, 654.9237968796954, {'query_ids': {'unknown'}})])
2026-02-10 18:55:07,445 - INFO - 	Cluster cluster_4: Marginal SLO violation: 0.0000, Marginal cost: 0.0250 (Billed intervals before: [], after: [Interval(594.9237968796954, 654.9237968796954, {'query_ids': {'unknown'}})])
2026-02-10 18:55:07,450 - INFO - 	Cluster cluster_4b: Marginal SLO violation: 0.0000, Marginal cost: 0.0250 (Billed intervals before: [], after: [Interval(594.9237968796954, 654.9237968796954, {'query_ids': {'unknown'}})])
2026-02-10 18:55:07,452 - INFO - 	Cluster cluster_8: Marginal SLO violation: 0.0000, Marginal cost: 0.0500 (Billed intervals before: [], after: [Interval(594.9237968796954, 654.9237968796954, {'query_ids': {'unknown'}})])
2026-02-10 18:55:07,455 - INFO - 	Cluster cluster_8b: Marginal SLO violation: 0.0000, Marginal cost: 0.0500 (Billed intervals before: [], after: [Interval(594.9237968796954, 654.9237968796954, {'query_ids': {'unknown'}})])
2026-02-10 18:55:07,455 - INFO - Routing query 4 to cluster cluster_4. Predicted latency is 53.99s (ends at 648.91s). 
2026-02-10 18:55:07,455 - INFO - (611.429) Routing query 5 with template and idx 050_003.
2026-02-10 18:55:07,456 - INFO - 	Cluster cluster_16: Marginal SLO violation: 0.0000, Marginal cost: 0.1000 (Billed intervals before: [], after: [Interval(611.4287269289134, 671.4287269289134, {'query_ids': {'unknown'}})])
2026-02-10 18:55:07,457 - INFO - 	Cluster cluster_16b: Marginal SLO violation: 0.0000, Marginal cost: 0.1000 (Billed intervals before: [], after: [Interval(611.4287269289134, 671.4287269289134, {'query_ids': {'unknown'}})])
2026-02-10 18:55:07,458 - INFO - 	Cluster cluster_32: Marginal SLO violation: 0.0000, Marginal cost: 0.2000 (Billed intervals before: [], after: [Interval(611.4287269289134, 671.4287269289134, {'query_ids': {'unknown'}})])
2026-02-10 18:55:07,460 - INFO - 	Cluster cluster_32b: Marginal SLO violation: 0.0000, Marginal cost: 0.2000 (Billed intervals before: [], after: [Interval(611.4287269289134, 671.4287269289134, {'query_ids': {'unknown'}})])
2026-02-10 18:55:07,466 - INFO - 	Cluster cluster_4: Marginal SLO violation: 0.0000, Marginal cost: 0.0204 (Billed intervals before: [Interval(594.9237968796954, 654.9237968796954, {'query_ids': {'unknown', 4}})], after: [Interval(594.9237968796954, 703.92377, {'query_ids': {'unknown'}})])
2026-02-10 18:55:07,469 - INFO - 	Cluster cluster_4b: Marginal SLO violation: 0.0000, Marginal cost: 0.0250 (Billed intervals before: [], after: [Interval(611.4287269289134, 671.4287269289134, {'query_ids': {'unknown'}})])
2026-02-10 18:55:07,470 - INFO - 	Cluster cluster_8: Marginal SLO violation: 0.0000, Marginal cost: 0.0500 (Billed intervals before: [], after: [Interval(611.4287269289134, 671.4287269289134, {'query_ids': {'unknown'}})])
2026-02-10 18:55:07,471 - INFO - 	Cluster cluster_8b: Marginal SLO violation: 0.0000, Marginal cost: 0.0500 (Billed intervals before: [], after: [Interval(611.4287269289134, 671.4287269289134, {'query_ids': {'unknown'}})])
2026-02-10 18:55:07,471 - INFO - Routing query 5 to cluster cluster_4. Predicted latency is 92.75s (ends at 704.18s). 
2026-02-10 18:55:07,471 - INFO - Updating predicted latencies for active queries on cluster cluster_4.
2026-02-10 18:55:07,471 - INFO - 	Query 4: Old: 53.99s, Pred: 36.27s, New: 53.99s (ends at 648.91s)
2026-02-10 18:55:07,471 - INFO - (648.911) Query 4 completed on cluster cluster_4 with latency 53.99s.
2026-02-10 18:55:07,471 - INFO - (697.691) Routing query 6 with template and idx 055_002.
2026-02-10 18:55:07,473 - INFO - 	Cluster cluster_16: Marginal SLO violation: 0.0000, Marginal cost: 0.1000 (Billed intervals before: [], after: [Interval(697.691475174455, 757.691475174455, {'query_ids': {'unknown'}})])
2026-02-10 18:55:07,474 - INFO - 	Cluster cluster_16b: Marginal SLO violation: 0.0000, Marginal cost: 0.1000 (Billed intervals before: [], after: [Interval(697.691475174455, 757.691475174455, {'query_ids': {'unknown'}})])
2026-02-10 18:55:07,475 - INFO - 	Cluster cluster_32: Marginal SLO violation: 0.0000, Marginal cost: 0.2000 (Billed intervals before: [], after: [Interval(697.691475174455, 757.691475174455, {'query_ids': {'unknown'}})])
2026-02-10 18:55:07,476 - INFO - 	Cluster cluster_32b: Marginal SLO violation: 0.0000, Marginal cost: 0.2000 (Billed intervals before: [], after: [Interval(697.691475174455, 757.691475174455, {'query_ids': {'unknown'}})])
2026-02-10 18:55:07,480 - INFO - 	Cluster cluster_4: Marginal SLO violation: 0.0000, Marginal cost: 0.0358 (Billed intervals before: [Interval(594.9237968796954, 703.92377, {'query_ids': {'unknown', 5}})], after: [Interval(594.9237968796954, 789.92377, {'query_ids': {'unknown'}})])
2026-02-10 18:55:07,483 - INFO - 	Cluster cluster_4b: Marginal SLO violation: 0.0000, Marginal cost: 0.0250 (Billed intervals before: [], after: [Interval(697.691475174455, 757.691475174455, {'query_ids': {'unknown'}})])
2026-02-10 18:55:07,484 - INFO - 	Cluster cluster_8: Marginal SLO violation: 0.0000, Marginal cost: 0.0500 (Billed intervals before: [], after: [Interval(697.691475174455, 757.691475174455, {'query_ids': {'unknown'}})])
2026-02-10 18:55:07,485 - INFO - 	Cluster cluster_8b: Marginal SLO violation: 0.0000, Marginal cost: 0.0500 (Billed intervals before: [], after: [Interval(697.691475174455, 757.691475174455, {'query_ids': {'unknown'}})])
2026-02-10 18:55:07,485 - INFO - Routing query 6 to cluster cluster_4b. Predicted latency is 1.16s (ends at 698.85s). 
2026-02-10 18:55:07,485 - INFO - (704.177) Query 5 completed on cluster cluster_4 with latency 92.75s.
2026-02-10 18:55:07,486 - INFO - (698.855) Query 6 completed on cluster cluster_4b with latency 1.16s.
2026-02-10 18:55:07,486 - INFO - (821.743) Routing query 7 with template and idx 005_001.
2026-02-10 18:55:07,487 - INFO - 	Cluster cluster_16: Marginal SLO violation: 0.0000, Marginal cost: 0.1000 (Billed intervals before: [], after: [Interval(821.7431674557305, 881.7431674557305, {'query_ids': {'unknown'}})])
2026-02-10 18:55:07,488 - INFO - 	Cluster cluster_16b: Marginal SLO violation: 0.0000, Marginal cost: 0.1000 (Billed intervals before: [], after: [Interval(821.7431674557305, 881.7431674557305, {'query_ids': {'unknown'}})])
2026-02-10 18:55:07,489 - INFO - 	Cluster cluster_32: Marginal SLO violation: 0.0000, Marginal cost: 0.2000 (Billed intervals before: [], after: [Interval(821.7431674557305, 881.7431674557305, {'query_ids': {'unknown'}})])
2026-02-10 18:55:07,490 - INFO - 	Cluster cluster_32b: Marginal SLO violation: 0.0000, Marginal cost: 0.2000 (Billed intervals before: [], after: [Interval(821.7431674557305, 881.7431674557305, {'query_ids': {'unknown'}})])
2026-02-10 18:55:07,492 - INFO - 	Cluster cluster_4: Marginal SLO violation: 0.0000, Marginal cost: 0.0250 (Billed intervals before: [], after: [Interval(821.7431674557305, 881.7431674557305, {'query_ids': {'unknown'}})])
2026-02-10 18:55:07,495 - INFO - 	Cluster cluster_4b: Marginal SLO violation: 0.0000, Marginal cost: 0.0250 (Billed intervals before: [], after: [Interval(821.7431674557305, 881.7431674557305, {'query_ids': {'unknown'}})])
2026-02-10 18:55:07,496 - INFO - 	Cluster cluster_8: Marginal SLO violation: 0.0000, Marginal cost: 0.0500 (Billed intervals before: [], after: [Interval(821.7431674557305, 881.7431674557305, {'query_ids': {'unknown'}})])
2026-02-10 18:55:07,497 - INFO - 	Cluster cluster_8b: Marginal SLO violation: 0.0000, Marginal cost: 0.0500 (Billed intervals before: [], after: [Interval(821.7431674557305, 881.7431674557305, {'query_ids': {'unknown'}})])
2026-02-10 18:55:07,497 - INFO - Routing query 7 to cluster cluster_4. Predicted latency is 19.08s (ends at 840.83s). 
2026-02-10 18:55:07,497 - INFO - (840.825) Query 7 completed on cluster cluster_4 with latency 19.08s.
2026-02-10 18:55:07,497 - INFO - (856.258) Routing query 8 with template and idx 027_001.
2026-02-10 18:55:07,498 - INFO - 	Cluster cluster_16: Marginal SLO violation: 0.0000, Marginal cost: 0.1000 (Billed intervals before: [], after: [Interval(856.2582762829231, 916.2582762829231, {'query_ids': {'unknown'}})])
2026-02-10 18:55:07,500 - INFO - 	Cluster cluster_16b: Marginal SLO violation: 0.0000, Marginal cost: 0.1000 (Billed intervals before: [], after: [Interval(856.2582762829231, 916.2582762829231, {'query_ids': {'unknown'}})])
2026-02-10 18:55:07,501 - INFO - 	Cluster cluster_32: Marginal SLO violation: 0.0000, Marginal cost: 0.2000 (Billed intervals before: [], after: [Interval(856.2582762829231, 916.2582762829231, {'query_ids': {'unknown'}})])
2026-02-10 18:55:07,502 - INFO - 	Cluster cluster_32b: Marginal SLO violation: 0.0000, Marginal cost: 0.2000 (Billed intervals before: [], after: [Interval(856.2582762829231, 916.2582762829231, {'query_ids': {'unknown'}})])
2026-02-10 18:55:07,502 - INFO - 	Cluster cluster_4: Marginal SLO violation: 0.0000, Marginal cost: 0.0125 (Billed intervals before: [Interval(821.7431674557305, 881.7431674557305, {'query_ids': {'unknown'}})], after: [Interval(821.7431674557305, 911.7431674557305, {'query_ids': {'unknown'}})])
2026-02-10 18:55:07,503 - INFO - 	Cluster cluster_4b: Marginal SLO violation: 0.0000, Marginal cost: 0.0250 (Billed intervals before: [], after: [Interval(856.2582762829231, 916.2582762829231, {'query_ids': {'unknown'}})])
2026-02-10 18:55:07,504 - INFO - 	Cluster cluster_8: Marginal SLO violation: 0.0000, Marginal cost: 0.0500 (Billed intervals before: [], after: [Interval(856.2582762829231, 916.2582762829231, {'query_ids': {'unknown'}})])
2026-02-10 18:55:07,504 - INFO - 	Cluster cluster_8b: Marginal SLO violation: 0.0000, Marginal cost: 0.0500 (Billed intervals before: [], after: [Interval(856.2582762829231, 916.2582762829231, {'query_ids': {'unknown'}})])
2026-02-10 18:55:07,504 - INFO - Routing query 8 to cluster cluster_4. Predicted latency is 56.02s (ends at 912.28s). 
2026-02-10 18:55:07,505 - INFO - (912.283) Query 8 completed on cluster cluster_4 with latency 56.02s.
2026-02-10 18:55:07,505 - INFO - (940.220) Routing query 9 with template and idx 070_003.
2026-02-10 18:55:07,505 - INFO - 	Cluster cluster_16: Marginal SLO violation: 0.0000, Marginal cost: 0.1000 (Billed intervals before: [], after: [Interval(940.2199548877949, 1000.2199548877949, {'query_ids': {'unknown'}})])
2026-02-10 18:55:07,506 - INFO - 	Cluster cluster_16b: Marginal SLO violation: 0.0000, Marginal cost: 0.1000 (Billed intervals before: [], after: [Interval(940.2199548877949, 1000.2199548877949, {'query_ids': {'unknown'}})])
2026-02-10 18:55:07,507 - INFO - 	Cluster cluster_32: Marginal SLO violation: 0.0000, Marginal cost: 0.2000 (Billed intervals before: [], after: [Interval(940.2199548877949, 1000.2199548877949, {'query_ids': {'unknown'}})])
2026-02-10 18:55:07,507 - INFO - 	Cluster cluster_32b: Marginal SLO violation: 0.0000, Marginal cost: 0.2000 (Billed intervals before: [], after: [Interval(940.2199548877949, 1000.2199548877949, {'query_ids': {'unknown'}})])
2026-02-10 18:55:07,508 - INFO - 	Cluster cluster_4: Marginal SLO violation: 0.0000, Marginal cost: 0.0250 (Billed intervals before: [], after: [Interval(940.2199548877949, 1000.2199548877949, {'query_ids': {'unknown'}})])
2026-02-10 18:55:07,509 - INFO - 	Cluster cluster_4b: Marginal SLO violation: 0.0000, Marginal cost: 0.0250 (Billed intervals before: [], after: [Interval(940.2199548877949, 1000.2199548877949, {'query_ids': {'unknown'}})])
2026-02-10 18:55:07,509 - INFO - 	Cluster cluster_8: Marginal SLO violation: 0.0000, Marginal cost: 0.0500 (Billed intervals before: [], after: [Interval(940.2199548877949, 1000.2199548877949, {'query_ids': {'unknown'}})])
2026-02-10 18:55:07,510 - INFO - 	Cluster cluster_8b: Marginal SLO violation: 0.0000, Marginal cost: 0.0500 (Billed intervals before: [], after: [Interval(940.2199548877949, 1000.2199548877949, {'query_ids': {'unknown'}})])
2026-02-10 18:55:07,510 - INFO - Routing query 9 to cluster cluster_4. Predicted latency is 20.51s (ends at 960.73s). 
2026-02-10 18:55:07,510 - INFO - (960.729) Query 9 completed on cluster cluster_4 with latency 20.51s.
2026-02-10 18:55:07,510 - INFO - (1042.718) Routing query 10 with template and idx 010_003.
2026-02-10 18:55:07,511 - INFO - 	Cluster cluster_16: Marginal SLO violation: 0.0000, Marginal cost: 0.1000 (Billed intervals before: [], after: [Interval(1042.7183299001983, 1102.7183299001983, {'query_ids': {'unknown'}})])
2026-02-10 18:55:07,512 - INFO - 	Cluster cluster_16b: Marginal SLO violation: 0.0000, Marginal cost: 0.1000 (Billed intervals before: [], after: [Interval(1042.7183299001983, 1102.7183299001983, {'query_ids': {'unknown'}})])
2026-02-10 18:55:07,512 - INFO - 	Cluster cluster_32: Marginal SLO violation: 0.0000, Marginal cost: 0.2000 (Billed intervals before: [], after: [Interval(1042.7183299001983, 1102.7183299001983, {'query_ids': {'unknown'}})])
2026-02-10 18:55:07,513 - INFO - 	Cluster cluster_32b: Marginal SLO violation: 0.0000, Marginal cost: 0.2000 (Billed intervals before: [], after: [Interval(1042.7183299001983, 1102.7183299001983, {'query_ids': {'unknown'}})])
2026-02-10 18:55:07,514 - INFO - 	Cluster cluster_4: Marginal SLO violation: 0.0000, Marginal cost: 0.0250 (Billed intervals before: [], after: [Interval(1042.7183299001983, 1102.7183299001983, {'query_ids': {'unknown'}})])
2026-02-10 18:55:07,514 - INFO - 	Cluster cluster_4b: Marginal SLO violation: 0.0000, Marginal cost: 0.0250 (Billed intervals before: [], after: [Interval(1042.7183299001983, 1102.7183299001983, {'query_ids': {'unknown'}})])
2026-02-10 18:55:07,515 - INFO - 	Cluster cluster_8: Marginal SLO violation: 0.0000, Marginal cost: 0.0500 (Billed intervals before: [], after: [Interval(1042.7183299001983, 1102.7183299001983, {'query_ids': {'unknown'}})])
2026-02-10 18:55:07,516 - INFO - 	Cluster cluster_8b: Marginal SLO violation: 0.0000, Marginal cost: 0.0500 (Billed intervals before: [], after: [Interval(1042.7183299001983, 1102.7183299001983, {'query_ids': {'unknown'}})])
2026-02-10 18:55:07,516 - INFO - Routing query 10 to cluster cluster_4. Predicted latency is 6.66s (ends at 1049.38s). 
2026-02-10 18:55:07,516 - INFO - (1049.376) Query 10 completed on cluster cluster_4 with latency 6.66s.
2026-02-10 18:55:07,516 - INFO - (1139.530) Routing query 11 with template and idx 006_002.
2026-02-10 18:55:07,517 - INFO - 	Cluster cluster_16: Marginal SLO violation: 0.0000, Marginal cost: 0.1000 (Billed intervals before: [], after: [Interval(1139.529952866325, 1199.529952866325, {'query_ids': {'unknown'}})])
2026-02-10 18:55:07,517 - INFO - 	Cluster cluster_16b: Marginal SLO violation: 0.0000, Marginal cost: 0.1000 (Billed intervals before: [], after: [Interval(1139.529952866325, 1199.529952866325, {'query_ids': {'unknown'}})])
2026-02-10 18:55:07,518 - INFO - 	Cluster cluster_32: Marginal SLO violation: 0.0000, Marginal cost: 0.2000 (Billed intervals before: [], after: [Interval(1139.529952866325, 1199.529952866325, {'query_ids': {'unknown'}})])
2026-02-10 18:55:07,519 - INFO - 	Cluster cluster_32b: Marginal SLO violation: 0.0000, Marginal cost: 0.2000 (Billed intervals before: [], after: [Interval(1139.529952866325, 1199.529952866325, {'query_ids': {'unknown'}})])
2026-02-10 18:55:07,519 - INFO - 	Cluster cluster_4: Marginal SLO violation: 0.0000, Marginal cost: 0.0250 (Billed intervals before: [], after: [Interval(1139.529952866325, 1199.529952866325, {'query_ids': {'unknown'}})])
2026-02-10 18:55:07,520 - INFO - 	Cluster cluster_4b: Marginal SLO violation: 0.0000, Marginal cost: 0.0250 (Billed intervals before: [], after: [Interval(1139.529952866325, 1199.529952866325, {'query_ids': {'unknown'}})])
2026-02-10 18:55:07,521 - INFO - 	Cluster cluster_8: Marginal SLO violation: 0.0000, Marginal cost: 0.0500 (Billed intervals before: [], after: [Interval(1139.529952866325, 1199.529952866325, {'query_ids': {'unknown'}})])
2026-02-10 18:55:07,521 - INFO - 	Cluster cluster_8b: Marginal SLO violation: 0.0000, Marginal cost: 0.0500 (Billed intervals before: [], after: [Interval(1139.529952866325, 1199.529952866325, {'query_ids': {'unknown'}})])
2026-02-10 18:55:07,522 - INFO - Routing query 11 to cluster cluster_4. Predicted latency is 3.50s (ends at 1143.03s). 
2026-02-10 18:55:07,522 - INFO - (1143.031) Query 11 completed on cluster cluster_4 with latency 3.50s.
2026-02-10 18:55:07,522 - INFO - (1190.004) Routing query 12 with template and idx 062_002.
2026-02-10 18:55:07,522 - INFO - 	Cluster cluster_16: Marginal SLO violation: 0.0000, Marginal cost: 0.1000 (Billed intervals before: [], after: [Interval(1190.00373835082, 1250.00373835082, {'query_ids': {'unknown'}})])
2026-02-10 18:55:07,523 - INFO - 	Cluster cluster_16b: Marginal SLO violation: 0.0000, Marginal cost: 0.1000 (Billed intervals before: [], after: [Interval(1190.00373835082, 1250.00373835082, {'query_ids': {'unknown'}})])
2026-02-10 18:55:07,524 - INFO - 	Cluster cluster_32: Marginal SLO violation: 0.0000, Marginal cost: 0.2000 (Billed intervals before: [], after: [Interval(1190.00373835082, 1250.00373835082, {'query_ids': {'unknown'}})])
2026-02-10 18:55:07,524 - INFO - 	Cluster cluster_32b: Marginal SLO violation: 0.0000, Marginal cost: 0.2000 (Billed intervals before: [], after: [Interval(1190.00373835082, 1250.00373835082, {'query_ids': {'unknown'}})])
2026-02-10 18:55:07,525 - INFO - 	Cluster cluster_4: Marginal SLO violation: 0.0000, Marginal cost: 0.0000 (Billed intervals before: [Interval(1139.529952866325, 1199.529952866325, {'query_ids': {'unknown'}})], after: [Interval(1139.529952866325, 1199.529952866325, {'query_ids': {'unknown'}})])
2026-02-10 18:55:07,526 - INFO - 	Cluster cluster_4b: Marginal SLO violation: 0.0000, Marginal cost: 0.0250 (Billed intervals before: [], after: [Interval(1190.00373835082, 1250.00373835082, {'query_ids': {'unknown'}})])
2026-02-10 18:55:07,526 - INFO - 	Cluster cluster_8: Marginal SLO violation: 0.0000, Marginal cost: 0.0500 (Billed intervals before: [], after: [Interval(1190.00373835082, 1250.00373835082, {'query_ids': {'unknown'}})])
2026-02-10 18:55:07,527 - INFO - 	Cluster cluster_8b: Marginal SLO violation: 0.0000, Marginal cost: 0.0500 (Billed intervals before: [], after: [Interval(1190.00373835082, 1250.00373835082, {'query_ids': {'unknown'}})])
2026-02-10 18:55:07,527 - INFO - Routing query 12 to cluster cluster_4. Predicted latency is 8.25s (ends at 1198.25s). 
2026-02-10 18:55:07,527 - INFO - (1198.251) Query 12 completed on cluster cluster_4 with latency 8.25s.
2026-02-10 18:55:07,527 - INFO - (1282.316) Routing query 13 with template and idx 052_002.
2026-02-10 18:55:07,528 - INFO - 	Cluster cluster_16: Marginal SLO violation: 0.0000, Marginal cost: 0.1000 (Billed intervals before: [], after: [Interval(1282.315795260369, 1342.315795260369, {'query_ids': {'unknown'}})])
2026-02-10 18:55:07,529 - INFO - 	Cluster cluster_16b: Marginal SLO violation: 0.0000, Marginal cost: 0.1000 (Billed intervals before: [], after: [Interval(1282.315795260369, 1342.315795260369, {'query_ids': {'unknown'}})])
2026-02-10 18:55:07,529 - INFO - 	Cluster cluster_32: Marginal SLO violation: 0.0000, Marginal cost: 0.2000 (Billed intervals before: [], after: [Interval(1282.315795260369, 1342.315795260369, {'query_ids': {'unknown'}})])
2026-02-10 18:55:07,530 - INFO - 	Cluster cluster_32b: Marginal SLO violation: 0.0000, Marginal cost: 0.2000 (Billed intervals before: [], after: [Interval(1282.315795260369, 1342.315795260369, {'query_ids': {'unknown'}})])
2026-02-10 18:55:07,531 - INFO - 	Cluster cluster_4: Marginal SLO violation: 0.0000, Marginal cost: 0.0250 (Billed intervals before: [], after: [Interval(1282.315795260369, 1342.315795260369, {'query_ids': {'unknown'}})])
2026-02-10 18:55:07,531 - INFO - 	Cluster cluster_4b: Marginal SLO violation: 0.0000, Marginal cost: 0.0250 (Billed intervals before: [], after: [Interval(1282.315795260369, 1342.315795260369, {'query_ids': {'unknown'}})])
2026-02-10 18:55:07,532 - INFO - 	Cluster cluster_8: Marginal SLO violation: 0.0000, Marginal cost: 0.0500 (Billed intervals before: [], after: [Interval(1282.315795260369, 1342.315795260369, {'query_ids': {'unknown'}})])
2026-02-10 18:55:07,533 - INFO - 	Cluster cluster_8b: Marginal SLO violation: 0.0000, Marginal cost: 0.0500 (Billed intervals before: [], after: [Interval(1282.315795260369, 1342.315795260369, {'query_ids': {'unknown'}})])
2026-02-10 18:55:07,533 - INFO - Routing query 13 to cluster cluster_4. Predicted latency is 1.36s (ends at 1283.67s). 
2026-02-10 18:55:07,533 - INFO - (1283.672) Query 13 completed on cluster cluster_4 with latency 1.36s.
2026-02-10 18:55:07,533 - INFO - (1406.315) Routing query 14 with template and idx 018_003.
2026-02-10 18:55:07,534 - INFO - 	Cluster cluster_16: Marginal SLO violation: 0.0000, Marginal cost: 0.1000 (Billed intervals before: [], after: [Interval(1406.3152319708865, 1466.3152319708865, {'query_ids': {'unknown'}})])
2026-02-10 18:55:07,534 - INFO - 	Cluster cluster_16b: Marginal SLO violation: 0.0000, Marginal cost: 0.1000 (Billed intervals before: [], after: [Interval(1406.3152319708865, 1466.3152319708865, {'query_ids': {'unknown'}})])
2026-02-10 18:55:07,535 - INFO - 	Cluster cluster_32: Marginal SLO violation: 0.0000, Marginal cost: 0.2000 (Billed intervals before: [], after: [Interval(1406.3152319708865, 1466.3152319708865, {'query_ids': {'unknown'}})])
2026-02-10 18:55:07,536 - INFO - 	Cluster cluster_32b: Marginal SLO violation: 0.0000, Marginal cost: 0.2000 (Billed intervals before: [], after: [Interval(1406.3152319708865, 1466.3152319708865, {'query_ids': {'unknown'}})])
2026-02-10 18:55:07,536 - INFO - 	Cluster cluster_4: Marginal SLO violation: 0.0000, Marginal cost: 0.0250 (Billed intervals before: [], after: [Interval(1406.3152319708865, 1466.3152319708865, {'query_ids': {'unknown'}})])
2026-02-10 18:55:07,537 - INFO - 	Cluster cluster_4b: Marginal SLO violation: 0.0000, Marginal cost: 0.0250 (Billed intervals before: [], after: [Interval(1406.3152319708865, 1466.3152319708865, {'query_ids': {'unknown'}})])
2026-02-10 18:55:07,538 - INFO - 	Cluster cluster_8: Marginal SLO violation: 0.0000, Marginal cost: 0.0500 (Billed intervals before: [], after: [Interval(1406.3152319708865, 1466.3152319708865, {'query_ids': {'unknown'}})])
2026-02-10 18:55:07,538 - INFO - 	Cluster cluster_8b: Marginal SLO violation: 0.0000, Marginal cost: 0.0500 (Billed intervals before: [], after: [Interval(1406.3152319708865, 1466.3152319708865, {'query_ids': {'unknown'}})])
2026-02-10 18:55:07,538 - INFO - Routing query 14 to cluster cluster_4. Predicted latency is 19.35s (ends at 1425.67s). 
2026-02-10 18:55:07,539 - INFO - (1425.668) Query 14 completed on cluster cluster_4 with latency 19.35s.
2026-02-10 18:55:07,539 - INFO - (1465.770) Routing query 15 with template and idx 061_002.
2026-02-10 18:55:07,539 - INFO - 	Cluster cluster_16: Marginal SLO violation: 0.0000, Marginal cost: 0.1000 (Billed intervals before: [], after: [Interval(1465.7701113989801, 1525.7701113989801, {'query_ids': {'unknown'}})])
2026-02-10 18:55:07,540 - INFO - 	Cluster cluster_16b: Marginal SLO violation: 0.0000, Marginal cost: 0.1000 (Billed intervals before: [], after: [Interval(1465.7701113989801, 1525.7701113989801, {'query_ids': {'unknown'}})])
2026-02-10 18:55:07,541 - INFO - 	Cluster cluster_32: Marginal SLO violation: 0.0000, Marginal cost: 0.2000 (Billed intervals before: [], after: [Interval(1465.7701113989801, 1525.7701113989801, {'query_ids': {'unknown'}})])
2026-02-10 18:55:07,541 - INFO - 	Cluster cluster_32b: Marginal SLO violation: 0.0000, Marginal cost: 0.2000 (Billed intervals before: [], after: [Interval(1465.7701113989801, 1525.7701113989801, {'query_ids': {'unknown'}})])
2026-02-10 18:55:07,542 - INFO - 	Cluster cluster_4: Marginal SLO violation: 0.0000, Marginal cost: 0.0067 (Billed intervals before: [Interval(1406.3152319708865, 1466.3152319708865, {'query_ids': {'unknown'}})], after: [Interval(1406.3152319708865, 1482.3152319708865, {'query_ids': {'unknown'}})])
2026-02-10 18:55:07,543 - INFO - 	Cluster cluster_4b: Marginal SLO violation: 0.0000, Marginal cost: 0.0250 (Billed intervals before: [], after: [Interval(1465.7701113989801, 1525.7701113989801, {'query_ids': {'unknown'}})])
2026-02-10 18:55:07,543 - INFO - 	Cluster cluster_8: Marginal SLO violation: 0.0000, Marginal cost: 0.0500 (Billed intervals before: [], after: [Interval(1465.7701113989801, 1525.7701113989801, {'query_ids': {'unknown'}})])
2026-02-10 18:55:07,544 - INFO - 	Cluster cluster_8b: Marginal SLO violation: 0.0000, Marginal cost: 0.0500 (Billed intervals before: [], after: [Interval(1465.7701113989801, 1525.7701113989801, {'query_ids': {'unknown'}})])
2026-02-10 18:55:07,544 - INFO - Routing query 15 to cluster cluster_4. Predicted latency is 16.80s (ends at 1482.57s). 
2026-02-10 18:55:07,544 - INFO - (1482.569) Query 15 completed on cluster cluster_4 with latency 16.80s.
2026-02-10 18:55:07,544 - INFO - (1490.772) Routing query 16 with template and idx 070_001.
2026-02-10 18:55:07,545 - INFO - 	Cluster cluster_16: Marginal SLO violation: 0.0000, Marginal cost: 0.1000 (Billed intervals before: [], after: [Interval(1490.7724585867668, 1550.7724585867668, {'query_ids': {'unknown'}})])
2026-02-10 18:55:07,546 - INFO - 	Cluster cluster_16b: Marginal SLO violation: 0.0000, Marginal cost: 0.1000 (Billed intervals before: [], after: [Interval(1490.7724585867668, 1550.7724585867668, {'query_ids': {'unknown'}})])
2026-02-10 18:55:07,546 - INFO - 	Cluster cluster_32: Marginal SLO violation: 0.0000, Marginal cost: 0.2000 (Billed intervals before: [], after: [Interval(1490.7724585867668, 1550.7724585867668, {'query_ids': {'unknown'}})])
2026-02-10 18:55:07,547 - INFO - 	Cluster cluster_32b: Marginal SLO violation: 0.0000, Marginal cost: 0.2000 (Billed intervals before: [], after: [Interval(1490.7724585867668, 1550.7724585867668, {'query_ids': {'unknown'}})])
2026-02-10 18:55:07,548 - INFO - 	Cluster cluster_4: Marginal SLO violation: 0.0000, Marginal cost: 0.0250 (Billed intervals before: [], after: [Interval(1490.7724585867668, 1550.7724585867668, {'query_ids': {'unknown'}})])
2026-02-10 18:55:07,548 - INFO - 	Cluster cluster_4b: Marginal SLO violation: 0.0000, Marginal cost: 0.0250 (Billed intervals before: [], after: [Interval(1490.7724585867668, 1550.7724585867668, {'query_ids': {'unknown'}})])
2026-02-10 18:55:07,549 - INFO - 	Cluster cluster_8: Marginal SLO violation: 0.0000, Marginal cost: 0.0500 (Billed intervals before: [], after: [Interval(1490.7724585867668, 1550.7724585867668, {'query_ids': {'unknown'}})])
2026-02-10 18:55:07,550 - INFO - 	Cluster cluster_8b: Marginal SLO violation: 0.0000, Marginal cost: 0.0500 (Billed intervals before: [], after: [Interval(1490.7724585867668, 1550.7724585867668, {'query_ids': {'unknown'}})])
2026-02-10 18:55:07,550 - INFO - Routing query 16 to cluster cluster_4. Predicted latency is 19.46s (ends at 1510.23s). 
2026-02-10 18:55:07,550 - INFO - (1510.234) Query 16 completed on cluster cluster_4 with latency 19.46s.
2026-02-10 18:55:07,550 - INFO - (1630.217) Routing query 17 with template and idx 085_001.
2026-02-10 18:55:07,551 - INFO - 	Cluster cluster_16: Marginal SLO violation: 0.0000, Marginal cost: 0.1000 (Billed intervals before: [], after: [Interval(1630.2174967504545, 1690.2174967504545, {'query_ids': {'unknown'}})])
2026-02-10 18:55:07,551 - INFO - 	Cluster cluster_16b: Marginal SLO violation: 0.0000, Marginal cost: 0.1000 (Billed intervals before: [], after: [Interval(1630.2174967504545, 1690.2174967504545, {'query_ids': {'unknown'}})])
2026-02-10 18:55:07,552 - INFO - 	Cluster cluster_32: Marginal SLO violation: 0.0000, Marginal cost: 0.2000 (Billed intervals before: [], after: [Interval(1630.2174967504545, 1690.2174967504545, {'query_ids': {'unknown'}})])
2026-02-10 18:55:07,553 - INFO - 	Cluster cluster_32b: Marginal SLO violation: 0.0000, Marginal cost: 0.2000 (Billed intervals before: [], after: [Interval(1630.2174967504545, 1690.2174967504545, {'query_ids': {'unknown'}})])
2026-02-10 18:55:07,553 - INFO - 	Cluster cluster_4: Marginal SLO violation: 0.0000, Marginal cost: 0.0250 (Billed intervals before: [], after: [Interval(1630.2174967504545, 1690.2174967504545, {'query_ids': {'unknown'}})])
2026-02-10 18:55:07,554 - INFO - 	Cluster cluster_4b: Marginal SLO violation: 0.0000, Marginal cost: 0.0250 (Billed intervals before: [], after: [Interval(1630.2174967504545, 1690.2174967504545, {'query_ids': {'unknown'}})])
2026-02-10 18:55:07,555 - INFO - 	Cluster cluster_8: Marginal SLO violation: 0.0000, Marginal cost: 0.0500 (Billed intervals before: [], after: [Interval(1630.2174967504545, 1690.2174967504545, {'query_ids': {'unknown'}})])
2026-02-10 18:55:07,555 - INFO - 	Cluster cluster_8b: Marginal SLO violation: 0.0000, Marginal cost: 0.0500 (Billed intervals before: [], after: [Interval(1630.2174967504545, 1690.2174967504545, {'query_ids': {'unknown'}})])
2026-02-10 18:55:07,555 - INFO - Routing query 17 to cluster cluster_4. Predicted latency is 21.51s (ends at 1651.73s). 
2026-02-10 18:55:07,556 - INFO - (1651.726) Query 17 completed on cluster cluster_4 with latency 21.51s.
2026-02-10 18:55:07,556 - INFO - (1727.113) Routing query 18 with template and idx 010_003.
2026-02-10 18:55:07,556 - INFO - 	Cluster cluster_16: Marginal SLO violation: 0.0000, Marginal cost: 0.1000 (Billed intervals before: [], after: [Interval(1727.1125599254756, 1787.1125599254756, {'query_ids': {'unknown'}})])
2026-02-10 18:55:07,557 - INFO - 	Cluster cluster_16b: Marginal SLO violation: 0.0000, Marginal cost: 0.1000 (Billed intervals before: [], after: [Interval(1727.1125599254756, 1787.1125599254756, {'query_ids': {'unknown'}})])
2026-02-10 18:55:07,558 - INFO - 	Cluster cluster_32: Marginal SLO violation: 0.0000, Marginal cost: 0.2000 (Billed intervals before: [], after: [Interval(1727.1125599254756, 1787.1125599254756, {'query_ids': {'unknown'}})])
2026-02-10 18:55:07,558 - INFO - 	Cluster cluster_32b: Marginal SLO violation: 0.0000, Marginal cost: 0.2000 (Billed intervals before: [], after: [Interval(1727.1125599254756, 1787.1125599254756, {'query_ids': {'unknown'}})])
2026-02-10 18:55:07,559 - INFO - 	Cluster cluster_4: Marginal SLO violation: 0.0000, Marginal cost: 0.0250 (Billed intervals before: [], after: [Interval(1727.1125599254756, 1787.1125599254756, {'query_ids': {'unknown'}})])
2026-02-10 18:55:07,560 - INFO - 	Cluster cluster_4b: Marginal SLO violation: 0.0000, Marginal cost: 0.0250 (Billed intervals before: [], after: [Interval(1727.1125599254756, 1787.1125599254756, {'query_ids': {'unknown'}})])
2026-02-10 18:55:07,560 - INFO - 	Cluster cluster_8: Marginal SLO violation: 0.0000, Marginal cost: 0.0500 (Billed intervals before: [], after: [Interval(1727.1125599254756, 1787.1125599254756, {'query_ids': {'unknown'}})])
2026-02-10 18:55:07,561 - INFO - 	Cluster cluster_8b: Marginal SLO violation: 0.0000, Marginal cost: 0.0500 (Billed intervals before: [], after: [Interval(1727.1125599254756, 1787.1125599254756, {'query_ids': {'unknown'}})])
2026-02-10 18:55:07,561 - INFO - Routing query 18 to cluster cluster_4. Predicted latency is 6.66s (ends at 1733.77s). 
2026-02-10 18:55:07,561 - INFO - (1733.770) Query 18 completed on cluster cluster_4 with latency 6.66s.
2026-02-10 18:55:07,561 - INFO - (1882.040) Routing query 19 with template and idx 040_003.
2026-02-10 18:55:07,562 - INFO - 	Cluster cluster_16: Marginal SLO violation: 0.0000, Marginal cost: 0.1000 (Billed intervals before: [], after: [Interval(1882.039927608258, 1942.039927608258, {'query_ids': {'unknown'}})])
2026-02-10 18:55:07,563 - INFO - 	Cluster cluster_16b: Marginal SLO violation: 0.0000, Marginal cost: 0.1000 (Billed intervals before: [], after: [Interval(1882.039927608258, 1942.039927608258, {'query_ids': {'unknown'}})])
2026-02-10 18:55:07,563 - INFO - 	Cluster cluster_32: Marginal SLO violation: 0.0000, Marginal cost: 0.2000 (Billed intervals before: [], after: [Interval(1882.039927608258, 1942.039927608258, {'query_ids': {'unknown'}})])
2026-02-10 18:55:07,564 - INFO - 	Cluster cluster_32b: Marginal SLO violation: 0.0000, Marginal cost: 0.2000 (Billed intervals before: [], after: [Interval(1882.039927608258, 1942.039927608258, {'query_ids': {'unknown'}})])
2026-02-10 18:55:07,565 - INFO - 	Cluster cluster_4: Marginal SLO violation: 0.0000, Marginal cost: 0.0250 (Billed intervals before: [], after: [Interval(1882.039927608258, 1942.039927608258, {'query_ids': {'unknown'}})])
2026-02-10 18:55:07,565 - INFO - 	Cluster cluster_4b: Marginal SLO violation: 0.0000, Marginal cost: 0.0250 (Billed intervals before: [], after: [Interval(1882.039927608258, 1942.039927608258, {'query_ids': {'unknown'}})])
2026-02-10 18:55:07,566 - INFO - 	Cluster cluster_8: Marginal SLO violation: 0.0000, Marginal cost: 0.0500 (Billed intervals before: [], after: [Interval(1882.039927608258, 1942.039927608258, {'query_ids': {'unknown'}})])
2026-02-10 18:55:07,567 - INFO - 	Cluster cluster_8b: Marginal SLO violation: 0.0000, Marginal cost: 0.0500 (Billed intervals before: [], after: [Interval(1882.039927608258, 1942.039927608258, {'query_ids': {'unknown'}})])
2026-02-10 18:55:07,567 - INFO - Routing query 19 to cluster cluster_4. Predicted latency is 8.19s (ends at 1890.23s). 
2026-02-10 18:55:07,567 - INFO - (1890.227) Query 19 completed on cluster cluster_4 with latency 8.19s.
2026-02-10 18:55:07,567 - INFO - (2055.305) Routing query 20 with template and idx 049_003.
2026-02-10 18:55:07,568 - INFO - 	Cluster cluster_16: Marginal SLO violation: 0.0000, Marginal cost: 0.1000 (Billed intervals before: [], after: [Interval(2055.3048351838593, 2115.3048351838593, {'query_ids': {'unknown'}})])
2026-02-10 18:55:07,568 - INFO - 	Cluster cluster_16b: Marginal SLO violation: 0.0000, Marginal cost: 0.1000 (Billed intervals before: [], after: [Interval(2055.3048351838593, 2115.3048351838593, {'query_ids': {'unknown'}})])
2026-02-10 18:55:07,569 - INFO - 	Cluster cluster_32: Marginal SLO violation: 0.0000, Marginal cost: 0.2000 (Billed intervals before: [], after: [Interval(2055.3048351838593, 2115.3048351838593, {'query_ids': {'unknown'}})])
2026-02-10 18:55:07,570 - INFO - 	Cluster cluster_32b: Marginal SLO violation: 0.0000, Marginal cost: 0.2000 (Billed intervals before: [], after: [Interval(2055.3048351838593, 2115.3048351838593, {'query_ids': {'unknown'}})])
2026-02-10 18:55:07,570 - INFO - 	Cluster cluster_4: Marginal SLO violation: 0.0000, Marginal cost: 0.0250 (Billed intervals before: [], after: [Interval(2055.3048351838593, 2115.3048351838593, {'query_ids': {'unknown'}})])
2026-02-10 18:55:07,571 - INFO - 	Cluster cluster_4b: Marginal SLO violation: 0.0000, Marginal cost: 0.0250 (Billed intervals before: [], after: [Interval(2055.3048351838593, 2115.3048351838593, {'query_ids': {'unknown'}})])
2026-02-10 18:55:07,571 - INFO - 	Cluster cluster_8: Marginal SLO violation: 0.0000, Marginal cost: 0.0500 (Billed intervals before: [], after: [Interval(2055.3048351838593, 2115.3048351838593, {'query_ids': {'unknown'}})])
2026-02-10 18:55:07,572 - INFO - 	Cluster cluster_8b: Marginal SLO violation: 0.0000, Marginal cost: 0.0500 (Billed intervals before: [], after: [Interval(2055.3048351838593, 2115.3048351838593, {'query_ids': {'unknown'}})])
2026-02-10 18:55:07,572 - INFO - Routing query 20 to cluster cluster_4. Predicted latency is 38.67s (ends at 2093.97s). 
2026-02-10 18:55:07,572 - INFO - (2093.970) Query 20 completed on cluster cluster_4 with latency 38.67s.
2026-02-10 18:55:07,572 - INFO - (2165.213) Routing query 21 with template and idx 029_002.
2026-02-10 18:55:07,573 - INFO - 	Cluster cluster_16: Marginal SLO violation: 0.0000, Marginal cost: 0.1000 (Billed intervals before: [], after: [Interval(2165.212529897914, 2225.212529897914, {'query_ids': {'unknown'}})])
2026-02-10 18:55:07,574 - INFO - 	Cluster cluster_16b: Marginal SLO violation: 0.0000, Marginal cost: 0.1000 (Billed intervals before: [], after: [Interval(2165.212529897914, 2225.212529897914, {'query_ids': {'unknown'}})])
2026-02-10 18:55:07,574 - INFO - 	Cluster cluster_32: Marginal SLO violation: 0.0000, Marginal cost: 0.2000 (Billed intervals before: [], after: [Interval(2165.212529897914, 2225.212529897914, {'query_ids': {'unknown'}})])
2026-02-10 18:55:07,575 - INFO - 	Cluster cluster_32b: Marginal SLO violation: 0.0000, Marginal cost: 0.2000 (Billed intervals before: [], after: [Interval(2165.212529897914, 2225.212529897914, {'query_ids': {'unknown'}})])
2026-02-10 18:55:07,576 - INFO - 	Cluster cluster_4: Marginal SLO violation: 0.0000, Marginal cost: 0.0250 (Billed intervals before: [], after: [Interval(2165.212529897914, 2225.212529897914, {'query_ids': {'unknown'}})])
2026-02-10 18:55:07,576 - INFO - 	Cluster cluster_4b: Marginal SLO violation: 0.0000, Marginal cost: 0.0250 (Billed intervals before: [], after: [Interval(2165.212529897914, 2225.212529897914, {'query_ids': {'unknown'}})])
2026-02-10 18:55:07,577 - INFO - 	Cluster cluster_8: Marginal SLO violation: 0.0000, Marginal cost: 0.0500 (Billed intervals before: [], after: [Interval(2165.212529897914, 2225.212529897914, {'query_ids': {'unknown'}})])
2026-02-10 18:55:07,578 - INFO - 	Cluster cluster_8b: Marginal SLO violation: 0.0000, Marginal cost: 0.0500 (Billed intervals before: [], after: [Interval(2165.212529897914, 2225.212529897914, {'query_ids': {'unknown'}})])
2026-02-10 18:55:07,578 - INFO - Routing query 21 to cluster cluster_4. Predicted latency is 50.13s (ends at 2215.34s). 
2026-02-10 18:55:07,578 - INFO - (2215.342) Query 21 completed on cluster cluster_4 with latency 50.13s.
2026-02-10 18:55:07,578 - INFO - (2355.099) Routing query 22 with template and idx 052_002.
2026-02-10 18:55:07,579 - INFO - 	Cluster cluster_16: Marginal SLO violation: 0.0000, Marginal cost: 0.1000 (Billed intervals before: [], after: [Interval(2355.0986486281854, 2415.0986486281854, {'query_ids': {'unknown'}})])
2026-02-10 18:55:07,579 - INFO - 	Cluster cluster_16b: Marginal SLO violation: 0.0000, Marginal cost: 0.1000 (Billed intervals before: [], after: [Interval(2355.0986486281854, 2415.0986486281854, {'query_ids': {'unknown'}})])
2026-02-10 18:55:07,580 - INFO - 	Cluster cluster_32: Marginal SLO violation: 0.0000, Marginal cost: 0.2000 (Billed intervals before: [], after: [Interval(2355.0986486281854, 2415.0986486281854, {'query_ids': {'unknown'}})])
2026-02-10 18:55:07,581 - INFO - 	Cluster cluster_32b: Marginal SLO violation: 0.0000, Marginal cost: 0.2000 (Billed intervals before: [], after: [Interval(2355.0986486281854, 2415.0986486281854, {'query_ids': {'unknown'}})])
2026-02-10 18:55:07,582 - INFO - 	Cluster cluster_4: Marginal SLO violation: 0.0000, Marginal cost: 0.0250 (Billed intervals before: [], after: [Interval(2355.0986486281854, 2415.0986486281854, {'query_ids': {'unknown'}})])
2026-02-10 18:55:07,582 - INFO - 	Cluster cluster_4b: Marginal SLO violation: 0.0000, Marginal cost: 0.0250 (Billed intervals before: [], after: [Interval(2355.0986486281854, 2415.0986486281854, {'query_ids': {'unknown'}})])
2026-02-10 18:55:07,583 - INFO - 	Cluster cluster_8: Marginal SLO violation: 0.0000, Marginal cost: 0.0500 (Billed intervals before: [], after: [Interval(2355.0986486281854, 2415.0986486281854, {'query_ids': {'unknown'}})])
2026-02-10 18:55:07,584 - INFO - 	Cluster cluster_8b: Marginal SLO violation: 0.0000, Marginal cost: 0.0500 (Billed intervals before: [], after: [Interval(2355.0986486281854, 2415.0986486281854, {'query_ids': {'unknown'}})])
2026-02-10 18:55:07,584 - INFO - Routing query 22 to cluster cluster_4. Predicted latency is 1.36s (ends at 2356.46s). 
2026-02-10 18:55:07,584 - INFO - (2356.455) Query 22 completed on cluster cluster_4 with latency 1.36s.
2026-02-10 18:55:07,584 - INFO - (2470.778) Routing query 23 with template and idx 093_003.
2026-02-10 18:55:07,585 - INFO - 	Cluster cluster_16: Marginal SLO violation: 0.0000, Marginal cost: 0.1000 (Billed intervals before: [], after: [Interval(2470.7780413333653, 2530.7780413333653, {'query_ids': {'unknown'}})])
2026-02-10 18:55:07,585 - INFO - 	Cluster cluster_16b: Marginal SLO violation: 0.0000, Marginal cost: 0.1000 (Billed intervals before: [], after: [Interval(2470.7780413333653, 2530.7780413333653, {'query_ids': {'unknown'}})])
2026-02-10 18:55:07,586 - INFO - 	Cluster cluster_32: Marginal SLO violation: 0.0000, Marginal cost: 0.2000 (Billed intervals before: [], after: [Interval(2470.7780413333653, 2530.7780413333653, {'query_ids': {'unknown'}})])
2026-02-10 18:55:07,587 - INFO - 	Cluster cluster_32b: Marginal SLO violation: 0.0000, Marginal cost: 0.2000 (Billed intervals before: [], after: [Interval(2470.7780413333653, 2530.7780413333653, {'query_ids': {'unknown'}})])
2026-02-10 18:55:07,587 - INFO - 	Cluster cluster_4: Marginal SLO violation: 0.0000, Marginal cost: 0.0263 (Billed intervals before: [], after: [Interval(2470.7780413333653, 2533.7780413333653, {'query_ids': {'unknown'}})])
2026-02-10 18:55:07,588 - INFO - 	Cluster cluster_4b: Marginal SLO violation: 0.0000, Marginal cost: 0.0263 (Billed intervals before: [], after: [Interval(2470.7780413333653, 2533.7780413333653, {'query_ids': {'unknown'}})])
2026-02-10 18:55:07,589 - INFO - 	Cluster cluster_8: Marginal SLO violation: 0.0000, Marginal cost: 0.0500 (Billed intervals before: [], after: [Interval(2470.7780413333653, 2530.7780413333653, {'query_ids': {'unknown'}})])
2026-02-10 18:55:07,589 - INFO - 	Cluster cluster_8b: Marginal SLO violation: 0.0000, Marginal cost: 0.0500 (Billed intervals before: [], after: [Interval(2470.7780413333653, 2530.7780413333653, {'query_ids': {'unknown'}})])
2026-02-10 18:55:07,589 - INFO - Routing query 23 to cluster cluster_4. Predicted latency is 63.58s (ends at 2534.36s). 
2026-02-10 18:55:07,590 - INFO - (2534.356) Query 23 completed on cluster cluster_4 with latency 63.58s.
2026-02-10 18:55:07,590 - INFO - (2650.990) Routing query 24 with template and idx 018_003.
2026-02-10 18:55:07,590 - INFO - 	Cluster cluster_16: Marginal SLO violation: 0.0000, Marginal cost: 0.1000 (Billed intervals before: [], after: [Interval(2650.9900152068867, 2710.9900152068867, {'query_ids': {'unknown'}})])
2026-02-10 18:55:07,591 - INFO - 	Cluster cluster_16b: Marginal SLO violation: 0.0000, Marginal cost: 0.1000 (Billed intervals before: [], after: [Interval(2650.9900152068867, 2710.9900152068867, {'query_ids': {'unknown'}})])
2026-02-10 18:55:07,592 - INFO - 	Cluster cluster_32: Marginal SLO violation: 0.0000, Marginal cost: 0.2000 (Billed intervals before: [], after: [Interval(2650.9900152068867, 2710.9900152068867, {'query_ids': {'unknown'}})])
2026-02-10 18:55:07,592 - INFO - 	Cluster cluster_32b: Marginal SLO violation: 0.0000, Marginal cost: 0.2000 (Billed intervals before: [], after: [Interval(2650.9900152068867, 2710.9900152068867, {'query_ids': {'unknown'}})])
2026-02-10 18:55:07,593 - INFO - 	Cluster cluster_4: Marginal SLO violation: 0.0000, Marginal cost: 0.0250 (Billed intervals before: [], after: [Interval(2650.9900152068867, 2710.9900152068867, {'query_ids': {'unknown'}})])
2026-02-10 18:55:07,594 - INFO - 	Cluster cluster_4b: Marginal SLO violation: 0.0000, Marginal cost: 0.0250 (Billed intervals before: [], after: [Interval(2650.9900152068867, 2710.9900152068867, {'query_ids': {'unknown'}})])
2026-02-10 18:55:07,594 - INFO - 	Cluster cluster_8: Marginal SLO violation: 0.0000, Marginal cost: 0.0500 (Billed intervals before: [], after: [Interval(2650.9900152068867, 2710.9900152068867, {'query_ids': {'unknown'}})])
2026-02-10 18:55:07,595 - INFO - 	Cluster cluster_8b: Marginal SLO violation: 0.0000, Marginal cost: 0.0500 (Billed intervals before: [], after: [Interval(2650.9900152068867, 2710.9900152068867, {'query_ids': {'unknown'}})])
2026-02-10 18:55:07,595 - INFO - Routing query 24 to cluster cluster_4. Predicted latency is 19.35s (ends at 2670.34s). 
2026-02-10 18:55:07,595 - INFO - (2670.343) Query 24 completed on cluster cluster_4 with latency 19.35s.
2026-02-10 18:55:07,595 - INFO - (2761.958) Routing query 25 with template and idx 060_001.
2026-02-10 18:55:07,596 - INFO - 	Cluster cluster_16: Marginal SLO violation: 0.0000, Marginal cost: 0.1000 (Billed intervals before: [], after: [Interval(2761.9579837112997, 2821.9579837112997, {'query_ids': {'unknown'}})])
2026-02-10 18:55:07,597 - INFO - 	Cluster cluster_16b: Marginal SLO violation: 0.0000, Marginal cost: 0.1000 (Billed intervals before: [], after: [Interval(2761.9579837112997, 2821.9579837112997, {'query_ids': {'unknown'}})])
2026-02-10 18:55:07,597 - INFO - 	Cluster cluster_32: Marginal SLO violation: 0.0000, Marginal cost: 0.2000 (Billed intervals before: [], after: [Interval(2761.9579837112997, 2821.9579837112997, {'query_ids': {'unknown'}})])
2026-02-10 18:55:07,598 - INFO - 	Cluster cluster_32b: Marginal SLO violation: 0.0000, Marginal cost: 0.2000 (Billed intervals before: [], after: [Interval(2761.9579837112997, 2821.9579837112997, {'query_ids': {'unknown'}})])
2026-02-10 18:55:07,599 - INFO - 	Cluster cluster_4: Marginal SLO violation: 0.0000, Marginal cost: 0.0250 (Billed intervals before: [], after: [Interval(2761.9579837112997, 2821.9579837112997, {'query_ids': {'unknown'}})])
2026-02-10 18:55:07,599 - INFO - 	Cluster cluster_4b: Marginal SLO violation: 0.0000, Marginal cost: 0.0250 (Billed intervals before: [], after: [Interval(2761.9579837112997, 2821.9579837112997, {'query_ids': {'unknown'}})])
2026-02-10 18:55:07,600 - INFO - 	Cluster cluster_8: Marginal SLO violation: 0.0000, Marginal cost: 0.0500 (Billed intervals before: [], after: [Interval(2761.9579837112997, 2821.9579837112997, {'query_ids': {'unknown'}})])
2026-02-10 18:55:07,601 - INFO - 	Cluster cluster_8b: Marginal SLO violation: 0.0000, Marginal cost: 0.0500 (Billed intervals before: [], after: [Interval(2761.9579837112997, 2821.9579837112997, {'query_ids': {'unknown'}})])
2026-02-10 18:55:07,601 - INFO - Routing query 25 to cluster cluster_4. Predicted latency is 10.65s (ends at 2772.61s). 
2026-02-10 18:55:07,601 - INFO - (2772.611) Query 25 completed on cluster cluster_4 with latency 10.65s.
2026-02-10 18:55:07,601 - INFO - (2824.025) Routing query 26 with template and idx 029_003.
2026-02-10 18:55:07,602 - INFO - 	Cluster cluster_16: Marginal SLO violation: 0.0000, Marginal cost: 0.1000 (Billed intervals before: [], after: [Interval(2824.024523397601, 2884.024523397601, {'query_ids': {'unknown'}})])
2026-02-10 18:55:07,602 - INFO - 	Cluster cluster_16b: Marginal SLO violation: 0.0000, Marginal cost: 0.1000 (Billed intervals before: [], after: [Interval(2824.024523397601, 2884.024523397601, {'query_ids': {'unknown'}})])
2026-02-10 18:55:07,603 - INFO - 	Cluster cluster_32: Marginal SLO violation: 0.0000, Marginal cost: 0.2000 (Billed intervals before: [], after: [Interval(2824.024523397601, 2884.024523397601, {'query_ids': {'unknown'}})])
2026-02-10 18:55:07,604 - INFO - 	Cluster cluster_32b: Marginal SLO violation: 0.0000, Marginal cost: 0.2000 (Billed intervals before: [], after: [Interval(2824.024523397601, 2884.024523397601, {'query_ids': {'unknown'}})])
2026-02-10 18:55:07,604 - INFO - 	Cluster cluster_4: Marginal SLO violation: 0.0000, Marginal cost: 0.0250 (Billed intervals before: [], after: [Interval(2824.024523397601, 2884.024523397601, {'query_ids': {'unknown'}})])
2026-02-10 18:55:07,605 - INFO - 	Cluster cluster_4b: Marginal SLO violation: 0.0000, Marginal cost: 0.0250 (Billed intervals before: [], after: [Interval(2824.024523397601, 2884.024523397601, {'query_ids': {'unknown'}})])
2026-02-10 18:55:07,606 - INFO - 	Cluster cluster_8: Marginal SLO violation: 0.0000, Marginal cost: 0.0500 (Billed intervals before: [], after: [Interval(2824.024523397601, 2884.024523397601, {'query_ids': {'unknown'}})])
2026-02-10 18:55:07,606 - INFO - 	Cluster cluster_8b: Marginal SLO violation: 0.0000, Marginal cost: 0.0500 (Billed intervals before: [], after: [Interval(2824.024523397601, 2884.024523397601, {'query_ids': {'unknown'}})])
2026-02-10 18:55:07,606 - INFO - Routing query 26 to cluster cluster_4. Predicted latency is 39.95s (ends at 2863.98s). 
2026-02-10 18:55:07,607 - INFO - (2863.979) Query 26 completed on cluster cluster_4 with latency 39.95s.
2026-02-10 18:55:07,607 - INFO - (3032.698) Routing query 27 with template and idx 039_003.
2026-02-10 18:55:07,607 - INFO - 	Cluster cluster_16: Marginal SLO violation: 0.0000, Marginal cost: 0.1000 (Billed intervals before: [], after: [Interval(3032.698166082092, 3092.698166082092, {'query_ids': {'unknown'}})])
2026-02-10 18:55:07,608 - INFO - 	Cluster cluster_16b: Marginal SLO violation: 0.0000, Marginal cost: 0.1000 (Billed intervals before: [], after: [Interval(3032.698166082092, 3092.698166082092, {'query_ids': {'unknown'}})])
2026-02-10 18:55:07,609 - INFO - 	Cluster cluster_32: Marginal SLO violation: 0.0000, Marginal cost: 0.2000 (Billed intervals before: [], after: [Interval(3032.698166082092, 3092.698166082092, {'query_ids': {'unknown'}})])
2026-02-10 18:55:07,609 - INFO - 	Cluster cluster_32b: Marginal SLO violation: 0.0000, Marginal cost: 0.2000 (Billed intervals before: [], after: [Interval(3032.698166082092, 3092.698166082092, {'query_ids': {'unknown'}})])
2026-02-10 18:55:07,610 - INFO - 	Cluster cluster_4: Marginal SLO violation: 0.0000, Marginal cost: 0.0250 (Billed intervals before: [], after: [Interval(3032.698166082092, 3092.698166082092, {'query_ids': {'unknown'}})])
2026-02-10 18:55:07,611 - INFO - 	Cluster cluster_4b: Marginal SLO violation: 0.0000, Marginal cost: 0.0250 (Billed intervals before: [], after: [Interval(3032.698166082092, 3092.698166082092, {'query_ids': {'unknown'}})])
2026-02-10 18:55:07,611 - INFO - 	Cluster cluster_8: Marginal SLO violation: 0.0000, Marginal cost: 0.0500 (Billed intervals before: [], after: [Interval(3032.698166082092, 3092.698166082092, {'query_ids': {'unknown'}})])
2026-02-10 18:55:07,612 - INFO - 	Cluster cluster_8b: Marginal SLO violation: 0.0000, Marginal cost: 0.0500 (Billed intervals before: [], after: [Interval(3032.698166082092, 3092.698166082092, {'query_ids': {'unknown'}})])
2026-02-10 18:55:07,612 - INFO - Routing query 27 to cluster cluster_4. Predicted latency is 11.53s (ends at 3044.23s). 
2026-02-10 18:55:07,612 - INFO - (3044.229) Query 27 completed on cluster cluster_4 with latency 11.53s.
2026-02-10 18:55:07,612 - INFO - (3121.602) Routing query 28 with template and idx 034_002.
2026-02-10 18:55:07,613 - INFO - 	Cluster cluster_16: Marginal SLO violation: 0.0000, Marginal cost: 0.1000 (Billed intervals before: [], after: [Interval(3121.601952985673, 3181.601952985673, {'query_ids': {'unknown'}})])
2026-02-10 18:55:07,614 - INFO - 	Cluster cluster_16b: Marginal SLO violation: 0.0000, Marginal cost: 0.1000 (Billed intervals before: [], after: [Interval(3121.601952985673, 3181.601952985673, {'query_ids': {'unknown'}})])
2026-02-10 18:55:07,614 - INFO - 	Cluster cluster_32: Marginal SLO violation: 0.0000, Marginal cost: 0.2000 (Billed intervals before: [], after: [Interval(3121.601952985673, 3181.601952985673, {'query_ids': {'unknown'}})])
2026-02-10 18:55:07,615 - INFO - 	Cluster cluster_32b: Marginal SLO violation: 0.0000, Marginal cost: 0.2000 (Billed intervals before: [], after: [Interval(3121.601952985673, 3181.601952985673, {'query_ids': {'unknown'}})])
2026-02-10 18:55:07,616 - INFO - 	Cluster cluster_4: Marginal SLO violation: 0.0000, Marginal cost: 0.0250 (Billed intervals before: [], after: [Interval(3121.601952985673, 3181.601952985673, {'query_ids': {'unknown'}})])
2026-02-10 18:55:07,616 - INFO - 	Cluster cluster_4b: Marginal SLO violation: 0.0000, Marginal cost: 0.0250 (Billed intervals before: [], after: [Interval(3121.601952985673, 3181.601952985673, {'query_ids': {'unknown'}})])
2026-02-10 18:55:07,617 - INFO - 	Cluster cluster_8: Marginal SLO violation: 0.0000, Marginal cost: 0.0500 (Billed intervals before: [], after: [Interval(3121.601952985673, 3181.601952985673, {'query_ids': {'unknown'}})])
2026-02-10 18:55:07,618 - INFO - 	Cluster cluster_8b: Marginal SLO violation: 0.0000, Marginal cost: 0.0500 (Billed intervals before: [], after: [Interval(3121.601952985673, 3181.601952985673, {'query_ids': {'unknown'}})])
2026-02-10 18:55:07,618 - INFO - Routing query 28 to cluster cluster_4. Predicted latency is 22.03s (ends at 3143.64s). 
2026-02-10 18:55:07,618 - INFO - (3143.637) Query 28 completed on cluster cluster_4 with latency 22.03s.
2026-02-10 18:55:07,618 - INFO - (3153.584) Routing query 29 with template and idx 034_002.
2026-02-10 18:55:07,619 - INFO - 	Cluster cluster_16: Marginal SLO violation: 0.0000, Marginal cost: 0.1000 (Billed intervals before: [], after: [Interval(3153.5838798749014, 3213.5838798749014, {'query_ids': {'unknown'}})])
2026-02-10 18:55:07,619 - INFO - 	Cluster cluster_16b: Marginal SLO violation: 0.0000, Marginal cost: 0.1000 (Billed intervals before: [], after: [Interval(3153.5838798749014, 3213.5838798749014, {'query_ids': {'unknown'}})])
2026-02-10 18:55:07,620 - INFO - 	Cluster cluster_32: Marginal SLO violation: 0.0000, Marginal cost: 0.2000 (Billed intervals before: [], after: [Interval(3153.5838798749014, 3213.5838798749014, {'query_ids': {'unknown'}})])
2026-02-10 18:55:07,621 - INFO - 	Cluster cluster_32b: Marginal SLO violation: 0.0000, Marginal cost: 0.2000 (Billed intervals before: [], after: [Interval(3153.5838798749014, 3213.5838798749014, {'query_ids': {'unknown'}})])
2026-02-10 18:55:07,622 - INFO - 	Cluster cluster_4: Marginal SLO violation: 0.0000, Marginal cost: 0.0000 (Billed intervals before: [Interval(3121.601952985673, 3181.601952985673, {'query_ids': {'unknown'}})], after: [Interval(3121.601952985673, 3181.601952985673, {'query_ids': {'unknown'}})])
2026-02-10 18:55:07,622 - INFO - 	Cluster cluster_4b: Marginal SLO violation: 0.0000, Marginal cost: 0.0250 (Billed intervals before: [], after: [Interval(3153.5838798749014, 3213.5838798749014, {'query_ids': {'unknown'}})])
2026-02-10 18:55:07,623 - INFO - 	Cluster cluster_8: Marginal SLO violation: 0.0000, Marginal cost: 0.0500 (Billed intervals before: [], after: [Interval(3153.5838798749014, 3213.5838798749014, {'query_ids': {'unknown'}})])
2026-02-10 18:55:07,623 - INFO - 	Cluster cluster_8b: Marginal SLO violation: 0.0000, Marginal cost: 0.0500 (Billed intervals before: [], after: [Interval(3153.5838798749014, 3213.5838798749014, {'query_ids': {'unknown'}})])
2026-02-10 18:55:07,624 - INFO - Routing query 29 to cluster cluster_4. Predicted latency is 22.03s (ends at 3175.62s). 
2026-02-10 18:55:07,624 - INFO - (3175.619) Query 29 completed on cluster cluster_4 with latency 22.03s.
2026-02-10 18:55:07,624 - INFO - (3327.142) Routing query 30 with template and idx 073_001.
2026-02-10 18:55:07,625 - INFO - 	Cluster cluster_16: Marginal SLO violation: 0.0000, Marginal cost: 0.1000 (Billed intervals before: [], after: [Interval(3327.1416481652714, 3387.1416481652714, {'query_ids': {'unknown'}})])
2026-02-10 18:55:07,625 - INFO - 	Cluster cluster_16b: Marginal SLO violation: 0.0000, Marginal cost: 0.1000 (Billed intervals before: [], after: [Interval(3327.1416481652714, 3387.1416481652714, {'query_ids': {'unknown'}})])
2026-02-10 18:55:07,626 - INFO - 	Cluster cluster_32: Marginal SLO violation: 0.0000, Marginal cost: 0.2000 (Billed intervals before: [], after: [Interval(3327.1416481652714, 3387.1416481652714, {'query_ids': {'unknown'}})])
2026-02-10 18:55:07,627 - INFO - 	Cluster cluster_32b: Marginal SLO violation: 0.0000, Marginal cost: 0.2000 (Billed intervals before: [], after: [Interval(3327.1416481652714, 3387.1416481652714, {'query_ids': {'unknown'}})])
2026-02-10 18:55:07,627 - INFO - 	Cluster cluster_4: Marginal SLO violation: 0.0000, Marginal cost: 0.0250 (Billed intervals before: [], after: [Interval(3327.1416481652714, 3387.1416481652714, {'query_ids': {'unknown'}})])
2026-02-10 18:55:07,628 - INFO - 	Cluster cluster_4b: Marginal SLO violation: 0.0000, Marginal cost: 0.0250 (Billed intervals before: [], after: [Interval(3327.1416481652714, 3387.1416481652714, {'query_ids': {'unknown'}})])
2026-02-10 18:55:07,628 - INFO - 	Cluster cluster_8: Marginal SLO violation: 0.0000, Marginal cost: 0.0500 (Billed intervals before: [], after: [Interval(3327.1416481652714, 3387.1416481652714, {'query_ids': {'unknown'}})])
2026-02-10 18:55:07,629 - INFO - 	Cluster cluster_8b: Marginal SLO violation: 0.0000, Marginal cost: 0.0500 (Billed intervals before: [], after: [Interval(3327.1416481652714, 3387.1416481652714, {'query_ids': {'unknown'}})])
2026-02-10 18:55:07,629 - INFO - Routing query 30 to cluster cluster_4. Predicted latency is 15.54s (ends at 3342.68s). 
2026-02-10 18:55:07,630 - INFO - (3342.680) Query 30 completed on cluster cluster_4 with latency 15.54s.
2026-02-10 18:55:07,630 - INFO - (3498.137) Routing query 31 with template and idx 092_001.
2026-02-10 18:55:07,630 - INFO - 	Cluster cluster_16: Marginal SLO violation: 0.0000, Marginal cost: 0.1000 (Billed intervals before: [], after: [Interval(3498.1369204090124, 3558.1369204090124, {'query_ids': {'unknown'}})])
2026-02-10 18:55:07,631 - INFO - 	Cluster cluster_16b: Marginal SLO violation: 0.0000, Marginal cost: 0.1000 (Billed intervals before: [], after: [Interval(3498.1369204090124, 3558.1369204090124, {'query_ids': {'unknown'}})])
2026-02-10 18:55:07,632 - INFO - 	Cluster cluster_32: Marginal SLO violation: 0.0000, Marginal cost: 0.2000 (Billed intervals before: [], after: [Interval(3498.1369204090124, 3558.1369204090124, {'query_ids': {'unknown'}})])
2026-02-10 18:55:07,632 - INFO - 	Cluster cluster_32b: Marginal SLO violation: 0.0000, Marginal cost: 0.2000 (Billed intervals before: [], after: [Interval(3498.1369204090124, 3558.1369204090124, {'query_ids': {'unknown'}})])
2026-02-10 18:55:07,633 - INFO - 	Cluster cluster_4: Marginal SLO violation: 0.0000, Marginal cost: 0.0250 (Billed intervals before: [], after: [Interval(3498.1369204090124, 3558.1369204090124, {'query_ids': {'unknown'}})])
2026-02-10 18:55:07,634 - INFO - 	Cluster cluster_4b: Marginal SLO violation: 0.0000, Marginal cost: 0.0250 (Billed intervals before: [], after: [Interval(3498.1369204090124, 3558.1369204090124, {'query_ids': {'unknown'}})])
2026-02-10 18:55:07,634 - INFO - 	Cluster cluster_8: Marginal SLO violation: 0.0000, Marginal cost: 0.0500 (Billed intervals before: [], after: [Interval(3498.1369204090124, 3558.1369204090124, {'query_ids': {'unknown'}})])
2026-02-10 18:55:07,635 - INFO - 	Cluster cluster_8b: Marginal SLO violation: 0.0000, Marginal cost: 0.0500 (Billed intervals before: [], after: [Interval(3498.1369204090124, 3558.1369204090124, {'query_ids': {'unknown'}})])
2026-02-10 18:55:07,635 - INFO - Routing query 31 to cluster cluster_4. Predicted latency is 1.65s (ends at 3499.78s). 
2026-02-10 18:55:07,635 - INFO - (3499.785) Query 31 completed on cluster cluster_4 with latency 1.65s.
2026-02-10 18:55:07,635 - INFO - (3539.457) Routing query 32 with template and idx 084_003.
2026-02-10 18:55:07,636 - INFO - 	Cluster cluster_16: Marginal SLO violation: 0.0000, Marginal cost: 0.1000 (Billed intervals before: [], after: [Interval(3539.4574668639457, 3599.4574668639457, {'query_ids': {'unknown'}})])
2026-02-10 18:55:07,637 - INFO - 	Cluster cluster_16b: Marginal SLO violation: 0.0000, Marginal cost: 0.1000 (Billed intervals before: [], after: [Interval(3539.4574668639457, 3599.4574668639457, {'query_ids': {'unknown'}})])
2026-02-10 18:55:07,637 - INFO - 	Cluster cluster_32: Marginal SLO violation: 0.0000, Marginal cost: 0.2000 (Billed intervals before: [], after: [Interval(3539.4574668639457, 3599.4574668639457, {'query_ids': {'unknown'}})])
2026-02-10 18:55:07,638 - INFO - 	Cluster cluster_32b: Marginal SLO violation: 0.0000, Marginal cost: 0.2000 (Billed intervals before: [], after: [Interval(3539.4574668639457, 3599.4574668639457, {'query_ids': {'unknown'}})])
2026-02-10 18:55:07,639 - INFO - 	Cluster cluster_4: Marginal SLO violation: 0.0000, Marginal cost: 0.0000 (Billed intervals before: [Interval(3498.1369204090124, 3558.1369204090124, {'query_ids': {'unknown'}})], after: [Interval(3498.1369204090124, 3558.1369204090124, {'query_ids': {'unknown'}})])
2026-02-10 18:55:07,639 - INFO - 	Cluster cluster_4b: Marginal SLO violation: 0.0000, Marginal cost: 0.0250 (Billed intervals before: [], after: [Interval(3539.4574668639457, 3599.4574668639457, {'query_ids': {'unknown'}})])
2026-02-10 18:55:07,640 - INFO - 	Cluster cluster_8: Marginal SLO violation: 0.0000, Marginal cost: 0.0500 (Billed intervals before: [], after: [Interval(3539.4574668639457, 3599.4574668639457, {'query_ids': {'unknown'}})])
2026-02-10 18:55:07,641 - INFO - 	Cluster cluster_8b: Marginal SLO violation: 0.0000, Marginal cost: 0.0500 (Billed intervals before: [], after: [Interval(3539.4574668639457, 3599.4574668639457, {'query_ids': {'unknown'}})])
2026-02-10 18:55:07,641 - INFO - Routing query 32 to cluster cluster_4. Predicted latency is 4.68s (ends at 3544.14s). 
2026-02-10 18:55:07,641 - INFO - (3544.141) Query 32 completed on cluster cluster_4 with latency 4.68s.
2026-02-10 18:55:07,641 - INFO - (3574.535) Routing query 33 with template and idx 052_003.
2026-02-10 18:55:07,642 - INFO - 	Cluster cluster_16: Marginal SLO violation: 0.0000, Marginal cost: 0.1000 (Billed intervals before: [], after: [Interval(3574.535222340921, 3634.535222340921, {'query_ids': {'unknown'}})])
2026-02-10 18:55:07,643 - INFO - 	Cluster cluster_16b: Marginal SLO violation: 0.0000, Marginal cost: 0.1000 (Billed intervals before: [], after: [Interval(3574.535222340921, 3634.535222340921, {'query_ids': {'unknown'}})])
2026-02-10 18:55:07,643 - INFO - 	Cluster cluster_32: Marginal SLO violation: 0.0000, Marginal cost: 0.2000 (Billed intervals before: [], after: [Interval(3574.535222340921, 3634.535222340921, {'query_ids': {'unknown'}})])
2026-02-10 18:55:07,644 - INFO - 	Cluster cluster_32b: Marginal SLO violation: 0.0000, Marginal cost: 0.2000 (Billed intervals before: [], after: [Interval(3574.535222340921, 3634.535222340921, {'query_ids': {'unknown'}})])
2026-02-10 18:55:07,645 - INFO - 	Cluster cluster_4: Marginal SLO violation: 0.0000, Marginal cost: 0.0250 (Billed intervals before: [], after: [Interval(3574.535222340921, 3634.535222340921, {'query_ids': {'unknown'}})])
2026-02-10 18:55:07,645 - INFO - 	Cluster cluster_4b: Marginal SLO violation: 0.0000, Marginal cost: 0.0250 (Billed intervals before: [], after: [Interval(3574.535222340921, 3634.535222340921, {'query_ids': {'unknown'}})])
2026-02-10 18:55:07,646 - INFO - 	Cluster cluster_8: Marginal SLO violation: 0.0000, Marginal cost: 0.0500 (Billed intervals before: [], after: [Interval(3574.535222340921, 3634.535222340921, {'query_ids': {'unknown'}})])
2026-02-10 18:55:07,647 - INFO - 	Cluster cluster_8b: Marginal SLO violation: 0.0000, Marginal cost: 0.0500 (Billed intervals before: [], after: [Interval(3574.535222340921, 3634.535222340921, {'query_ids': {'unknown'}})])
2026-02-10 18:55:07,647 - INFO - Routing query 33 to cluster cluster_4. Predicted latency is 2.08s (ends at 3576.62s). 
2026-02-10 18:55:07,647 - INFO - (3576.616) Query 33 completed on cluster cluster_4 with latency 2.08s.
