2026-02-10 18:55:08,010 - INFO - Starting simulator run for workload 'tpcds_99templates_10pctheavy_120meaninterarrivals' with model '1769376434' and blueprint 'multi_16_16b_32_32b_4_4b_8_8b'
2026-02-10 18:55:08,010 - INFO - Optimize based on SLO violation amount: True with thresholds: slo_violation_rate_threshold = 0.05, slo_violation_amount_threshold_s = 30.0, slo_s = 180.0
2026-02-10 18:55:08,016 - INFO - (0.000) Routing query 0 with template and idx 019_003.
2026-02-10 18:55:08,018 - INFO - 	Cluster cluster_16: Marginal SLO violation: 0.0000, Marginal cost: 0.1000 (Billed intervals before: [], after: [Interval(0.0, 60.0, {'query_ids': {'unknown'}})])
2026-02-10 18:55:08,018 - INFO - 	Cluster cluster_16b: Marginal SLO violation: 0.0000, Marginal cost: 0.1000 (Billed intervals before: [], after: [Interval(0.0, 60.0, {'query_ids': {'unknown'}})])
2026-02-10 18:55:08,019 - INFO - 	Cluster cluster_32: Marginal SLO violation: 0.0000, Marginal cost: 0.2000 (Billed intervals before: [], after: [Interval(0.0, 60.0, {'query_ids': {'unknown'}})])
2026-02-10 18:55:08,020 - INFO - 	Cluster cluster_32b: Marginal SLO violation: 0.0000, Marginal cost: 0.2000 (Billed intervals before: [], after: [Interval(0.0, 60.0, {'query_ids': {'unknown'}})])
2026-02-10 18:55:08,021 - INFO - 	Cluster cluster_4: Marginal SLO violation: 0.0000, Marginal cost: 0.0250 (Billed intervals before: [], after: [Interval(0.0, 60.0, {'query_ids': {'unknown'}})])
2026-02-10 18:55:08,021 - INFO - 	Cluster cluster_4b: Marginal SLO violation: 0.0000, Marginal cost: 0.0250 (Billed intervals before: [], after: [Interval(0.0, 60.0, {'query_ids': {'unknown'}})])
2026-02-10 18:55:08,022 - INFO - 	Cluster cluster_8: Marginal SLO violation: 0.0000, Marginal cost: 0.0500 (Billed intervals before: [], after: [Interval(0.0, 60.0, {'query_ids': {'unknown'}})])
2026-02-10 18:55:08,023 - INFO - 	Cluster cluster_8b: Marginal SLO violation: 0.0000, Marginal cost: 0.0500 (Billed intervals before: [], after: [Interval(0.0, 60.0, {'query_ids': {'unknown'}})])
2026-02-10 18:55:08,023 - INFO - Routing query 0 to cluster cluster_4. Predicted latency is 24.98s (ends at 24.98s). 
2026-02-10 18:55:08,023 - INFO - (24.977) Query 0 completed on cluster cluster_4 with latency 24.98s.
2026-02-10 18:55:08,023 - INFO - (148.432) Routing query 1 with template and idx 090_003.
2026-02-10 18:55:08,023 - INFO - 	Cluster cluster_16: Marginal SLO violation: 0.0000, Marginal cost: 0.1000 (Billed intervals before: [], after: [Interval(148.4316500246894, 208.4316500246894, {'query_ids': {'unknown'}})])
2026-02-10 18:55:08,024 - INFO - 	Cluster cluster_16b: Marginal SLO violation: 0.0000, Marginal cost: 0.1000 (Billed intervals before: [], after: [Interval(148.4316500246894, 208.4316500246894, {'query_ids': {'unknown'}})])
2026-02-10 18:55:08,025 - INFO - 	Cluster cluster_32: Marginal SLO violation: 0.0000, Marginal cost: 0.2000 (Billed intervals before: [], after: [Interval(148.4316500246894, 208.4316500246894, {'query_ids': {'unknown'}})])
2026-02-10 18:55:08,025 - INFO - 	Cluster cluster_32b: Marginal SLO violation: 0.0000, Marginal cost: 0.2000 (Billed intervals before: [], after: [Interval(148.4316500246894, 208.4316500246894, {'query_ids': {'unknown'}})])
2026-02-10 18:55:08,026 - INFO - 	Cluster cluster_4: Marginal SLO violation: 0.0000, Marginal cost: 0.0250 (Billed intervals before: [], after: [Interval(148.4316500246894, 208.4316500246894, {'query_ids': {'unknown'}})])
2026-02-10 18:55:08,027 - INFO - 	Cluster cluster_4b: Marginal SLO violation: 0.0000, Marginal cost: 0.0250 (Billed intervals before: [], after: [Interval(148.4316500246894, 208.4316500246894, {'query_ids': {'unknown'}})])
2026-02-10 18:55:08,028 - INFO - 	Cluster cluster_8: Marginal SLO violation: 0.0000, Marginal cost: 0.0500 (Billed intervals before: [], after: [Interval(148.4316500246894, 208.4316500246894, {'query_ids': {'unknown'}})])
2026-02-10 18:55:08,028 - INFO - 	Cluster cluster_8b: Marginal SLO violation: 0.0000, Marginal cost: 0.0500 (Billed intervals before: [], after: [Interval(148.4316500246894, 208.4316500246894, {'query_ids': {'unknown'}})])
2026-02-10 18:55:08,028 - INFO - Routing query 1 to cluster cluster_4. Predicted latency is 24.33s (ends at 172.76s). 
2026-02-10 18:55:08,028 - INFO - (172.761) Query 1 completed on cluster cluster_4 with latency 24.33s.
2026-02-10 18:55:08,028 - INFO - (350.539) Routing query 2 with template and idx 030_003.
2026-02-10 18:55:08,029 - INFO - 	Cluster cluster_16: Marginal SLO violation: 0.0000, Marginal cost: 0.1000 (Billed intervals before: [], after: [Interval(350.53865742063465, 410.53865742063465, {'query_ids': {'unknown'}})])
2026-02-10 18:55:08,030 - INFO - 	Cluster cluster_16b: Marginal SLO violation: 0.0000, Marginal cost: 0.1000 (Billed intervals before: [], after: [Interval(350.53865742063465, 410.53865742063465, {'query_ids': {'unknown'}})])
2026-02-10 18:55:08,030 - INFO - 	Cluster cluster_32: Marginal SLO violation: 0.0000, Marginal cost: 0.2000 (Billed intervals before: [], after: [Interval(350.53865742063465, 410.53865742063465, {'query_ids': {'unknown'}})])
2026-02-10 18:55:08,031 - INFO - 	Cluster cluster_32b: Marginal SLO violation: 0.0000, Marginal cost: 0.2000 (Billed intervals before: [], after: [Interval(350.53865742063465, 410.53865742063465, {'query_ids': {'unknown'}})])
2026-02-10 18:55:08,032 - INFO - 	Cluster cluster_4: Marginal SLO violation: 0.0000, Marginal cost: 0.0250 (Billed intervals before: [], after: [Interval(350.53865742063465, 410.53865742063465, {'query_ids': {'unknown'}})])
2026-02-10 18:55:08,032 - INFO - 	Cluster cluster_4b: Marginal SLO violation: 0.0000, Marginal cost: 0.0250 (Billed intervals before: [], after: [Interval(350.53865742063465, 410.53865742063465, {'query_ids': {'unknown'}})])
2026-02-10 18:55:08,033 - INFO - 	Cluster cluster_8: Marginal SLO violation: 0.0000, Marginal cost: 0.0500 (Billed intervals before: [], after: [Interval(350.53865742063465, 410.53865742063465, {'query_ids': {'unknown'}})])
2026-02-10 18:55:08,034 - INFO - 	Cluster cluster_8b: Marginal SLO violation: 0.0000, Marginal cost: 0.0500 (Billed intervals before: [], after: [Interval(350.53865742063465, 410.53865742063465, {'query_ids': {'unknown'}})])
2026-02-10 18:55:08,034 - INFO - Routing query 2 to cluster cluster_4. Predicted latency is 31.07s (ends at 381.60s). 
2026-02-10 18:55:08,034 - INFO - (381.604) Query 2 completed on cluster cluster_4 with latency 31.07s.
2026-02-10 18:55:08,034 - INFO - (442.370) Routing query 3 with template and idx 027_001.
2026-02-10 18:55:08,035 - INFO - 	Cluster cluster_16: Marginal SLO violation: 0.0000, Marginal cost: 0.1000 (Billed intervals before: [], after: [Interval(442.37019426453753, 502.37019426453753, {'query_ids': {'unknown'}})])
2026-02-10 18:55:08,035 - INFO - 	Cluster cluster_16b: Marginal SLO violation: 0.0000, Marginal cost: 0.1000 (Billed intervals before: [], after: [Interval(442.37019426453753, 502.37019426453753, {'query_ids': {'unknown'}})])
2026-02-10 18:55:08,036 - INFO - 	Cluster cluster_32: Marginal SLO violation: 0.0000, Marginal cost: 0.2000 (Billed intervals before: [], after: [Interval(442.37019426453753, 502.37019426453753, {'query_ids': {'unknown'}})])
2026-02-10 18:55:08,037 - INFO - 	Cluster cluster_32b: Marginal SLO violation: 0.0000, Marginal cost: 0.2000 (Billed intervals before: [], after: [Interval(442.37019426453753, 502.37019426453753, {'query_ids': {'unknown'}})])
2026-02-10 18:55:08,038 - INFO - 	Cluster cluster_4: Marginal SLO violation: 0.0000, Marginal cost: 0.0250 (Billed intervals before: [], after: [Interval(442.37019426453753, 502.37019426453753, {'query_ids': {'unknown'}})])
2026-02-10 18:55:08,038 - INFO - 	Cluster cluster_4b: Marginal SLO violation: 0.0000, Marginal cost: 0.0250 (Billed intervals before: [], after: [Interval(442.37019426453753, 502.37019426453753, {'query_ids': {'unknown'}})])
2026-02-10 18:55:08,039 - INFO - 	Cluster cluster_8: Marginal SLO violation: 0.0000, Marginal cost: 0.0500 (Billed intervals before: [], after: [Interval(442.37019426453753, 502.37019426453753, {'query_ids': {'unknown'}})])
2026-02-10 18:55:08,040 - INFO - 	Cluster cluster_8b: Marginal SLO violation: 0.0000, Marginal cost: 0.0500 (Billed intervals before: [], after: [Interval(442.37019426453753, 502.37019426453753, {'query_ids': {'unknown'}})])
2026-02-10 18:55:08,040 - INFO - Routing query 3 to cluster cluster_4. Predicted latency is 56.02s (ends at 498.39s). 
2026-02-10 18:55:08,040 - INFO - (498.395) Query 3 completed on cluster cluster_4 with latency 56.02s.
2026-02-10 18:55:08,040 - INFO - (594.924) Routing query 4 with template and idx 028_001.
2026-02-10 18:55:08,041 - INFO - 	Cluster cluster_16: Marginal SLO violation: 0.0000, Marginal cost: 0.1000 (Billed intervals before: [], after: [Interval(594.9237968796954, 654.9237968796954, {'query_ids': {'unknown'}})])
2026-02-10 18:55:08,042 - INFO - 	Cluster cluster_16b: Marginal SLO violation: 0.0000, Marginal cost: 0.1000 (Billed intervals before: [], after: [Interval(594.9237968796954, 654.9237968796954, {'query_ids': {'unknown'}})])
2026-02-10 18:55:08,043 - INFO - 	Cluster cluster_32: Marginal SLO violation: 0.0000, Marginal cost: 0.2000 (Billed intervals before: [], after: [Interval(594.9237968796954, 654.9237968796954, {'query_ids': {'unknown'}})])
2026-02-10 18:55:08,044 - INFO - 	Cluster cluster_32b: Marginal SLO violation: 0.0000, Marginal cost: 0.2000 (Billed intervals before: [], after: [Interval(594.9237968796954, 654.9237968796954, {'query_ids': {'unknown'}})])
2026-02-10 18:55:08,068 - INFO - 	Cluster cluster_4: Marginal SLO violation: 0.0000, Marginal cost: 0.0250 (Billed intervals before: [], after: [Interval(594.9237968796954, 654.9237968796954, {'query_ids': {'unknown'}})])
2026-02-10 18:55:08,123 - INFO - 	Cluster cluster_4b: Marginal SLO violation: 0.0000, Marginal cost: 0.0250 (Billed intervals before: [], after: [Interval(594.9237968796954, 654.9237968796954, {'query_ids': {'unknown'}})])
2026-02-10 18:55:08,150 - INFO - 	Cluster cluster_8: Marginal SLO violation: 0.0000, Marginal cost: 0.0500 (Billed intervals before: [], after: [Interval(594.9237968796954, 654.9237968796954, {'query_ids': {'unknown'}})])
2026-02-10 18:55:08,152 - INFO - 	Cluster cluster_8b: Marginal SLO violation: 0.0000, Marginal cost: 0.0500 (Billed intervals before: [], after: [Interval(594.9237968796954, 654.9237968796954, {'query_ids': {'unknown'}})])
2026-02-10 18:55:08,152 - INFO - Routing query 4 to cluster cluster_4. Predicted latency is 53.99s (ends at 648.91s). 
2026-02-10 18:55:08,152 - INFO - (611.429) Routing query 5 with template and idx 050_003.
2026-02-10 18:55:08,153 - INFO - 	Cluster cluster_16: Marginal SLO violation: 0.0000, Marginal cost: 0.1000 (Billed intervals before: [], after: [Interval(611.4287269289134, 671.4287269289134, {'query_ids': {'unknown'}})])
2026-02-10 18:55:08,154 - INFO - 	Cluster cluster_16b: Marginal SLO violation: 0.0000, Marginal cost: 0.1000 (Billed intervals before: [], after: [Interval(611.4287269289134, 671.4287269289134, {'query_ids': {'unknown'}})])
2026-02-10 18:55:08,155 - INFO - 	Cluster cluster_32: Marginal SLO violation: 0.0000, Marginal cost: 0.2000 (Billed intervals before: [], after: [Interval(611.4287269289134, 671.4287269289134, {'query_ids': {'unknown'}})])
2026-02-10 18:55:08,156 - INFO - 	Cluster cluster_32b: Marginal SLO violation: 0.0000, Marginal cost: 0.2000 (Billed intervals before: [], after: [Interval(611.4287269289134, 671.4287269289134, {'query_ids': {'unknown'}})])
2026-02-10 18:55:08,161 - INFO - 	Cluster cluster_4: Marginal SLO violation: 0.0000, Marginal cost: 0.0204 (Billed intervals before: [Interval(594.9237968796954, 654.9237968796954, {'query_ids': {'unknown', 4}})], after: [Interval(594.9237968796954, 703.92377, {'query_ids': {'unknown'}})])
2026-02-10 18:55:08,163 - INFO - 	Cluster cluster_4b: Marginal SLO violation: 0.0000, Marginal cost: 0.0250 (Billed intervals before: [], after: [Interval(611.4287269289134, 671.4287269289134, {'query_ids': {'unknown'}})])
2026-02-10 18:55:08,164 - INFO - 	Cluster cluster_8: Marginal SLO violation: 0.0000, Marginal cost: 0.0500 (Billed intervals before: [], after: [Interval(611.4287269289134, 671.4287269289134, {'query_ids': {'unknown'}})])
2026-02-10 18:55:08,165 - INFO - 	Cluster cluster_8b: Marginal SLO violation: 0.0000, Marginal cost: 0.0500 (Billed intervals before: [], after: [Interval(611.4287269289134, 671.4287269289134, {'query_ids': {'unknown'}})])
2026-02-10 18:55:08,165 - INFO - Routing query 5 to cluster cluster_4. Predicted latency is 92.75s (ends at 704.18s). 
2026-02-10 18:55:08,165 - INFO - Updating predicted latencies for active queries on cluster cluster_4.
2026-02-10 18:55:08,165 - INFO - 	Query 4: Old: 53.99s, Pred: 36.27s, New: 53.99s (ends at 648.91s)
2026-02-10 18:55:08,166 - INFO - (648.911) Query 4 completed on cluster cluster_4 with latency 53.99s.
2026-02-10 18:55:08,166 - INFO - (697.691) Routing query 6 with template and idx 055_002.
2026-02-10 18:55:08,167 - INFO - 	Cluster cluster_16: Marginal SLO violation: 0.0000, Marginal cost: 0.1000 (Billed intervals before: [], after: [Interval(697.691475174455, 757.691475174455, {'query_ids': {'unknown'}})])
2026-02-10 18:55:08,168 - INFO - 	Cluster cluster_16b: Marginal SLO violation: 0.0000, Marginal cost: 0.1000 (Billed intervals before: [], after: [Interval(697.691475174455, 757.691475174455, {'query_ids': {'unknown'}})])
2026-02-10 18:55:08,168 - INFO - 	Cluster cluster_32: Marginal SLO violation: 0.0000, Marginal cost: 0.2000 (Billed intervals before: [], after: [Interval(697.691475174455, 757.691475174455, {'query_ids': {'unknown'}})])
2026-02-10 18:55:08,169 - INFO - 	Cluster cluster_32b: Marginal SLO violation: 0.0000, Marginal cost: 0.2000 (Billed intervals before: [], after: [Interval(697.691475174455, 757.691475174455, {'query_ids': {'unknown'}})])
2026-02-10 18:55:08,173 - INFO - 	Cluster cluster_4: Marginal SLO violation: 0.0000, Marginal cost: 0.0358 (Billed intervals before: [Interval(594.9237968796954, 703.92377, {'query_ids': {'unknown', 5}})], after: [Interval(594.9237968796954, 789.92377, {'query_ids': {'unknown'}})])
2026-02-10 18:55:08,176 - INFO - 	Cluster cluster_4b: Marginal SLO violation: 0.0000, Marginal cost: 0.0250 (Billed intervals before: [], after: [Interval(697.691475174455, 757.691475174455, {'query_ids': {'unknown'}})])
2026-02-10 18:55:08,177 - INFO - 	Cluster cluster_8: Marginal SLO violation: 0.0000, Marginal cost: 0.0500 (Billed intervals before: [], after: [Interval(697.691475174455, 757.691475174455, {'query_ids': {'unknown'}})])
2026-02-10 18:55:08,178 - INFO - 	Cluster cluster_8b: Marginal SLO violation: 0.0000, Marginal cost: 0.0500 (Billed intervals before: [], after: [Interval(697.691475174455, 757.691475174455, {'query_ids': {'unknown'}})])
2026-02-10 18:55:08,178 - INFO - Routing query 6 to cluster cluster_4b. Predicted latency is 1.16s (ends at 698.85s). 
2026-02-10 18:55:08,178 - INFO - (704.177) Query 5 completed on cluster cluster_4 with latency 92.75s.
2026-02-10 18:55:08,178 - INFO - (698.855) Query 6 completed on cluster cluster_4b with latency 1.16s.
2026-02-10 18:55:08,178 - INFO - (821.743) Routing query 7 with template and idx 005_001.
2026-02-10 18:55:08,179 - INFO - 	Cluster cluster_16: Marginal SLO violation: 0.0000, Marginal cost: 0.1000 (Billed intervals before: [], after: [Interval(821.7431674557305, 881.7431674557305, {'query_ids': {'unknown'}})])
2026-02-10 18:55:08,180 - INFO - 	Cluster cluster_16b: Marginal SLO violation: 0.0000, Marginal cost: 0.1000 (Billed intervals before: [], after: [Interval(821.7431674557305, 881.7431674557305, {'query_ids': {'unknown'}})])
2026-02-10 18:55:08,181 - INFO - 	Cluster cluster_32: Marginal SLO violation: 0.0000, Marginal cost: 0.2000 (Billed intervals before: [], after: [Interval(821.7431674557305, 881.7431674557305, {'query_ids': {'unknown'}})])
2026-02-10 18:55:08,182 - INFO - 	Cluster cluster_32b: Marginal SLO violation: 0.0000, Marginal cost: 0.2000 (Billed intervals before: [], after: [Interval(821.7431674557305, 881.7431674557305, {'query_ids': {'unknown'}})])
2026-02-10 18:55:08,184 - INFO - 	Cluster cluster_4: Marginal SLO violation: 0.0000, Marginal cost: 0.0250 (Billed intervals before: [], after: [Interval(821.7431674557305, 881.7431674557305, {'query_ids': {'unknown'}})])
2026-02-10 18:55:08,186 - INFO - 	Cluster cluster_4b: Marginal SLO violation: 0.0000, Marginal cost: 0.0250 (Billed intervals before: [], after: [Interval(821.7431674557305, 881.7431674557305, {'query_ids': {'unknown'}})])
2026-02-10 18:55:08,187 - INFO - 	Cluster cluster_8: Marginal SLO violation: 0.0000, Marginal cost: 0.0500 (Billed intervals before: [], after: [Interval(821.7431674557305, 881.7431674557305, {'query_ids': {'unknown'}})])
2026-02-10 18:55:08,188 - INFO - 	Cluster cluster_8b: Marginal SLO violation: 0.0000, Marginal cost: 0.0500 (Billed intervals before: [], after: [Interval(821.7431674557305, 881.7431674557305, {'query_ids': {'unknown'}})])
2026-02-10 18:55:08,188 - INFO - Routing query 7 to cluster cluster_4. Predicted latency is 19.08s (ends at 840.83s). 
2026-02-10 18:55:08,188 - INFO - (840.825) Query 7 completed on cluster cluster_4 with latency 19.08s.
2026-02-10 18:55:08,188 - INFO - (856.258) Routing query 8 with template and idx 027_001.
2026-02-10 18:55:08,189 - INFO - 	Cluster cluster_16: Marginal SLO violation: 0.0000, Marginal cost: 0.1000 (Billed intervals before: [], after: [Interval(856.2582762829231, 916.2582762829231, {'query_ids': {'unknown'}})])
2026-02-10 18:55:08,190 - INFO - 	Cluster cluster_16b: Marginal SLO violation: 0.0000, Marginal cost: 0.1000 (Billed intervals before: [], after: [Interval(856.2582762829231, 916.2582762829231, {'query_ids': {'unknown'}})])
2026-02-10 18:55:08,191 - INFO - 	Cluster cluster_32: Marginal SLO violation: 0.0000, Marginal cost: 0.2000 (Billed intervals before: [], after: [Interval(856.2582762829231, 916.2582762829231, {'query_ids': {'unknown'}})])
2026-02-10 18:55:08,192 - INFO - 	Cluster cluster_32b: Marginal SLO violation: 0.0000, Marginal cost: 0.2000 (Billed intervals before: [], after: [Interval(856.2582762829231, 916.2582762829231, {'query_ids': {'unknown'}})])
2026-02-10 18:55:08,193 - INFO - 	Cluster cluster_4: Marginal SLO violation: 0.0000, Marginal cost: 0.0125 (Billed intervals before: [Interval(821.7431674557305, 881.7431674557305, {'query_ids': {'unknown'}})], after: [Interval(821.7431674557305, 911.7431674557305, {'query_ids': {'unknown'}})])
2026-02-10 18:55:08,194 - INFO - 	Cluster cluster_4b: Marginal SLO violation: 0.0000, Marginal cost: 0.0250 (Billed intervals before: [], after: [Interval(856.2582762829231, 916.2582762829231, {'query_ids': {'unknown'}})])
2026-02-10 18:55:08,195 - INFO - 	Cluster cluster_8: Marginal SLO violation: 0.0000, Marginal cost: 0.0500 (Billed intervals before: [], after: [Interval(856.2582762829231, 916.2582762829231, {'query_ids': {'unknown'}})])
2026-02-10 18:55:08,195 - INFO - 	Cluster cluster_8b: Marginal SLO violation: 0.0000, Marginal cost: 0.0500 (Billed intervals before: [], after: [Interval(856.2582762829231, 916.2582762829231, {'query_ids': {'unknown'}})])
2026-02-10 18:55:08,195 - INFO - Routing query 8 to cluster cluster_4. Predicted latency is 56.02s (ends at 912.28s). 
2026-02-10 18:55:08,196 - INFO - (912.283) Query 8 completed on cluster cluster_4 with latency 56.02s.
2026-02-10 18:55:08,196 - INFO - (940.220) Routing query 9 with template and idx 070_003.
2026-02-10 18:55:08,196 - INFO - 	Cluster cluster_16: Marginal SLO violation: 0.0000, Marginal cost: 0.1000 (Billed intervals before: [], after: [Interval(940.2199548877949, 1000.2199548877949, {'query_ids': {'unknown'}})])
2026-02-10 18:55:08,197 - INFO - 	Cluster cluster_16b: Marginal SLO violation: 0.0000, Marginal cost: 0.1000 (Billed intervals before: [], after: [Interval(940.2199548877949, 1000.2199548877949, {'query_ids': {'unknown'}})])
2026-02-10 18:55:08,198 - INFO - 	Cluster cluster_32: Marginal SLO violation: 0.0000, Marginal cost: 0.2000 (Billed intervals before: [], after: [Interval(940.2199548877949, 1000.2199548877949, {'query_ids': {'unknown'}})])
2026-02-10 18:55:08,198 - INFO - 	Cluster cluster_32b: Marginal SLO violation: 0.0000, Marginal cost: 0.2000 (Billed intervals before: [], after: [Interval(940.2199548877949, 1000.2199548877949, {'query_ids': {'unknown'}})])
2026-02-10 18:55:08,199 - INFO - 	Cluster cluster_4: Marginal SLO violation: 0.0000, Marginal cost: 0.0250 (Billed intervals before: [], after: [Interval(940.2199548877949, 1000.2199548877949, {'query_ids': {'unknown'}})])
2026-02-10 18:55:08,199 - INFO - 	Cluster cluster_4b: Marginal SLO violation: 0.0000, Marginal cost: 0.0250 (Billed intervals before: [], after: [Interval(940.2199548877949, 1000.2199548877949, {'query_ids': {'unknown'}})])
2026-02-10 18:55:08,200 - INFO - 	Cluster cluster_8: Marginal SLO violation: 0.0000, Marginal cost: 0.0500 (Billed intervals before: [], after: [Interval(940.2199548877949, 1000.2199548877949, {'query_ids': {'unknown'}})])
2026-02-10 18:55:08,201 - INFO - 	Cluster cluster_8b: Marginal SLO violation: 0.0000, Marginal cost: 0.0500 (Billed intervals before: [], after: [Interval(940.2199548877949, 1000.2199548877949, {'query_ids': {'unknown'}})])
2026-02-10 18:55:08,201 - INFO - Routing query 9 to cluster cluster_4. Predicted latency is 20.51s (ends at 960.73s). 
2026-02-10 18:55:08,201 - INFO - (960.729) Query 9 completed on cluster cluster_4 with latency 20.51s.
2026-02-10 18:55:08,201 - INFO - (1042.718) Routing query 10 with template and idx 010_003.
2026-02-10 18:55:08,202 - INFO - 	Cluster cluster_16: Marginal SLO violation: 0.0000, Marginal cost: 0.1000 (Billed intervals before: [], after: [Interval(1042.7183299001983, 1102.7183299001983, {'query_ids': {'unknown'}})])
2026-02-10 18:55:08,202 - INFO - 	Cluster cluster_16b: Marginal SLO violation: 0.0000, Marginal cost: 0.1000 (Billed intervals before: [], after: [Interval(1042.7183299001983, 1102.7183299001983, {'query_ids': {'unknown'}})])
2026-02-10 18:55:08,203 - INFO - 	Cluster cluster_32: Marginal SLO violation: 0.0000, Marginal cost: 0.2000 (Billed intervals before: [], after: [Interval(1042.7183299001983, 1102.7183299001983, {'query_ids': {'unknown'}})])
2026-02-10 18:55:08,204 - INFO - 	Cluster cluster_32b: Marginal SLO violation: 0.0000, Marginal cost: 0.2000 (Billed intervals before: [], after: [Interval(1042.7183299001983, 1102.7183299001983, {'query_ids': {'unknown'}})])
2026-02-10 18:55:08,204 - INFO - 	Cluster cluster_4: Marginal SLO violation: 0.0000, Marginal cost: 0.0250 (Billed intervals before: [], after: [Interval(1042.7183299001983, 1102.7183299001983, {'query_ids': {'unknown'}})])
2026-02-10 18:55:08,205 - INFO - 	Cluster cluster_4b: Marginal SLO violation: 0.0000, Marginal cost: 0.0250 (Billed intervals before: [], after: [Interval(1042.7183299001983, 1102.7183299001983, {'query_ids': {'unknown'}})])
2026-02-10 18:55:08,205 - INFO - 	Cluster cluster_8: Marginal SLO violation: 0.0000, Marginal cost: 0.0500 (Billed intervals before: [], after: [Interval(1042.7183299001983, 1102.7183299001983, {'query_ids': {'unknown'}})])
2026-02-10 18:55:08,206 - INFO - 	Cluster cluster_8b: Marginal SLO violation: 0.0000, Marginal cost: 0.0500 (Billed intervals before: [], after: [Interval(1042.7183299001983, 1102.7183299001983, {'query_ids': {'unknown'}})])
2026-02-10 18:55:08,206 - INFO - Routing query 10 to cluster cluster_4. Predicted latency is 6.66s (ends at 1049.38s). 
2026-02-10 18:55:08,206 - INFO - (1049.376) Query 10 completed on cluster cluster_4 with latency 6.66s.
2026-02-10 18:55:08,206 - INFO - (1139.530) Routing query 11 with template and idx 006_002.
2026-02-10 18:55:08,207 - INFO - 	Cluster cluster_16: Marginal SLO violation: 0.0000, Marginal cost: 0.1000 (Billed intervals before: [], after: [Interval(1139.529952866325, 1199.529952866325, {'query_ids': {'unknown'}})])
2026-02-10 18:55:08,208 - INFO - 	Cluster cluster_16b: Marginal SLO violation: 0.0000, Marginal cost: 0.1000 (Billed intervals before: [], after: [Interval(1139.529952866325, 1199.529952866325, {'query_ids': {'unknown'}})])
2026-02-10 18:55:08,208 - INFO - 	Cluster cluster_32: Marginal SLO violation: 0.0000, Marginal cost: 0.2000 (Billed intervals before: [], after: [Interval(1139.529952866325, 1199.529952866325, {'query_ids': {'unknown'}})])
2026-02-10 18:55:08,209 - INFO - 	Cluster cluster_32b: Marginal SLO violation: 0.0000, Marginal cost: 0.2000 (Billed intervals before: [], after: [Interval(1139.529952866325, 1199.529952866325, {'query_ids': {'unknown'}})])
2026-02-10 18:55:08,210 - INFO - 	Cluster cluster_4: Marginal SLO violation: 0.0000, Marginal cost: 0.0250 (Billed intervals before: [], after: [Interval(1139.529952866325, 1199.529952866325, {'query_ids': {'unknown'}})])
2026-02-10 18:55:08,210 - INFO - 	Cluster cluster_4b: Marginal SLO violation: 0.0000, Marginal cost: 0.0250 (Billed intervals before: [], after: [Interval(1139.529952866325, 1199.529952866325, {'query_ids': {'unknown'}})])
2026-02-10 18:55:08,211 - INFO - 	Cluster cluster_8: Marginal SLO violation: 0.0000, Marginal cost: 0.0500 (Billed intervals before: [], after: [Interval(1139.529952866325, 1199.529952866325, {'query_ids': {'unknown'}})])
2026-02-10 18:55:08,211 - INFO - 	Cluster cluster_8b: Marginal SLO violation: 0.0000, Marginal cost: 0.0500 (Billed intervals before: [], after: [Interval(1139.529952866325, 1199.529952866325, {'query_ids': {'unknown'}})])
2026-02-10 18:55:08,212 - INFO - Routing query 11 to cluster cluster_4. Predicted latency is 3.50s (ends at 1143.03s). 
2026-02-10 18:55:08,212 - INFO - (1143.031) Query 11 completed on cluster cluster_4 with latency 3.50s.
2026-02-10 18:55:08,212 - INFO - (1190.004) Routing query 12 with template and idx 062_002.
2026-02-10 18:55:08,212 - INFO - 	Cluster cluster_16: Marginal SLO violation: 0.0000, Marginal cost: 0.1000 (Billed intervals before: [], after: [Interval(1190.00373835082, 1250.00373835082, {'query_ids': {'unknown'}})])
2026-02-10 18:55:08,213 - INFO - 	Cluster cluster_16b: Marginal SLO violation: 0.0000, Marginal cost: 0.1000 (Billed intervals before: [], after: [Interval(1190.00373835082, 1250.00373835082, {'query_ids': {'unknown'}})])
2026-02-10 18:55:08,214 - INFO - 	Cluster cluster_32: Marginal SLO violation: 0.0000, Marginal cost: 0.2000 (Billed intervals before: [], after: [Interval(1190.00373835082, 1250.00373835082, {'query_ids': {'unknown'}})])
2026-02-10 18:55:08,214 - INFO - 	Cluster cluster_32b: Marginal SLO violation: 0.0000, Marginal cost: 0.2000 (Billed intervals before: [], after: [Interval(1190.00373835082, 1250.00373835082, {'query_ids': {'unknown'}})])
2026-02-10 18:55:08,215 - INFO - 	Cluster cluster_4: Marginal SLO violation: 0.0000, Marginal cost: 0.0000 (Billed intervals before: [Interval(1139.529952866325, 1199.529952866325, {'query_ids': {'unknown'}})], after: [Interval(1139.529952866325, 1199.529952866325, {'query_ids': {'unknown'}})])
2026-02-10 18:55:08,216 - INFO - 	Cluster cluster_4b: Marginal SLO violation: 0.0000, Marginal cost: 0.0250 (Billed intervals before: [], after: [Interval(1190.00373835082, 1250.00373835082, {'query_ids': {'unknown'}})])
2026-02-10 18:55:08,216 - INFO - 	Cluster cluster_8: Marginal SLO violation: 0.0000, Marginal cost: 0.0500 (Billed intervals before: [], after: [Interval(1190.00373835082, 1250.00373835082, {'query_ids': {'unknown'}})])
2026-02-10 18:55:08,217 - INFO - 	Cluster cluster_8b: Marginal SLO violation: 0.0000, Marginal cost: 0.0500 (Billed intervals before: [], after: [Interval(1190.00373835082, 1250.00373835082, {'query_ids': {'unknown'}})])
2026-02-10 18:55:08,217 - INFO - Routing query 12 to cluster cluster_4. Predicted latency is 8.25s (ends at 1198.25s). 
2026-02-10 18:55:08,217 - INFO - (1198.251) Query 12 completed on cluster cluster_4 with latency 8.25s.
2026-02-10 18:55:08,217 - INFO - (1282.316) Routing query 13 with template and idx 052_002.
2026-02-10 18:55:08,218 - INFO - 	Cluster cluster_16: Marginal SLO violation: 0.0000, Marginal cost: 0.1000 (Billed intervals before: [], after: [Interval(1282.315795260369, 1342.315795260369, {'query_ids': {'unknown'}})])
2026-02-10 18:55:08,218 - INFO - 	Cluster cluster_16b: Marginal SLO violation: 0.0000, Marginal cost: 0.1000 (Billed intervals before: [], after: [Interval(1282.315795260369, 1342.315795260369, {'query_ids': {'unknown'}})])
2026-02-10 18:55:08,219 - INFO - 	Cluster cluster_32: Marginal SLO violation: 0.0000, Marginal cost: 0.2000 (Billed intervals before: [], after: [Interval(1282.315795260369, 1342.315795260369, {'query_ids': {'unknown'}})])
2026-02-10 18:55:08,220 - INFO - 	Cluster cluster_32b: Marginal SLO violation: 0.0000, Marginal cost: 0.2000 (Billed intervals before: [], after: [Interval(1282.315795260369, 1342.315795260369, {'query_ids': {'unknown'}})])
2026-02-10 18:55:08,220 - INFO - 	Cluster cluster_4: Marginal SLO violation: 0.0000, Marginal cost: 0.0250 (Billed intervals before: [], after: [Interval(1282.315795260369, 1342.315795260369, {'query_ids': {'unknown'}})])
2026-02-10 18:55:08,221 - INFO - 	Cluster cluster_4b: Marginal SLO violation: 0.0000, Marginal cost: 0.0250 (Billed intervals before: [], after: [Interval(1282.315795260369, 1342.315795260369, {'query_ids': {'unknown'}})])
2026-02-10 18:55:08,222 - INFO - 	Cluster cluster_8: Marginal SLO violation: 0.0000, Marginal cost: 0.0500 (Billed intervals before: [], after: [Interval(1282.315795260369, 1342.315795260369, {'query_ids': {'unknown'}})])
2026-02-10 18:55:08,222 - INFO - 	Cluster cluster_8b: Marginal SLO violation: 0.0000, Marginal cost: 0.0500 (Billed intervals before: [], after: [Interval(1282.315795260369, 1342.315795260369, {'query_ids': {'unknown'}})])
2026-02-10 18:55:08,222 - INFO - Routing query 13 to cluster cluster_4. Predicted latency is 1.36s (ends at 1283.67s). 
2026-02-10 18:55:08,222 - INFO - (1283.672) Query 13 completed on cluster cluster_4 with latency 1.36s.
2026-02-10 18:55:08,222 - INFO - (1406.315) Routing query 14 with template and idx 018_003.
2026-02-10 18:55:08,223 - INFO - 	Cluster cluster_16: Marginal SLO violation: 0.0000, Marginal cost: 0.1000 (Billed intervals before: [], after: [Interval(1406.3152319708865, 1466.3152319708865, {'query_ids': {'unknown'}})])
2026-02-10 18:55:08,224 - INFO - 	Cluster cluster_16b: Marginal SLO violation: 0.0000, Marginal cost: 0.1000 (Billed intervals before: [], after: [Interval(1406.3152319708865, 1466.3152319708865, {'query_ids': {'unknown'}})])
2026-02-10 18:55:08,224 - INFO - 	Cluster cluster_32: Marginal SLO violation: 0.0000, Marginal cost: 0.2000 (Billed intervals before: [], after: [Interval(1406.3152319708865, 1466.3152319708865, {'query_ids': {'unknown'}})])
2026-02-10 18:55:08,225 - INFO - 	Cluster cluster_32b: Marginal SLO violation: 0.0000, Marginal cost: 0.2000 (Billed intervals before: [], after: [Interval(1406.3152319708865, 1466.3152319708865, {'query_ids': {'unknown'}})])
2026-02-10 18:55:08,226 - INFO - 	Cluster cluster_4: Marginal SLO violation: 0.0000, Marginal cost: 0.0250 (Billed intervals before: [], after: [Interval(1406.3152319708865, 1466.3152319708865, {'query_ids': {'unknown'}})])
2026-02-10 18:55:08,226 - INFO - 	Cluster cluster_4b: Marginal SLO violation: 0.0000, Marginal cost: 0.0250 (Billed intervals before: [], after: [Interval(1406.3152319708865, 1466.3152319708865, {'query_ids': {'unknown'}})])
2026-02-10 18:55:08,227 - INFO - 	Cluster cluster_8: Marginal SLO violation: 0.0000, Marginal cost: 0.0500 (Billed intervals before: [], after: [Interval(1406.3152319708865, 1466.3152319708865, {'query_ids': {'unknown'}})])
2026-02-10 18:55:08,228 - INFO - 	Cluster cluster_8b: Marginal SLO violation: 0.0000, Marginal cost: 0.0500 (Billed intervals before: [], after: [Interval(1406.3152319708865, 1466.3152319708865, {'query_ids': {'unknown'}})])
2026-02-10 18:55:08,228 - INFO - Routing query 14 to cluster cluster_4. Predicted latency is 19.35s (ends at 1425.67s). 
2026-02-10 18:55:08,228 - INFO - (1425.668) Query 14 completed on cluster cluster_4 with latency 19.35s.
2026-02-10 18:55:08,228 - INFO - (1465.770) Routing query 15 with template and idx 061_002.
2026-02-10 18:55:08,228 - INFO - 	Cluster cluster_16: Marginal SLO violation: 0.0000, Marginal cost: 0.1000 (Billed intervals before: [], after: [Interval(1465.7701113989801, 1525.7701113989801, {'query_ids': {'unknown'}})])
2026-02-10 18:55:08,229 - INFO - 	Cluster cluster_16b: Marginal SLO violation: 0.0000, Marginal cost: 0.1000 (Billed intervals before: [], after: [Interval(1465.7701113989801, 1525.7701113989801, {'query_ids': {'unknown'}})])
2026-02-10 18:55:08,230 - INFO - 	Cluster cluster_32: Marginal SLO violation: 0.0000, Marginal cost: 0.2000 (Billed intervals before: [], after: [Interval(1465.7701113989801, 1525.7701113989801, {'query_ids': {'unknown'}})])
2026-02-10 18:55:08,230 - INFO - 	Cluster cluster_32b: Marginal SLO violation: 0.0000, Marginal cost: 0.2000 (Billed intervals before: [], after: [Interval(1465.7701113989801, 1525.7701113989801, {'query_ids': {'unknown'}})])
2026-02-10 18:55:08,231 - INFO - 	Cluster cluster_4: Marginal SLO violation: 0.0000, Marginal cost: 0.0067 (Billed intervals before: [Interval(1406.3152319708865, 1466.3152319708865, {'query_ids': {'unknown'}})], after: [Interval(1406.3152319708865, 1482.3152319708865, {'query_ids': {'unknown'}})])
2026-02-10 18:55:08,232 - INFO - 	Cluster cluster_4b: Marginal SLO violation: 0.0000, Marginal cost: 0.0250 (Billed intervals before: [], after: [Interval(1465.7701113989801, 1525.7701113989801, {'query_ids': {'unknown'}})])
2026-02-10 18:55:08,232 - INFO - 	Cluster cluster_8: Marginal SLO violation: 0.0000, Marginal cost: 0.0500 (Billed intervals before: [], after: [Interval(1465.7701113989801, 1525.7701113989801, {'query_ids': {'unknown'}})])
2026-02-10 18:55:08,233 - INFO - 	Cluster cluster_8b: Marginal SLO violation: 0.0000, Marginal cost: 0.0500 (Billed intervals before: [], after: [Interval(1465.7701113989801, 1525.7701113989801, {'query_ids': {'unknown'}})])
2026-02-10 18:55:08,233 - INFO - Routing query 15 to cluster cluster_4. Predicted latency is 16.80s (ends at 1482.57s). 
2026-02-10 18:55:08,233 - INFO - (1482.569) Query 15 completed on cluster cluster_4 with latency 16.80s.
2026-02-10 18:55:08,233 - INFO - (1490.772) Routing query 16 with template and idx 070_001.
2026-02-10 18:55:08,234 - INFO - 	Cluster cluster_16: Marginal SLO violation: 0.0000, Marginal cost: 0.1000 (Billed intervals before: [], after: [Interval(1490.7724585867668, 1550.7724585867668, {'query_ids': {'unknown'}})])
2026-02-10 18:55:08,235 - INFO - 	Cluster cluster_16b: Marginal SLO violation: 0.0000, Marginal cost: 0.1000 (Billed intervals before: [], after: [Interval(1490.7724585867668, 1550.7724585867668, {'query_ids': {'unknown'}})])
2026-02-10 18:55:08,235 - INFO - 	Cluster cluster_32: Marginal SLO violation: 0.0000, Marginal cost: 0.2000 (Billed intervals before: [], after: [Interval(1490.7724585867668, 1550.7724585867668, {'query_ids': {'unknown'}})])
2026-02-10 18:55:08,236 - INFO - 	Cluster cluster_32b: Marginal SLO violation: 0.0000, Marginal cost: 0.2000 (Billed intervals before: [], after: [Interval(1490.7724585867668, 1550.7724585867668, {'query_ids': {'unknown'}})])
2026-02-10 18:55:08,236 - INFO - 	Cluster cluster_4: Marginal SLO violation: 0.0000, Marginal cost: 0.0250 (Billed intervals before: [], after: [Interval(1490.7724585867668, 1550.7724585867668, {'query_ids': {'unknown'}})])
2026-02-10 18:55:08,237 - INFO - 	Cluster cluster_4b: Marginal SLO violation: 0.0000, Marginal cost: 0.0250 (Billed intervals before: [], after: [Interval(1490.7724585867668, 1550.7724585867668, {'query_ids': {'unknown'}})])
2026-02-10 18:55:08,238 - INFO - 	Cluster cluster_8: Marginal SLO violation: 0.0000, Marginal cost: 0.0500 (Billed intervals before: [], after: [Interval(1490.7724585867668, 1550.7724585867668, {'query_ids': {'unknown'}})])
2026-02-10 18:55:08,238 - INFO - 	Cluster cluster_8b: Marginal SLO violation: 0.0000, Marginal cost: 0.0500 (Billed intervals before: [], after: [Interval(1490.7724585867668, 1550.7724585867668, {'query_ids': {'unknown'}})])
2026-02-10 18:55:08,238 - INFO - Routing query 16 to cluster cluster_4. Predicted latency is 19.46s (ends at 1510.23s). 
2026-02-10 18:55:08,239 - INFO - (1510.234) Query 16 completed on cluster cluster_4 with latency 19.46s.
2026-02-10 18:55:08,239 - INFO - (1630.217) Routing query 17 with template and idx 074_001.
2026-02-10 18:55:08,239 - INFO - 	Cluster cluster_16: Marginal SLO violation: 0.0000, Marginal cost: 0.1000 (Billed intervals before: [], after: [Interval(1630.2174967504545, 1690.2174967504545, {'query_ids': {'unknown'}})])
2026-02-10 18:55:08,240 - INFO - 	Cluster cluster_16b: Marginal SLO violation: 0.0000, Marginal cost: 0.1000 (Billed intervals before: [], after: [Interval(1630.2174967504545, 1690.2174967504545, {'query_ids': {'unknown'}})])
2026-02-10 18:55:08,241 - INFO - 	Cluster cluster_32: Marginal SLO violation: 0.0000, Marginal cost: 0.2000 (Billed intervals before: [], after: [Interval(1630.2174967504545, 1690.2174967504545, {'query_ids': {'unknown'}})])
2026-02-10 18:55:08,241 - INFO - 	Cluster cluster_32b: Marginal SLO violation: 0.0000, Marginal cost: 0.2000 (Billed intervals before: [], after: [Interval(1630.2174967504545, 1690.2174967504545, {'query_ids': {'unknown'}})])
2026-02-10 18:55:08,244 - INFO - 	Cluster cluster_4: Marginal SLO violation: 0.0000, Marginal cost: 0.0250 (Billed intervals before: [], after: [Interval(1630.2174967504545, 1690.2174967504545, {'query_ids': {'unknown'}})])
2026-02-10 18:55:08,246 - INFO - 	Cluster cluster_4b: Marginal SLO violation: 0.0000, Marginal cost: 0.0250 (Billed intervals before: [], after: [Interval(1630.2174967504545, 1690.2174967504545, {'query_ids': {'unknown'}})])
2026-02-10 18:55:08,247 - INFO - 	Cluster cluster_8: Marginal SLO violation: 0.0000, Marginal cost: 0.0500 (Billed intervals before: [], after: [Interval(1630.2174967504545, 1690.2174967504545, {'query_ids': {'unknown'}})])
2026-02-10 18:55:08,248 - INFO - 	Cluster cluster_8b: Marginal SLO violation: 0.0000, Marginal cost: 0.0500 (Billed intervals before: [], after: [Interval(1630.2174967504545, 1690.2174967504545, {'query_ids': {'unknown'}})])
2026-02-10 18:55:08,248 - INFO - Routing query 17 to cluster cluster_4. Predicted latency is 37.94s (ends at 1668.16s). 
2026-02-10 18:55:08,248 - INFO - (1668.162) Query 17 completed on cluster cluster_4 with latency 37.94s.
2026-02-10 18:55:08,248 - INFO - (1727.113) Routing query 18 with template and idx 010_003.
2026-02-10 18:55:08,249 - INFO - 	Cluster cluster_16: Marginal SLO violation: 0.0000, Marginal cost: 0.1000 (Billed intervals before: [], after: [Interval(1727.1125599254756, 1787.1125599254756, {'query_ids': {'unknown'}})])
2026-02-10 18:55:08,250 - INFO - 	Cluster cluster_16b: Marginal SLO violation: 0.0000, Marginal cost: 0.1000 (Billed intervals before: [], after: [Interval(1727.1125599254756, 1787.1125599254756, {'query_ids': {'unknown'}})])
2026-02-10 18:55:08,251 - INFO - 	Cluster cluster_32: Marginal SLO violation: 0.0000, Marginal cost: 0.2000 (Billed intervals before: [], after: [Interval(1727.1125599254756, 1787.1125599254756, {'query_ids': {'unknown'}})])
2026-02-10 18:55:08,252 - INFO - 	Cluster cluster_32b: Marginal SLO violation: 0.0000, Marginal cost: 0.2000 (Billed intervals before: [], after: [Interval(1727.1125599254756, 1787.1125599254756, {'query_ids': {'unknown'}})])
2026-02-10 18:55:08,253 - INFO - 	Cluster cluster_4: Marginal SLO violation: 0.0000, Marginal cost: 0.0250 (Billed intervals before: [], after: [Interval(1727.1125599254756, 1787.1125599254756, {'query_ids': {'unknown'}})])
2026-02-10 18:55:08,253 - INFO - 	Cluster cluster_4b: Marginal SLO violation: 0.0000, Marginal cost: 0.0250 (Billed intervals before: [], after: [Interval(1727.1125599254756, 1787.1125599254756, {'query_ids': {'unknown'}})])
2026-02-10 18:55:08,254 - INFO - 	Cluster cluster_8: Marginal SLO violation: 0.0000, Marginal cost: 0.0500 (Billed intervals before: [], after: [Interval(1727.1125599254756, 1787.1125599254756, {'query_ids': {'unknown'}})])
2026-02-10 18:55:08,255 - INFO - 	Cluster cluster_8b: Marginal SLO violation: 0.0000, Marginal cost: 0.0500 (Billed intervals before: [], after: [Interval(1727.1125599254756, 1787.1125599254756, {'query_ids': {'unknown'}})])
2026-02-10 18:55:08,255 - INFO - Routing query 18 to cluster cluster_4. Predicted latency is 6.66s (ends at 1733.77s). 
2026-02-10 18:55:08,255 - INFO - (1733.770) Query 18 completed on cluster cluster_4 with latency 6.66s.
2026-02-10 18:55:08,255 - INFO - (1882.040) Routing query 19 with template and idx 040_003.
2026-02-10 18:55:08,256 - INFO - 	Cluster cluster_16: Marginal SLO violation: 0.0000, Marginal cost: 0.1000 (Billed intervals before: [], after: [Interval(1882.039927608258, 1942.039927608258, {'query_ids': {'unknown'}})])
2026-02-10 18:55:08,256 - INFO - 	Cluster cluster_16b: Marginal SLO violation: 0.0000, Marginal cost: 0.1000 (Billed intervals before: [], after: [Interval(1882.039927608258, 1942.039927608258, {'query_ids': {'unknown'}})])
2026-02-10 18:55:08,257 - INFO - 	Cluster cluster_32: Marginal SLO violation: 0.0000, Marginal cost: 0.2000 (Billed intervals before: [], after: [Interval(1882.039927608258, 1942.039927608258, {'query_ids': {'unknown'}})])
2026-02-10 18:55:08,258 - INFO - 	Cluster cluster_32b: Marginal SLO violation: 0.0000, Marginal cost: 0.2000 (Billed intervals before: [], after: [Interval(1882.039927608258, 1942.039927608258, {'query_ids': {'unknown'}})])
2026-02-10 18:55:08,258 - INFO - 	Cluster cluster_4: Marginal SLO violation: 0.0000, Marginal cost: 0.0250 (Billed intervals before: [], after: [Interval(1882.039927608258, 1942.039927608258, {'query_ids': {'unknown'}})])
2026-02-10 18:55:08,259 - INFO - 	Cluster cluster_4b: Marginal SLO violation: 0.0000, Marginal cost: 0.0250 (Billed intervals before: [], after: [Interval(1882.039927608258, 1942.039927608258, {'query_ids': {'unknown'}})])
2026-02-10 18:55:08,259 - INFO - 	Cluster cluster_8: Marginal SLO violation: 0.0000, Marginal cost: 0.0500 (Billed intervals before: [], after: [Interval(1882.039927608258, 1942.039927608258, {'query_ids': {'unknown'}})])
2026-02-10 18:55:08,260 - INFO - 	Cluster cluster_8b: Marginal SLO violation: 0.0000, Marginal cost: 0.0500 (Billed intervals before: [], after: [Interval(1882.039927608258, 1942.039927608258, {'query_ids': {'unknown'}})])
2026-02-10 18:55:08,260 - INFO - Routing query 19 to cluster cluster_4. Predicted latency is 8.19s (ends at 1890.23s). 
2026-02-10 18:55:08,260 - INFO - (1890.227) Query 19 completed on cluster cluster_4 with latency 8.19s.
2026-02-10 18:55:08,260 - INFO - (2055.305) Routing query 20 with template and idx 074_002.
2026-02-10 18:55:08,261 - INFO - 	Cluster cluster_16: Marginal SLO violation: 0.0000, Marginal cost: 0.1000 (Billed intervals before: [], after: [Interval(2055.3048351838593, 2115.3048351838593, {'query_ids': {'unknown'}})])
2026-02-10 18:55:08,262 - INFO - 	Cluster cluster_16b: Marginal SLO violation: 0.0000, Marginal cost: 0.1000 (Billed intervals before: [], after: [Interval(2055.3048351838593, 2115.3048351838593, {'query_ids': {'unknown'}})])
2026-02-10 18:55:08,262 - INFO - 	Cluster cluster_32: Marginal SLO violation: 0.0000, Marginal cost: 0.2000 (Billed intervals before: [], after: [Interval(2055.3048351838593, 2115.3048351838593, {'query_ids': {'unknown'}})])
2026-02-10 18:55:08,263 - INFO - 	Cluster cluster_32b: Marginal SLO violation: 0.0000, Marginal cost: 0.2000 (Billed intervals before: [], after: [Interval(2055.3048351838593, 2115.3048351838593, {'query_ids': {'unknown'}})])
2026-02-10 18:55:08,265 - INFO - 	Cluster cluster_4: Marginal SLO violation: 0.0000, Marginal cost: 0.0250 (Billed intervals before: [], after: [Interval(2055.3048351838593, 2115.3048351838593, {'query_ids': {'unknown'}})])
2026-02-10 18:55:08,267 - INFO - 	Cluster cluster_4b: Marginal SLO violation: 0.0000, Marginal cost: 0.0250 (Billed intervals before: [], after: [Interval(2055.3048351838593, 2115.3048351838593, {'query_ids': {'unknown'}})])
2026-02-10 18:55:08,268 - INFO - 	Cluster cluster_8: Marginal SLO violation: 0.0000, Marginal cost: 0.0500 (Billed intervals before: [], after: [Interval(2055.3048351838593, 2115.3048351838593, {'query_ids': {'unknown'}})])
2026-02-10 18:55:08,269 - INFO - 	Cluster cluster_8b: Marginal SLO violation: 0.0000, Marginal cost: 0.0500 (Billed intervals before: [], after: [Interval(2055.3048351838593, 2115.3048351838593, {'query_ids': {'unknown'}})])
2026-02-10 18:55:08,269 - INFO - Routing query 20 to cluster cluster_4. Predicted latency is 37.94s (ends at 2093.25s). 
2026-02-10 18:55:08,270 - INFO - (2084.816) Routing query 21 with template and idx 074_002.
2026-02-10 18:55:08,271 - INFO - 	Cluster cluster_16: Marginal SLO violation: 0.0000, Marginal cost: 0.1000 (Billed intervals before: [], after: [Interval(2084.81563781101, 2144.81563781101, {'query_ids': {'unknown'}})])
2026-02-10 18:55:08,272 - INFO - 	Cluster cluster_16b: Marginal SLO violation: 0.0000, Marginal cost: 0.1000 (Billed intervals before: [], after: [Interval(2084.81563781101, 2144.81563781101, {'query_ids': {'unknown'}})])
2026-02-10 18:55:08,273 - INFO - 	Cluster cluster_32: Marginal SLO violation: 0.0000, Marginal cost: 0.2000 (Billed intervals before: [], after: [Interval(2084.81563781101, 2144.81563781101, {'query_ids': {'unknown'}})])
2026-02-10 18:55:08,273 - INFO - 	Cluster cluster_32b: Marginal SLO violation: 0.0000, Marginal cost: 0.2000 (Billed intervals before: [], after: [Interval(2084.81563781101, 2144.81563781101, {'query_ids': {'unknown'}})])
2026-02-10 18:55:08,277 - INFO - 	Cluster cluster_4: Marginal SLO violation: 0.0000, Marginal cost: 0.0213 (Billed intervals before: [Interval(2055.3048351838593, 2115.3048351838593, {'query_ids': {'unknown', 20}})], after: [Interval(2055.3048351838593, 2166.305, {'query_ids': {'unknown'}})])
2026-02-10 18:55:08,280 - INFO - 	Cluster cluster_4b: Marginal SLO violation: 0.0000, Marginal cost: 0.0250 (Billed intervals before: [], after: [Interval(2084.81563781101, 2144.81563781101, {'query_ids': {'unknown'}})])
2026-02-10 18:55:08,281 - INFO - 	Cluster cluster_8: Marginal SLO violation: 0.0000, Marginal cost: 0.0500 (Billed intervals before: [], after: [Interval(2084.81563781101, 2144.81563781101, {'query_ids': {'unknown'}})])
2026-02-10 18:55:08,282 - INFO - 	Cluster cluster_8b: Marginal SLO violation: 0.0000, Marginal cost: 0.0500 (Billed intervals before: [], after: [Interval(2084.81563781101, 2144.81563781101, {'query_ids': {'unknown'}})])
2026-02-10 18:55:08,282 - INFO - Routing query 21 to cluster cluster_4. Predicted latency is 81.99s (ends at 2166.81s). 
2026-02-10 18:55:08,282 - INFO - Updating predicted latencies for active queries on cluster cluster_4.
2026-02-10 18:55:08,282 - INFO - 	Query 20: Old: 37.94s, Pred: 35.64s, New: 37.94s (ends at 2093.25s)
2026-02-10 18:55:08,282 - INFO - (2093.250) Query 20 completed on cluster cluster_4 with latency 37.94s.
2026-02-10 18:55:08,282 - INFO - (2166.809) Query 21 completed on cluster cluster_4 with latency 81.99s.
2026-02-10 18:55:08,282 - INFO - (2270.794) Routing query 22 with template and idx 052_002.
2026-02-10 18:55:08,283 - INFO - 	Cluster cluster_16: Marginal SLO violation: 0.0000, Marginal cost: 0.1000 (Billed intervals before: [], after: [Interval(2270.7944563580995, 2330.7944563580995, {'query_ids': {'unknown'}})])
2026-02-10 18:55:08,284 - INFO - 	Cluster cluster_16b: Marginal SLO violation: 0.0000, Marginal cost: 0.1000 (Billed intervals before: [], after: [Interval(2270.7944563580995, 2330.7944563580995, {'query_ids': {'unknown'}})])
2026-02-10 18:55:08,285 - INFO - 	Cluster cluster_32: Marginal SLO violation: 0.0000, Marginal cost: 0.2000 (Billed intervals before: [], after: [Interval(2270.7944563580995, 2330.7944563580995, {'query_ids': {'unknown'}})])
2026-02-10 18:55:08,286 - INFO - 	Cluster cluster_32b: Marginal SLO violation: 0.0000, Marginal cost: 0.2000 (Billed intervals before: [], after: [Interval(2270.7944563580995, 2330.7944563580995, {'query_ids': {'unknown'}})])
2026-02-10 18:55:08,287 - INFO - 	Cluster cluster_4: Marginal SLO violation: 0.0000, Marginal cost: 0.0250 (Billed intervals before: [], after: [Interval(2270.7944563580995, 2330.7944563580995, {'query_ids': {'unknown'}})])
2026-02-10 18:55:08,287 - INFO - 	Cluster cluster_4b: Marginal SLO violation: 0.0000, Marginal cost: 0.0250 (Billed intervals before: [], after: [Interval(2270.7944563580995, 2330.7944563580995, {'query_ids': {'unknown'}})])
2026-02-10 18:55:08,288 - INFO - 	Cluster cluster_8: Marginal SLO violation: 0.0000, Marginal cost: 0.0500 (Billed intervals before: [], after: [Interval(2270.7944563580995, 2330.7944563580995, {'query_ids': {'unknown'}})])
2026-02-10 18:55:08,289 - INFO - 	Cluster cluster_8b: Marginal SLO violation: 0.0000, Marginal cost: 0.0500 (Billed intervals before: [], after: [Interval(2270.7944563580995, 2330.7944563580995, {'query_ids': {'unknown'}})])
2026-02-10 18:55:08,289 - INFO - Routing query 22 to cluster cluster_4. Predicted latency is 1.36s (ends at 2272.15s). 
2026-02-10 18:55:08,289 - INFO - (2272.151) Query 22 completed on cluster cluster_4 with latency 1.36s.
2026-02-10 18:55:08,289 - INFO - (2386.474) Routing query 23 with template and idx 093_003.
2026-02-10 18:55:08,290 - INFO - 	Cluster cluster_16: Marginal SLO violation: 0.0000, Marginal cost: 0.1000 (Billed intervals before: [], after: [Interval(2386.4738490632794, 2446.4738490632794, {'query_ids': {'unknown'}})])
2026-02-10 18:55:08,290 - INFO - 	Cluster cluster_16b: Marginal SLO violation: 0.0000, Marginal cost: 0.1000 (Billed intervals before: [], after: [Interval(2386.4738490632794, 2446.4738490632794, {'query_ids': {'unknown'}})])
2026-02-10 18:55:08,291 - INFO - 	Cluster cluster_32: Marginal SLO violation: 0.0000, Marginal cost: 0.2000 (Billed intervals before: [], after: [Interval(2386.4738490632794, 2446.4738490632794, {'query_ids': {'unknown'}})])
2026-02-10 18:55:08,292 - INFO - 	Cluster cluster_32b: Marginal SLO violation: 0.0000, Marginal cost: 0.2000 (Billed intervals before: [], after: [Interval(2386.4738490632794, 2446.4738490632794, {'query_ids': {'unknown'}})])
2026-02-10 18:55:08,292 - INFO - 	Cluster cluster_4: Marginal SLO violation: 0.0000, Marginal cost: 0.0263 (Billed intervals before: [], after: [Interval(2386.4738490632794, 2449.4738490632794, {'query_ids': {'unknown'}})])
2026-02-10 18:55:08,293 - INFO - 	Cluster cluster_4b: Marginal SLO violation: 0.0000, Marginal cost: 0.0263 (Billed intervals before: [], after: [Interval(2386.4738490632794, 2449.4738490632794, {'query_ids': {'unknown'}})])
2026-02-10 18:55:08,293 - INFO - 	Cluster cluster_8: Marginal SLO violation: 0.0000, Marginal cost: 0.0500 (Billed intervals before: [], after: [Interval(2386.4738490632794, 2446.4738490632794, {'query_ids': {'unknown'}})])
2026-02-10 18:55:08,294 - INFO - 	Cluster cluster_8b: Marginal SLO violation: 0.0000, Marginal cost: 0.0500 (Billed intervals before: [], after: [Interval(2386.4738490632794, 2446.4738490632794, {'query_ids': {'unknown'}})])
2026-02-10 18:55:08,294 - INFO - Routing query 23 to cluster cluster_4. Predicted latency is 63.58s (ends at 2450.05s). 
2026-02-10 18:55:08,294 - INFO - (2450.051) Query 23 completed on cluster cluster_4 with latency 63.58s.
2026-02-10 18:55:08,294 - INFO - (2566.686) Routing query 24 with template and idx 018_003.
2026-02-10 18:55:08,295 - INFO - 	Cluster cluster_16: Marginal SLO violation: 0.0000, Marginal cost: 0.1000 (Billed intervals before: [], after: [Interval(2566.685822936801, 2626.685822936801, {'query_ids': {'unknown'}})])
2026-02-10 18:55:08,296 - INFO - 	Cluster cluster_16b: Marginal SLO violation: 0.0000, Marginal cost: 0.1000 (Billed intervals before: [], after: [Interval(2566.685822936801, 2626.685822936801, {'query_ids': {'unknown'}})])
2026-02-10 18:55:08,296 - INFO - 	Cluster cluster_32: Marginal SLO violation: 0.0000, Marginal cost: 0.2000 (Billed intervals before: [], after: [Interval(2566.685822936801, 2626.685822936801, {'query_ids': {'unknown'}})])
2026-02-10 18:55:08,297 - INFO - 	Cluster cluster_32b: Marginal SLO violation: 0.0000, Marginal cost: 0.2000 (Billed intervals before: [], after: [Interval(2566.685822936801, 2626.685822936801, {'query_ids': {'unknown'}})])
2026-02-10 18:55:08,298 - INFO - 	Cluster cluster_4: Marginal SLO violation: 0.0000, Marginal cost: 0.0250 (Billed intervals before: [], after: [Interval(2566.685822936801, 2626.685822936801, {'query_ids': {'unknown'}})])
2026-02-10 18:55:08,298 - INFO - 	Cluster cluster_4b: Marginal SLO violation: 0.0000, Marginal cost: 0.0250 (Billed intervals before: [], after: [Interval(2566.685822936801, 2626.685822936801, {'query_ids': {'unknown'}})])
2026-02-10 18:55:08,299 - INFO - 	Cluster cluster_8: Marginal SLO violation: 0.0000, Marginal cost: 0.0500 (Billed intervals before: [], after: [Interval(2566.685822936801, 2626.685822936801, {'query_ids': {'unknown'}})])
2026-02-10 18:55:08,299 - INFO - 	Cluster cluster_8b: Marginal SLO violation: 0.0000, Marginal cost: 0.0500 (Billed intervals before: [], after: [Interval(2566.685822936801, 2626.685822936801, {'query_ids': {'unknown'}})])
2026-02-10 18:55:08,300 - INFO - Routing query 24 to cluster cluster_4. Predicted latency is 19.35s (ends at 2586.04s). 
2026-02-10 18:55:08,300 - INFO - (2586.038) Query 24 completed on cluster cluster_4 with latency 19.35s.
2026-02-10 18:55:08,300 - INFO - (2677.654) Routing query 25 with template and idx 060_001.
2026-02-10 18:55:08,300 - INFO - 	Cluster cluster_16: Marginal SLO violation: 0.0000, Marginal cost: 0.1000 (Billed intervals before: [], after: [Interval(2677.653791441214, 2737.653791441214, {'query_ids': {'unknown'}})])
2026-02-10 18:55:08,301 - INFO - 	Cluster cluster_16b: Marginal SLO violation: 0.0000, Marginal cost: 0.1000 (Billed intervals before: [], after: [Interval(2677.653791441214, 2737.653791441214, {'query_ids': {'unknown'}})])
2026-02-10 18:55:08,302 - INFO - 	Cluster cluster_32: Marginal SLO violation: 0.0000, Marginal cost: 0.2000 (Billed intervals before: [], after: [Interval(2677.653791441214, 2737.653791441214, {'query_ids': {'unknown'}})])
2026-02-10 18:55:08,302 - INFO - 	Cluster cluster_32b: Marginal SLO violation: 0.0000, Marginal cost: 0.2000 (Billed intervals before: [], after: [Interval(2677.653791441214, 2737.653791441214, {'query_ids': {'unknown'}})])
2026-02-10 18:55:08,303 - INFO - 	Cluster cluster_4: Marginal SLO violation: 0.0000, Marginal cost: 0.0250 (Billed intervals before: [], after: [Interval(2677.653791441214, 2737.653791441214, {'query_ids': {'unknown'}})])
2026-02-10 18:55:08,304 - INFO - 	Cluster cluster_4b: Marginal SLO violation: 0.0000, Marginal cost: 0.0250 (Billed intervals before: [], after: [Interval(2677.653791441214, 2737.653791441214, {'query_ids': {'unknown'}})])
2026-02-10 18:55:08,304 - INFO - 	Cluster cluster_8: Marginal SLO violation: 0.0000, Marginal cost: 0.0500 (Billed intervals before: [], after: [Interval(2677.653791441214, 2737.653791441214, {'query_ids': {'unknown'}})])
2026-02-10 18:55:08,305 - INFO - 	Cluster cluster_8b: Marginal SLO violation: 0.0000, Marginal cost: 0.0500 (Billed intervals before: [], after: [Interval(2677.653791441214, 2737.653791441214, {'query_ids': {'unknown'}})])
2026-02-10 18:55:08,305 - INFO - Routing query 25 to cluster cluster_4. Predicted latency is 10.65s (ends at 2688.31s). 
2026-02-10 18:55:08,305 - INFO - (2688.307) Query 25 completed on cluster cluster_4 with latency 10.65s.
2026-02-10 18:55:08,305 - INFO - (2739.720) Routing query 26 with template and idx 029_003.
2026-02-10 18:55:08,306 - INFO - 	Cluster cluster_16: Marginal SLO violation: 0.0000, Marginal cost: 0.1000 (Billed intervals before: [], after: [Interval(2739.7203311275152, 2799.7203311275152, {'query_ids': {'unknown'}})])
2026-02-10 18:55:08,306 - INFO - 	Cluster cluster_16b: Marginal SLO violation: 0.0000, Marginal cost: 0.1000 (Billed intervals before: [], after: [Interval(2739.7203311275152, 2799.7203311275152, {'query_ids': {'unknown'}})])
2026-02-10 18:55:08,307 - INFO - 	Cluster cluster_32: Marginal SLO violation: 0.0000, Marginal cost: 0.2000 (Billed intervals before: [], after: [Interval(2739.7203311275152, 2799.7203311275152, {'query_ids': {'unknown'}})])
2026-02-10 18:55:08,308 - INFO - 	Cluster cluster_32b: Marginal SLO violation: 0.0000, Marginal cost: 0.2000 (Billed intervals before: [], after: [Interval(2739.7203311275152, 2799.7203311275152, {'query_ids': {'unknown'}})])
2026-02-10 18:55:08,308 - INFO - 	Cluster cluster_4: Marginal SLO violation: 0.0000, Marginal cost: 0.0250 (Billed intervals before: [], after: [Interval(2739.7203311275152, 2799.7203311275152, {'query_ids': {'unknown'}})])
2026-02-10 18:55:08,309 - INFO - 	Cluster cluster_4b: Marginal SLO violation: 0.0000, Marginal cost: 0.0250 (Billed intervals before: [], after: [Interval(2739.7203311275152, 2799.7203311275152, {'query_ids': {'unknown'}})])
2026-02-10 18:55:08,310 - INFO - 	Cluster cluster_8: Marginal SLO violation: 0.0000, Marginal cost: 0.0500 (Billed intervals before: [], after: [Interval(2739.7203311275152, 2799.7203311275152, {'query_ids': {'unknown'}})])
2026-02-10 18:55:08,310 - INFO - 	Cluster cluster_8b: Marginal SLO violation: 0.0000, Marginal cost: 0.0500 (Billed intervals before: [], after: [Interval(2739.7203311275152, 2799.7203311275152, {'query_ids': {'unknown'}})])
2026-02-10 18:55:08,310 - INFO - Routing query 26 to cluster cluster_4. Predicted latency is 39.95s (ends at 2779.68s). 
2026-02-10 18:55:08,311 - INFO - (2779.675) Query 26 completed on cluster cluster_4 with latency 39.95s.
2026-02-10 18:55:08,311 - INFO - (2948.394) Routing query 27 with template and idx 039_003.
2026-02-10 18:55:08,311 - INFO - 	Cluster cluster_16: Marginal SLO violation: 0.0000, Marginal cost: 0.1000 (Billed intervals before: [], after: [Interval(2948.393973812006, 3008.393973812006, {'query_ids': {'unknown'}})])
2026-02-10 18:55:08,312 - INFO - 	Cluster cluster_16b: Marginal SLO violation: 0.0000, Marginal cost: 0.1000 (Billed intervals before: [], after: [Interval(2948.393973812006, 3008.393973812006, {'query_ids': {'unknown'}})])
2026-02-10 18:55:08,313 - INFO - 	Cluster cluster_32: Marginal SLO violation: 0.0000, Marginal cost: 0.2000 (Billed intervals before: [], after: [Interval(2948.393973812006, 3008.393973812006, {'query_ids': {'unknown'}})])
2026-02-10 18:55:08,313 - INFO - 	Cluster cluster_32b: Marginal SLO violation: 0.0000, Marginal cost: 0.2000 (Billed intervals before: [], after: [Interval(2948.393973812006, 3008.393973812006, {'query_ids': {'unknown'}})])
2026-02-10 18:55:08,314 - INFO - 	Cluster cluster_4: Marginal SLO violation: 0.0000, Marginal cost: 0.0250 (Billed intervals before: [], after: [Interval(2948.393973812006, 3008.393973812006, {'query_ids': {'unknown'}})])
2026-02-10 18:55:08,314 - INFO - 	Cluster cluster_4b: Marginal SLO violation: 0.0000, Marginal cost: 0.0250 (Billed intervals before: [], after: [Interval(2948.393973812006, 3008.393973812006, {'query_ids': {'unknown'}})])
2026-02-10 18:55:08,315 - INFO - 	Cluster cluster_8: Marginal SLO violation: 0.0000, Marginal cost: 0.0500 (Billed intervals before: [], after: [Interval(2948.393973812006, 3008.393973812006, {'query_ids': {'unknown'}})])
2026-02-10 18:55:08,316 - INFO - 	Cluster cluster_8b: Marginal SLO violation: 0.0000, Marginal cost: 0.0500 (Billed intervals before: [], after: [Interval(2948.393973812006, 3008.393973812006, {'query_ids': {'unknown'}})])
2026-02-10 18:55:08,316 - INFO - Routing query 27 to cluster cluster_4. Predicted latency is 11.53s (ends at 2959.92s). 
2026-02-10 18:55:08,316 - INFO - (2959.925) Query 27 completed on cluster cluster_4 with latency 11.53s.
2026-02-10 18:55:08,316 - INFO - (3037.298) Routing query 28 with template and idx 034_002.
2026-02-10 18:55:08,317 - INFO - 	Cluster cluster_16: Marginal SLO violation: 0.0000, Marginal cost: 0.1000 (Billed intervals before: [], after: [Interval(3037.297760715587, 3097.297760715587, {'query_ids': {'unknown'}})])
2026-02-10 18:55:08,317 - INFO - 	Cluster cluster_16b: Marginal SLO violation: 0.0000, Marginal cost: 0.1000 (Billed intervals before: [], after: [Interval(3037.297760715587, 3097.297760715587, {'query_ids': {'unknown'}})])
2026-02-10 18:55:08,318 - INFO - 	Cluster cluster_32: Marginal SLO violation: 0.0000, Marginal cost: 0.2000 (Billed intervals before: [], after: [Interval(3037.297760715587, 3097.297760715587, {'query_ids': {'unknown'}})])
2026-02-10 18:55:08,319 - INFO - 	Cluster cluster_32b: Marginal SLO violation: 0.0000, Marginal cost: 0.2000 (Billed intervals before: [], after: [Interval(3037.297760715587, 3097.297760715587, {'query_ids': {'unknown'}})])
2026-02-10 18:55:08,319 - INFO - 	Cluster cluster_4: Marginal SLO violation: 0.0000, Marginal cost: 0.0250 (Billed intervals before: [], after: [Interval(3037.297760715587, 3097.297760715587, {'query_ids': {'unknown'}})])
2026-02-10 18:55:08,320 - INFO - 	Cluster cluster_4b: Marginal SLO violation: 0.0000, Marginal cost: 0.0250 (Billed intervals before: [], after: [Interval(3037.297760715587, 3097.297760715587, {'query_ids': {'unknown'}})])
2026-02-10 18:55:08,321 - INFO - 	Cluster cluster_8: Marginal SLO violation: 0.0000, Marginal cost: 0.0500 (Billed intervals before: [], after: [Interval(3037.297760715587, 3097.297760715587, {'query_ids': {'unknown'}})])
2026-02-10 18:55:08,321 - INFO - 	Cluster cluster_8b: Marginal SLO violation: 0.0000, Marginal cost: 0.0500 (Billed intervals before: [], after: [Interval(3037.297760715587, 3097.297760715587, {'query_ids': {'unknown'}})])
2026-02-10 18:55:08,321 - INFO - Routing query 28 to cluster cluster_4. Predicted latency is 22.03s (ends at 3059.33s). 
2026-02-10 18:55:08,321 - INFO - (3059.333) Query 28 completed on cluster cluster_4 with latency 22.03s.
2026-02-10 18:55:08,322 - INFO - (3069.280) Routing query 29 with template and idx 034_002.
2026-02-10 18:55:08,322 - INFO - 	Cluster cluster_16: Marginal SLO violation: 0.0000, Marginal cost: 0.1000 (Billed intervals before: [], after: [Interval(3069.2796876048155, 3129.2796876048155, {'query_ids': {'unknown'}})])
2026-02-10 18:55:08,323 - INFO - 	Cluster cluster_16b: Marginal SLO violation: 0.0000, Marginal cost: 0.1000 (Billed intervals before: [], after: [Interval(3069.2796876048155, 3129.2796876048155, {'query_ids': {'unknown'}})])
2026-02-10 18:55:08,323 - INFO - 	Cluster cluster_32: Marginal SLO violation: 0.0000, Marginal cost: 0.2000 (Billed intervals before: [], after: [Interval(3069.2796876048155, 3129.2796876048155, {'query_ids': {'unknown'}})])
2026-02-10 18:55:08,324 - INFO - 	Cluster cluster_32b: Marginal SLO violation: 0.0000, Marginal cost: 0.2000 (Billed intervals before: [], after: [Interval(3069.2796876048155, 3129.2796876048155, {'query_ids': {'unknown'}})])
2026-02-10 18:55:08,325 - INFO - 	Cluster cluster_4: Marginal SLO violation: 0.0000, Marginal cost: 0.0000 (Billed intervals before: [Interval(3037.297760715587, 3097.297760715587, {'query_ids': {'unknown'}})], after: [Interval(3037.297760715587, 3097.297760715587, {'query_ids': {'unknown'}})])
2026-02-10 18:55:08,325 - INFO - 	Cluster cluster_4b: Marginal SLO violation: 0.0000, Marginal cost: 0.0250 (Billed intervals before: [], after: [Interval(3069.2796876048155, 3129.2796876048155, {'query_ids': {'unknown'}})])
2026-02-10 18:55:08,326 - INFO - 	Cluster cluster_8: Marginal SLO violation: 0.0000, Marginal cost: 0.0500 (Billed intervals before: [], after: [Interval(3069.2796876048155, 3129.2796876048155, {'query_ids': {'unknown'}})])
2026-02-10 18:55:08,327 - INFO - 	Cluster cluster_8b: Marginal SLO violation: 0.0000, Marginal cost: 0.0500 (Billed intervals before: [], after: [Interval(3069.2796876048155, 3129.2796876048155, {'query_ids': {'unknown'}})])
2026-02-10 18:55:08,327 - INFO - Routing query 29 to cluster cluster_4. Predicted latency is 22.03s (ends at 3091.31s). 
2026-02-10 18:55:08,327 - INFO - (3091.314) Query 29 completed on cluster cluster_4 with latency 22.03s.
2026-02-10 18:55:08,327 - INFO - (3242.837) Routing query 30 with template and idx 073_001.
2026-02-10 18:55:08,328 - INFO - 	Cluster cluster_16: Marginal SLO violation: 0.0000, Marginal cost: 0.1000 (Billed intervals before: [], after: [Interval(3242.8374558951855, 3302.8374558951855, {'query_ids': {'unknown'}})])
2026-02-10 18:55:08,328 - INFO - 	Cluster cluster_16b: Marginal SLO violation: 0.0000, Marginal cost: 0.1000 (Billed intervals before: [], after: [Interval(3242.8374558951855, 3302.8374558951855, {'query_ids': {'unknown'}})])
2026-02-10 18:55:08,329 - INFO - 	Cluster cluster_32: Marginal SLO violation: 0.0000, Marginal cost: 0.2000 (Billed intervals before: [], after: [Interval(3242.8374558951855, 3302.8374558951855, {'query_ids': {'unknown'}})])
2026-02-10 18:55:08,330 - INFO - 	Cluster cluster_32b: Marginal SLO violation: 0.0000, Marginal cost: 0.2000 (Billed intervals before: [], after: [Interval(3242.8374558951855, 3302.8374558951855, {'query_ids': {'unknown'}})])
2026-02-10 18:55:08,330 - INFO - 	Cluster cluster_4: Marginal SLO violation: 0.0000, Marginal cost: 0.0250 (Billed intervals before: [], after: [Interval(3242.8374558951855, 3302.8374558951855, {'query_ids': {'unknown'}})])
2026-02-10 18:55:08,331 - INFO - 	Cluster cluster_4b: Marginal SLO violation: 0.0000, Marginal cost: 0.0250 (Billed intervals before: [], after: [Interval(3242.8374558951855, 3302.8374558951855, {'query_ids': {'unknown'}})])
2026-02-10 18:55:08,331 - INFO - 	Cluster cluster_8: Marginal SLO violation: 0.0000, Marginal cost: 0.0500 (Billed intervals before: [], after: [Interval(3242.8374558951855, 3302.8374558951855, {'query_ids': {'unknown'}})])
2026-02-10 18:55:08,332 - INFO - 	Cluster cluster_8b: Marginal SLO violation: 0.0000, Marginal cost: 0.0500 (Billed intervals before: [], after: [Interval(3242.8374558951855, 3302.8374558951855, {'query_ids': {'unknown'}})])
2026-02-10 18:55:08,332 - INFO - Routing query 30 to cluster cluster_4. Predicted latency is 15.54s (ends at 3258.38s). 
2026-02-10 18:55:08,332 - INFO - (3258.376) Query 30 completed on cluster cluster_4 with latency 15.54s.
2026-02-10 18:55:08,332 - INFO - (3413.833) Routing query 31 with template and idx 087_001.
2026-02-10 18:55:08,333 - INFO - 	Cluster cluster_16: Marginal SLO violation: 0.0000, Marginal cost: 0.1000 (Billed intervals before: [], after: [Interval(3413.8327281389265, 3473.8327281389265, {'query_ids': {'unknown'}})])
2026-02-10 18:55:08,334 - INFO - 	Cluster cluster_16b: Marginal SLO violation: 0.0000, Marginal cost: 0.1000 (Billed intervals before: [], after: [Interval(3413.8327281389265, 3473.8327281389265, {'query_ids': {'unknown'}})])
2026-02-10 18:55:08,334 - INFO - 	Cluster cluster_32: Marginal SLO violation: 0.0000, Marginal cost: 0.2000 (Billed intervals before: [], after: [Interval(3413.8327281389265, 3473.8327281389265, {'query_ids': {'unknown'}})])
2026-02-10 18:55:08,335 - INFO - 	Cluster cluster_32b: Marginal SLO violation: 0.0000, Marginal cost: 0.2000 (Billed intervals before: [], after: [Interval(3413.8327281389265, 3473.8327281389265, {'query_ids': {'unknown'}})])
2026-02-10 18:55:08,337 - INFO - 	Cluster cluster_4: Marginal SLO violation: 0.0000, Marginal cost: 0.0250 (Billed intervals before: [], after: [Interval(3413.8327281389265, 3473.8327281389265, {'query_ids': {'unknown'}})])
2026-02-10 18:55:08,339 - INFO - 	Cluster cluster_4b: Marginal SLO violation: 0.0000, Marginal cost: 0.0250 (Billed intervals before: [], after: [Interval(3413.8327281389265, 3473.8327281389265, {'query_ids': {'unknown'}})])
2026-02-10 18:55:08,340 - INFO - 	Cluster cluster_8: Marginal SLO violation: 0.0000, Marginal cost: 0.0500 (Billed intervals before: [], after: [Interval(3413.8327281389265, 3473.8327281389265, {'query_ids': {'unknown'}})])
2026-02-10 18:55:08,341 - INFO - 	Cluster cluster_8b: Marginal SLO violation: 0.0000, Marginal cost: 0.0500 (Billed intervals before: [], after: [Interval(3413.8327281389265, 3473.8327281389265, {'query_ids': {'unknown'}})])
2026-02-10 18:55:08,341 - INFO - Routing query 31 to cluster cluster_4. Predicted latency is 34.25s (ends at 3448.09s). 
2026-02-10 18:55:08,342 - INFO - (3448.086) Query 31 completed on cluster cluster_4 with latency 34.25s.
2026-02-10 18:55:08,342 - INFO - (3455.153) Routing query 32 with template and idx 084_003.
2026-02-10 18:55:08,343 - INFO - 	Cluster cluster_16: Marginal SLO violation: 0.0000, Marginal cost: 0.1000 (Billed intervals before: [], after: [Interval(3455.15327459386, 3515.15327459386, {'query_ids': {'unknown'}})])
2026-02-10 18:55:08,344 - INFO - 	Cluster cluster_16b: Marginal SLO violation: 0.0000, Marginal cost: 0.1000 (Billed intervals before: [], after: [Interval(3455.15327459386, 3515.15327459386, {'query_ids': {'unknown'}})])
2026-02-10 18:55:08,345 - INFO - 	Cluster cluster_32: Marginal SLO violation: 0.0000, Marginal cost: 0.2000 (Billed intervals before: [], after: [Interval(3455.15327459386, 3515.15327459386, {'query_ids': {'unknown'}})])
2026-02-10 18:55:08,346 - INFO - 	Cluster cluster_32b: Marginal SLO violation: 0.0000, Marginal cost: 0.2000 (Billed intervals before: [], after: [Interval(3455.15327459386, 3515.15327459386, {'query_ids': {'unknown'}})])
2026-02-10 18:55:08,347 - INFO - 	Cluster cluster_4: Marginal SLO violation: 0.0000, Marginal cost: 0.0000 (Billed intervals before: [Interval(3413.8327281389265, 3473.8327281389265, {'query_ids': {'unknown'}})], after: [Interval(3413.8327281389265, 3473.8327281389265, {'query_ids': {'unknown'}})])
2026-02-10 18:55:08,347 - INFO - 	Cluster cluster_4b: Marginal SLO violation: 0.0000, Marginal cost: 0.0250 (Billed intervals before: [], after: [Interval(3455.15327459386, 3515.15327459386, {'query_ids': {'unknown'}})])
2026-02-10 18:55:08,348 - INFO - 	Cluster cluster_8: Marginal SLO violation: 0.0000, Marginal cost: 0.0500 (Billed intervals before: [], after: [Interval(3455.15327459386, 3515.15327459386, {'query_ids': {'unknown'}})])
2026-02-10 18:55:08,349 - INFO - 	Cluster cluster_8b: Marginal SLO violation: 0.0000, Marginal cost: 0.0500 (Billed intervals before: [], after: [Interval(3455.15327459386, 3515.15327459386, {'query_ids': {'unknown'}})])
2026-02-10 18:55:08,349 - INFO - Routing query 32 to cluster cluster_4. Predicted latency is 4.68s (ends at 3459.84s). 
2026-02-10 18:55:08,349 - INFO - (3459.837) Query 32 completed on cluster cluster_4 with latency 4.68s.
2026-02-10 18:55:08,349 - INFO - (3490.231) Routing query 33 with template and idx 052_003.
2026-02-10 18:55:08,350 - INFO - 	Cluster cluster_16: Marginal SLO violation: 0.0000, Marginal cost: 0.1000 (Billed intervals before: [], after: [Interval(3490.231030070835, 3550.231030070835, {'query_ids': {'unknown'}})])
2026-02-10 18:55:08,350 - INFO - 	Cluster cluster_16b: Marginal SLO violation: 0.0000, Marginal cost: 0.1000 (Billed intervals before: [], after: [Interval(3490.231030070835, 3550.231030070835, {'query_ids': {'unknown'}})])
2026-02-10 18:55:08,351 - INFO - 	Cluster cluster_32: Marginal SLO violation: 0.0000, Marginal cost: 0.2000 (Billed intervals before: [], after: [Interval(3490.231030070835, 3550.231030070835, {'query_ids': {'unknown'}})])
2026-02-10 18:55:08,352 - INFO - 	Cluster cluster_32b: Marginal SLO violation: 0.0000, Marginal cost: 0.2000 (Billed intervals before: [], after: [Interval(3490.231030070835, 3550.231030070835, {'query_ids': {'unknown'}})])
2026-02-10 18:55:08,352 - INFO - 	Cluster cluster_4: Marginal SLO violation: 0.0000, Marginal cost: 0.0250 (Billed intervals before: [], after: [Interval(3490.231030070835, 3550.231030070835, {'query_ids': {'unknown'}})])
2026-02-10 18:55:08,353 - INFO - 	Cluster cluster_4b: Marginal SLO violation: 0.0000, Marginal cost: 0.0250 (Billed intervals before: [], after: [Interval(3490.231030070835, 3550.231030070835, {'query_ids': {'unknown'}})])
2026-02-10 18:55:08,353 - INFO - 	Cluster cluster_8: Marginal SLO violation: 0.0000, Marginal cost: 0.0500 (Billed intervals before: [], after: [Interval(3490.231030070835, 3550.231030070835, {'query_ids': {'unknown'}})])
2026-02-10 18:55:08,354 - INFO - 	Cluster cluster_8b: Marginal SLO violation: 0.0000, Marginal cost: 0.0500 (Billed intervals before: [], after: [Interval(3490.231030070835, 3550.231030070835, {'query_ids': {'unknown'}})])
2026-02-10 18:55:08,354 - INFO - Routing query 33 to cluster cluster_4. Predicted latency is 2.08s (ends at 3492.31s). 
2026-02-10 18:55:08,354 - INFO - (3492.312) Query 33 completed on cluster cluster_4 with latency 2.08s.
2026-02-10 18:55:08,354 - INFO - (3584.992) Routing query 34 with template and idx 039_001.
2026-02-10 18:55:08,355 - INFO - 	Cluster cluster_16: Marginal SLO violation: 0.0000, Marginal cost: 0.1000 (Billed intervals before: [], after: [Interval(3584.9923107049135, 3644.9923107049135, {'query_ids': {'unknown'}})])
2026-02-10 18:55:08,356 - INFO - 	Cluster cluster_16b: Marginal SLO violation: 0.0000, Marginal cost: 0.1000 (Billed intervals before: [], after: [Interval(3584.9923107049135, 3644.9923107049135, {'query_ids': {'unknown'}})])
2026-02-10 18:55:08,356 - INFO - 	Cluster cluster_32: Marginal SLO violation: 0.0000, Marginal cost: 0.2000 (Billed intervals before: [], after: [Interval(3584.9923107049135, 3644.9923107049135, {'query_ids': {'unknown'}})])
2026-02-10 18:55:08,357 - INFO - 	Cluster cluster_32b: Marginal SLO violation: 0.0000, Marginal cost: 0.2000 (Billed intervals before: [], after: [Interval(3584.9923107049135, 3644.9923107049135, {'query_ids': {'unknown'}})])
2026-02-10 18:55:08,358 - INFO - 	Cluster cluster_4: Marginal SLO violation: 0.0000, Marginal cost: 0.0250 (Billed intervals before: [], after: [Interval(3584.9923107049135, 3644.9923107049135, {'query_ids': {'unknown'}})])
2026-02-10 18:55:08,358 - INFO - 	Cluster cluster_4b: Marginal SLO violation: 0.0000, Marginal cost: 0.0250 (Billed intervals before: [], after: [Interval(3584.9923107049135, 3644.9923107049135, {'query_ids': {'unknown'}})])
2026-02-10 18:55:08,359 - INFO - 	Cluster cluster_8: Marginal SLO violation: 0.0000, Marginal cost: 0.0500 (Billed intervals before: [], after: [Interval(3584.9923107049135, 3644.9923107049135, {'query_ids': {'unknown'}})])
2026-02-10 18:55:08,360 - INFO - 	Cluster cluster_8b: Marginal SLO violation: 0.0000, Marginal cost: 0.0500 (Billed intervals before: [], after: [Interval(3584.9923107049135, 3644.9923107049135, {'query_ids': {'unknown'}})])
2026-02-10 18:55:08,360 - INFO - Routing query 34 to cluster cluster_4. Predicted latency is 7.99s (ends at 3592.98s). 
2026-02-10 18:55:08,360 - INFO - (3592.982) Query 34 completed on cluster cluster_4 with latency 7.99s.
