2026-02-10 18:55:08,722 - INFO - Starting simulator run for workload 'tpcds_99templates_25pctheavy_120meaninterarrivals' with model '1769376434' and blueprint 'multi_16_16b_32_32b_4_4b_8_8b'
2026-02-10 18:55:08,722 - INFO - Optimize based on SLO violation amount: True with thresholds: slo_violation_rate_threshold = 0.05, slo_violation_amount_threshold_s = 30.0, slo_s = 180.0
2026-02-10 18:55:08,728 - INFO - (0.000) Routing query 0 with template and idx 019_003.
2026-02-10 18:55:08,729 - INFO - 	Cluster cluster_16: Marginal SLO violation: 0.0000, Marginal cost: 0.1000 (Billed intervals before: [], after: [Interval(0.0, 60.0, {'query_ids': {'unknown'}})])
2026-02-10 18:55:08,730 - INFO - 	Cluster cluster_16b: Marginal SLO violation: 0.0000, Marginal cost: 0.1000 (Billed intervals before: [], after: [Interval(0.0, 60.0, {'query_ids': {'unknown'}})])
2026-02-10 18:55:08,730 - INFO - 	Cluster cluster_32: Marginal SLO violation: 0.0000, Marginal cost: 0.2000 (Billed intervals before: [], after: [Interval(0.0, 60.0, {'query_ids': {'unknown'}})])
2026-02-10 18:55:08,731 - INFO - 	Cluster cluster_32b: Marginal SLO violation: 0.0000, Marginal cost: 0.2000 (Billed intervals before: [], after: [Interval(0.0, 60.0, {'query_ids': {'unknown'}})])
2026-02-10 18:55:08,732 - INFO - 	Cluster cluster_4: Marginal SLO violation: 0.0000, Marginal cost: 0.0250 (Billed intervals before: [], after: [Interval(0.0, 60.0, {'query_ids': {'unknown'}})])
2026-02-10 18:55:08,732 - INFO - 	Cluster cluster_4b: Marginal SLO violation: 0.0000, Marginal cost: 0.0250 (Billed intervals before: [], after: [Interval(0.0, 60.0, {'query_ids': {'unknown'}})])
2026-02-10 18:55:08,733 - INFO - 	Cluster cluster_8: Marginal SLO violation: 0.0000, Marginal cost: 0.0500 (Billed intervals before: [], after: [Interval(0.0, 60.0, {'query_ids': {'unknown'}})])
2026-02-10 18:55:08,734 - INFO - 	Cluster cluster_8b: Marginal SLO violation: 0.0000, Marginal cost: 0.0500 (Billed intervals before: [], after: [Interval(0.0, 60.0, {'query_ids': {'unknown'}})])
2026-02-10 18:55:08,734 - INFO - Routing query 0 to cluster cluster_4. Predicted latency is 24.98s (ends at 24.98s). 
2026-02-10 18:55:08,734 - INFO - (24.977) Query 0 completed on cluster cluster_4 with latency 24.98s.
2026-02-10 18:55:08,734 - INFO - (148.432) Routing query 1 with template and idx 090_003.
2026-02-10 18:55:08,734 - INFO - 	Cluster cluster_16: Marginal SLO violation: 0.0000, Marginal cost: 0.1000 (Billed intervals before: [], after: [Interval(148.4316500246894, 208.4316500246894, {'query_ids': {'unknown'}})])
2026-02-10 18:55:08,735 - INFO - 	Cluster cluster_16b: Marginal SLO violation: 0.0000, Marginal cost: 0.1000 (Billed intervals before: [], after: [Interval(148.4316500246894, 208.4316500246894, {'query_ids': {'unknown'}})])
2026-02-10 18:55:08,736 - INFO - 	Cluster cluster_32: Marginal SLO violation: 0.0000, Marginal cost: 0.2000 (Billed intervals before: [], after: [Interval(148.4316500246894, 208.4316500246894, {'query_ids': {'unknown'}})])
2026-02-10 18:55:08,736 - INFO - 	Cluster cluster_32b: Marginal SLO violation: 0.0000, Marginal cost: 0.2000 (Billed intervals before: [], after: [Interval(148.4316500246894, 208.4316500246894, {'query_ids': {'unknown'}})])
2026-02-10 18:55:08,737 - INFO - 	Cluster cluster_4: Marginal SLO violation: 0.0000, Marginal cost: 0.0250 (Billed intervals before: [], after: [Interval(148.4316500246894, 208.4316500246894, {'query_ids': {'unknown'}})])
2026-02-10 18:55:08,738 - INFO - 	Cluster cluster_4b: Marginal SLO violation: 0.0000, Marginal cost: 0.0250 (Billed intervals before: [], after: [Interval(148.4316500246894, 208.4316500246894, {'query_ids': {'unknown'}})])
2026-02-10 18:55:08,738 - INFO - 	Cluster cluster_8: Marginal SLO violation: 0.0000, Marginal cost: 0.0500 (Billed intervals before: [], after: [Interval(148.4316500246894, 208.4316500246894, {'query_ids': {'unknown'}})])
2026-02-10 18:55:08,739 - INFO - 	Cluster cluster_8b: Marginal SLO violation: 0.0000, Marginal cost: 0.0500 (Billed intervals before: [], after: [Interval(148.4316500246894, 208.4316500246894, {'query_ids': {'unknown'}})])
2026-02-10 18:55:08,739 - INFO - Routing query 1 to cluster cluster_4. Predicted latency is 24.33s (ends at 172.76s). 
2026-02-10 18:55:08,739 - INFO - (172.761) Query 1 completed on cluster cluster_4 with latency 24.33s.
2026-02-10 18:55:08,739 - INFO - (350.539) Routing query 2 with template and idx 030_003.
2026-02-10 18:55:08,740 - INFO - 	Cluster cluster_16: Marginal SLO violation: 0.0000, Marginal cost: 0.1000 (Billed intervals before: [], after: [Interval(350.53865742063465, 410.53865742063465, {'query_ids': {'unknown'}})])
2026-02-10 18:55:08,740 - INFO - 	Cluster cluster_16b: Marginal SLO violation: 0.0000, Marginal cost: 0.1000 (Billed intervals before: [], after: [Interval(350.53865742063465, 410.53865742063465, {'query_ids': {'unknown'}})])
2026-02-10 18:55:08,741 - INFO - 	Cluster cluster_32: Marginal SLO violation: 0.0000, Marginal cost: 0.2000 (Billed intervals before: [], after: [Interval(350.53865742063465, 410.53865742063465, {'query_ids': {'unknown'}})])
2026-02-10 18:55:08,742 - INFO - 	Cluster cluster_32b: Marginal SLO violation: 0.0000, Marginal cost: 0.2000 (Billed intervals before: [], after: [Interval(350.53865742063465, 410.53865742063465, {'query_ids': {'unknown'}})])
2026-02-10 18:55:08,742 - INFO - 	Cluster cluster_4: Marginal SLO violation: 0.0000, Marginal cost: 0.0250 (Billed intervals before: [], after: [Interval(350.53865742063465, 410.53865742063465, {'query_ids': {'unknown'}})])
2026-02-10 18:55:08,743 - INFO - 	Cluster cluster_4b: Marginal SLO violation: 0.0000, Marginal cost: 0.0250 (Billed intervals before: [], after: [Interval(350.53865742063465, 410.53865742063465, {'query_ids': {'unknown'}})])
2026-02-10 18:55:08,743 - INFO - 	Cluster cluster_8: Marginal SLO violation: 0.0000, Marginal cost: 0.0500 (Billed intervals before: [], after: [Interval(350.53865742063465, 410.53865742063465, {'query_ids': {'unknown'}})])
2026-02-10 18:55:08,744 - INFO - 	Cluster cluster_8b: Marginal SLO violation: 0.0000, Marginal cost: 0.0500 (Billed intervals before: [], after: [Interval(350.53865742063465, 410.53865742063465, {'query_ids': {'unknown'}})])
2026-02-10 18:55:08,744 - INFO - Routing query 2 to cluster cluster_4. Predicted latency is 31.07s (ends at 381.60s). 
2026-02-10 18:55:08,744 - INFO - (381.604) Query 2 completed on cluster cluster_4 with latency 31.07s.
2026-02-10 18:55:08,744 - INFO - (442.370) Routing query 3 with template and idx 038_001.
2026-02-10 18:55:08,745 - INFO - 	Cluster cluster_16: Marginal SLO violation: 0.0000, Marginal cost: 0.1000 (Billed intervals before: [], after: [Interval(442.37019426453753, 502.37019426453753, {'query_ids': {'unknown'}})])
2026-02-10 18:55:08,746 - INFO - 	Cluster cluster_16b: Marginal SLO violation: 0.0000, Marginal cost: 0.1000 (Billed intervals before: [], after: [Interval(442.37019426453753, 502.37019426453753, {'query_ids': {'unknown'}})])
2026-02-10 18:55:08,746 - INFO - 	Cluster cluster_32: Marginal SLO violation: 0.0000, Marginal cost: 0.2000 (Billed intervals before: [], after: [Interval(442.37019426453753, 502.37019426453753, {'query_ids': {'unknown'}})])
2026-02-10 18:55:08,747 - INFO - 	Cluster cluster_32b: Marginal SLO violation: 0.0000, Marginal cost: 0.2000 (Billed intervals before: [], after: [Interval(442.37019426453753, 502.37019426453753, {'query_ids': {'unknown'}})])
2026-02-10 18:55:08,747 - INFO - 	Cluster cluster_4: Marginal SLO violation: 0.0000, Marginal cost: 0.0438 (Billed intervals before: [], after: [Interval(442.37019426453753, 547.3701942645375, {'query_ids': {'unknown'}})])
2026-02-10 18:55:08,748 - INFO - 	Cluster cluster_4b: Marginal SLO violation: 0.0000, Marginal cost: 0.0438 (Billed intervals before: [], after: [Interval(442.37019426453753, 547.3701942645375, {'query_ids': {'unknown'}})])
2026-02-10 18:55:08,749 - INFO - 	Cluster cluster_8: Marginal SLO violation: 0.0000, Marginal cost: 0.0500 (Billed intervals before: [], after: [Interval(442.37019426453753, 502.37019426453753, {'query_ids': {'unknown'}})])
2026-02-10 18:55:08,749 - INFO - 	Cluster cluster_8b: Marginal SLO violation: 0.0000, Marginal cost: 0.0500 (Billed intervals before: [], after: [Interval(442.37019426453753, 502.37019426453753, {'query_ids': {'unknown'}})])
2026-02-10 18:55:08,749 - INFO - Routing query 3 to cluster cluster_4. Predicted latency is 105.93s (ends at 548.30s). 
2026-02-10 18:55:08,750 - INFO - (548.302) Query 3 completed on cluster cluster_4 with latency 105.93s.
2026-02-10 18:55:08,750 - INFO - (594.924) Routing query 4 with template and idx 028_001.
2026-02-10 18:55:08,750 - INFO - 	Cluster cluster_16: Marginal SLO violation: 0.0000, Marginal cost: 0.1000 (Billed intervals before: [], after: [Interval(594.9237968796954, 654.9237968796954, {'query_ids': {'unknown'}})])
2026-02-10 18:55:08,751 - INFO - 	Cluster cluster_16b: Marginal SLO violation: 0.0000, Marginal cost: 0.1000 (Billed intervals before: [], after: [Interval(594.9237968796954, 654.9237968796954, {'query_ids': {'unknown'}})])
2026-02-10 18:55:08,751 - INFO - 	Cluster cluster_32: Marginal SLO violation: 0.0000, Marginal cost: 0.2000 (Billed intervals before: [], after: [Interval(594.9237968796954, 654.9237968796954, {'query_ids': {'unknown'}})])
2026-02-10 18:55:08,752 - INFO - 	Cluster cluster_32b: Marginal SLO violation: 0.0000, Marginal cost: 0.2000 (Billed intervals before: [], after: [Interval(594.9237968796954, 654.9237968796954, {'query_ids': {'unknown'}})])
2026-02-10 18:55:08,754 - INFO - 	Cluster cluster_4: Marginal SLO violation: 0.0000, Marginal cost: 0.0250 (Billed intervals before: [], after: [Interval(594.9237968796954, 654.9237968796954, {'query_ids': {'unknown'}})])
2026-02-10 18:55:08,757 - INFO - 	Cluster cluster_4b: Marginal SLO violation: 0.0000, Marginal cost: 0.0250 (Billed intervals before: [], after: [Interval(594.9237968796954, 654.9237968796954, {'query_ids': {'unknown'}})])
2026-02-10 18:55:08,759 - INFO - 	Cluster cluster_8: Marginal SLO violation: 0.0000, Marginal cost: 0.0500 (Billed intervals before: [], after: [Interval(594.9237968796954, 654.9237968796954, {'query_ids': {'unknown'}})])
2026-02-10 18:55:08,761 - INFO - 	Cluster cluster_8b: Marginal SLO violation: 0.0000, Marginal cost: 0.0500 (Billed intervals before: [], after: [Interval(594.9237968796954, 654.9237968796954, {'query_ids': {'unknown'}})])
2026-02-10 18:55:08,761 - INFO - Routing query 4 to cluster cluster_4. Predicted latency is 53.99s (ends at 648.91s). 
2026-02-10 18:55:08,761 - INFO - (611.429) Routing query 5 with template and idx 050_003.
2026-02-10 18:55:08,762 - INFO - 	Cluster cluster_16: Marginal SLO violation: 0.0000, Marginal cost: 0.1000 (Billed intervals before: [], after: [Interval(611.4287269289134, 671.4287269289134, {'query_ids': {'unknown'}})])
2026-02-10 18:55:08,763 - INFO - 	Cluster cluster_16b: Marginal SLO violation: 0.0000, Marginal cost: 0.1000 (Billed intervals before: [], after: [Interval(611.4287269289134, 671.4287269289134, {'query_ids': {'unknown'}})])
2026-02-10 18:55:08,764 - INFO - 	Cluster cluster_32: Marginal SLO violation: 0.0000, Marginal cost: 0.2000 (Billed intervals before: [], after: [Interval(611.4287269289134, 671.4287269289134, {'query_ids': {'unknown'}})])
2026-02-10 18:55:08,765 - INFO - 	Cluster cluster_32b: Marginal SLO violation: 0.0000, Marginal cost: 0.2000 (Billed intervals before: [], after: [Interval(611.4287269289134, 671.4287269289134, {'query_ids': {'unknown'}})])
2026-02-10 18:55:08,770 - INFO - 	Cluster cluster_4: Marginal SLO violation: 0.0000, Marginal cost: 0.0204 (Billed intervals before: [Interval(594.9237968796954, 654.9237968796954, {'query_ids': {'unknown', 4}})], after: [Interval(594.9237968796954, 703.92377, {'query_ids': {'unknown'}})])
2026-02-10 18:55:08,772 - INFO - 	Cluster cluster_4b: Marginal SLO violation: 0.0000, Marginal cost: 0.0250 (Billed intervals before: [], after: [Interval(611.4287269289134, 671.4287269289134, {'query_ids': {'unknown'}})])
2026-02-10 18:55:08,773 - INFO - 	Cluster cluster_8: Marginal SLO violation: 0.0000, Marginal cost: 0.0500 (Billed intervals before: [], after: [Interval(611.4287269289134, 671.4287269289134, {'query_ids': {'unknown'}})])
2026-02-10 18:55:08,774 - INFO - 	Cluster cluster_8b: Marginal SLO violation: 0.0000, Marginal cost: 0.0500 (Billed intervals before: [], after: [Interval(611.4287269289134, 671.4287269289134, {'query_ids': {'unknown'}})])
2026-02-10 18:55:08,774 - INFO - Routing query 5 to cluster cluster_4. Predicted latency is 92.75s (ends at 704.18s). 
2026-02-10 18:55:08,774 - INFO - Updating predicted latencies for active queries on cluster cluster_4.
2026-02-10 18:55:08,774 - INFO - 	Query 4: Old: 53.99s, Pred: 36.27s, New: 53.99s (ends at 648.91s)
2026-02-10 18:55:08,774 - INFO - (648.911) Query 4 completed on cluster cluster_4 with latency 53.99s.
2026-02-10 18:55:08,774 - INFO - (697.691) Routing query 6 with template and idx 055_002.
2026-02-10 18:55:08,775 - INFO - 	Cluster cluster_16: Marginal SLO violation: 0.0000, Marginal cost: 0.1000 (Billed intervals before: [], after: [Interval(697.691475174455, 757.691475174455, {'query_ids': {'unknown'}})])
2026-02-10 18:55:08,776 - INFO - 	Cluster cluster_16b: Marginal SLO violation: 0.0000, Marginal cost: 0.1000 (Billed intervals before: [], after: [Interval(697.691475174455, 757.691475174455, {'query_ids': {'unknown'}})])
2026-02-10 18:55:08,777 - INFO - 	Cluster cluster_32: Marginal SLO violation: 0.0000, Marginal cost: 0.2000 (Billed intervals before: [], after: [Interval(697.691475174455, 757.691475174455, {'query_ids': {'unknown'}})])
2026-02-10 18:55:08,778 - INFO - 	Cluster cluster_32b: Marginal SLO violation: 0.0000, Marginal cost: 0.2000 (Billed intervals before: [], after: [Interval(697.691475174455, 757.691475174455, {'query_ids': {'unknown'}})])
2026-02-10 18:55:08,782 - INFO - 	Cluster cluster_4: Marginal SLO violation: 0.0000, Marginal cost: 0.0358 (Billed intervals before: [Interval(594.9237968796954, 703.92377, {'query_ids': {'unknown', 5}})], after: [Interval(594.9237968796954, 789.92377, {'query_ids': {'unknown'}})])
2026-02-10 18:55:08,784 - INFO - 	Cluster cluster_4b: Marginal SLO violation: 0.0000, Marginal cost: 0.0250 (Billed intervals before: [], after: [Interval(697.691475174455, 757.691475174455, {'query_ids': {'unknown'}})])
2026-02-10 18:55:08,785 - INFO - 	Cluster cluster_8: Marginal SLO violation: 0.0000, Marginal cost: 0.0500 (Billed intervals before: [], after: [Interval(697.691475174455, 757.691475174455, {'query_ids': {'unknown'}})])
2026-02-10 18:55:08,786 - INFO - 	Cluster cluster_8b: Marginal SLO violation: 0.0000, Marginal cost: 0.0500 (Billed intervals before: [], after: [Interval(697.691475174455, 757.691475174455, {'query_ids': {'unknown'}})])
2026-02-10 18:55:08,786 - INFO - Routing query 6 to cluster cluster_4b. Predicted latency is 1.16s (ends at 698.85s). 
2026-02-10 18:55:08,786 - INFO - (704.177) Query 5 completed on cluster cluster_4 with latency 92.75s.
2026-02-10 18:55:08,786 - INFO - (698.855) Query 6 completed on cluster cluster_4b with latency 1.16s.
2026-02-10 18:55:08,786 - INFO - (821.743) Routing query 7 with template and idx 005_001.
2026-02-10 18:55:08,787 - INFO - 	Cluster cluster_16: Marginal SLO violation: 0.0000, Marginal cost: 0.1000 (Billed intervals before: [], after: [Interval(821.7431674557305, 881.7431674557305, {'query_ids': {'unknown'}})])
2026-02-10 18:55:08,788 - INFO - 	Cluster cluster_16b: Marginal SLO violation: 0.0000, Marginal cost: 0.1000 (Billed intervals before: [], after: [Interval(821.7431674557305, 881.7431674557305, {'query_ids': {'unknown'}})])
2026-02-10 18:55:08,789 - INFO - 	Cluster cluster_32: Marginal SLO violation: 0.0000, Marginal cost: 0.2000 (Billed intervals before: [], after: [Interval(821.7431674557305, 881.7431674557305, {'query_ids': {'unknown'}})])
2026-02-10 18:55:08,790 - INFO - 	Cluster cluster_32b: Marginal SLO violation: 0.0000, Marginal cost: 0.2000 (Billed intervals before: [], after: [Interval(821.7431674557305, 881.7431674557305, {'query_ids': {'unknown'}})])
2026-02-10 18:55:08,792 - INFO - 	Cluster cluster_4: Marginal SLO violation: 0.0000, Marginal cost: 0.0250 (Billed intervals before: [], after: [Interval(821.7431674557305, 881.7431674557305, {'query_ids': {'unknown'}})])
2026-02-10 18:55:08,794 - INFO - 	Cluster cluster_4b: Marginal SLO violation: 0.0000, Marginal cost: 0.0250 (Billed intervals before: [], after: [Interval(821.7431674557305, 881.7431674557305, {'query_ids': {'unknown'}})])
2026-02-10 18:55:08,795 - INFO - 	Cluster cluster_8: Marginal SLO violation: 0.0000, Marginal cost: 0.0500 (Billed intervals before: [], after: [Interval(821.7431674557305, 881.7431674557305, {'query_ids': {'unknown'}})])
2026-02-10 18:55:08,796 - INFO - 	Cluster cluster_8b: Marginal SLO violation: 0.0000, Marginal cost: 0.0500 (Billed intervals before: [], after: [Interval(821.7431674557305, 881.7431674557305, {'query_ids': {'unknown'}})])
2026-02-10 18:55:08,796 - INFO - Routing query 7 to cluster cluster_4. Predicted latency is 19.08s (ends at 840.83s). 
2026-02-10 18:55:08,797 - INFO - (840.825) Query 7 completed on cluster cluster_4 with latency 19.08s.
2026-02-10 18:55:08,797 - INFO - (856.258) Routing query 8 with template and idx 027_001.
2026-02-10 18:55:08,798 - INFO - 	Cluster cluster_16: Marginal SLO violation: 0.0000, Marginal cost: 0.1000 (Billed intervals before: [], after: [Interval(856.2582762829231, 916.2582762829231, {'query_ids': {'unknown'}})])
2026-02-10 18:55:08,799 - INFO - 	Cluster cluster_16b: Marginal SLO violation: 0.0000, Marginal cost: 0.1000 (Billed intervals before: [], after: [Interval(856.2582762829231, 916.2582762829231, {'query_ids': {'unknown'}})])
2026-02-10 18:55:08,800 - INFO - 	Cluster cluster_32: Marginal SLO violation: 0.0000, Marginal cost: 0.2000 (Billed intervals before: [], after: [Interval(856.2582762829231, 916.2582762829231, {'query_ids': {'unknown'}})])
2026-02-10 18:55:08,801 - INFO - 	Cluster cluster_32b: Marginal SLO violation: 0.0000, Marginal cost: 0.2000 (Billed intervals before: [], after: [Interval(856.2582762829231, 916.2582762829231, {'query_ids': {'unknown'}})])
2026-02-10 18:55:08,801 - INFO - 	Cluster cluster_4: Marginal SLO violation: 0.0000, Marginal cost: 0.0125 (Billed intervals before: [Interval(821.7431674557305, 881.7431674557305, {'query_ids': {'unknown'}})], after: [Interval(821.7431674557305, 911.7431674557305, {'query_ids': {'unknown'}})])
2026-02-10 18:55:08,802 - INFO - 	Cluster cluster_4b: Marginal SLO violation: 0.0000, Marginal cost: 0.0250 (Billed intervals before: [], after: [Interval(856.2582762829231, 916.2582762829231, {'query_ids': {'unknown'}})])
2026-02-10 18:55:08,803 - INFO - 	Cluster cluster_8: Marginal SLO violation: 0.0000, Marginal cost: 0.0500 (Billed intervals before: [], after: [Interval(856.2582762829231, 916.2582762829231, {'query_ids': {'unknown'}})])
2026-02-10 18:55:08,804 - INFO - 	Cluster cluster_8b: Marginal SLO violation: 0.0000, Marginal cost: 0.0500 (Billed intervals before: [], after: [Interval(856.2582762829231, 916.2582762829231, {'query_ids': {'unknown'}})])
2026-02-10 18:55:08,804 - INFO - Routing query 8 to cluster cluster_4. Predicted latency is 56.02s (ends at 912.28s). 
2026-02-10 18:55:08,804 - INFO - (912.283) Query 8 completed on cluster cluster_4 with latency 56.02s.
2026-02-10 18:55:08,804 - INFO - (940.220) Routing query 9 with template and idx 070_003.
2026-02-10 18:55:08,805 - INFO - 	Cluster cluster_16: Marginal SLO violation: 0.0000, Marginal cost: 0.1000 (Billed intervals before: [], after: [Interval(940.2199548877949, 1000.2199548877949, {'query_ids': {'unknown'}})])
2026-02-10 18:55:08,805 - INFO - 	Cluster cluster_16b: Marginal SLO violation: 0.0000, Marginal cost: 0.1000 (Billed intervals before: [], after: [Interval(940.2199548877949, 1000.2199548877949, {'query_ids': {'unknown'}})])
2026-02-10 18:55:08,806 - INFO - 	Cluster cluster_32: Marginal SLO violation: 0.0000, Marginal cost: 0.2000 (Billed intervals before: [], after: [Interval(940.2199548877949, 1000.2199548877949, {'query_ids': {'unknown'}})])
2026-02-10 18:55:08,806 - INFO - 	Cluster cluster_32b: Marginal SLO violation: 0.0000, Marginal cost: 0.2000 (Billed intervals before: [], after: [Interval(940.2199548877949, 1000.2199548877949, {'query_ids': {'unknown'}})])
2026-02-10 18:55:08,807 - INFO - 	Cluster cluster_4: Marginal SLO violation: 0.0000, Marginal cost: 0.0250 (Billed intervals before: [], after: [Interval(940.2199548877949, 1000.2199548877949, {'query_ids': {'unknown'}})])
2026-02-10 18:55:08,808 - INFO - 	Cluster cluster_4b: Marginal SLO violation: 0.0000, Marginal cost: 0.0250 (Billed intervals before: [], after: [Interval(940.2199548877949, 1000.2199548877949, {'query_ids': {'unknown'}})])
2026-02-10 18:55:08,808 - INFO - 	Cluster cluster_8: Marginal SLO violation: 0.0000, Marginal cost: 0.0500 (Billed intervals before: [], after: [Interval(940.2199548877949, 1000.2199548877949, {'query_ids': {'unknown'}})])
2026-02-10 18:55:08,809 - INFO - 	Cluster cluster_8b: Marginal SLO violation: 0.0000, Marginal cost: 0.0500 (Billed intervals before: [], after: [Interval(940.2199548877949, 1000.2199548877949, {'query_ids': {'unknown'}})])
2026-02-10 18:55:08,809 - INFO - Routing query 9 to cluster cluster_4. Predicted latency is 20.51s (ends at 960.73s). 
2026-02-10 18:55:08,809 - INFO - (960.729) Query 9 completed on cluster cluster_4 with latency 20.51s.
2026-02-10 18:55:08,809 - INFO - (1042.718) Routing query 10 with template and idx 010_003.
2026-02-10 18:55:08,810 - INFO - 	Cluster cluster_16: Marginal SLO violation: 0.0000, Marginal cost: 0.1000 (Billed intervals before: [], after: [Interval(1042.7183299001983, 1102.7183299001983, {'query_ids': {'unknown'}})])
2026-02-10 18:55:08,810 - INFO - 	Cluster cluster_16b: Marginal SLO violation: 0.0000, Marginal cost: 0.1000 (Billed intervals before: [], after: [Interval(1042.7183299001983, 1102.7183299001983, {'query_ids': {'unknown'}})])
2026-02-10 18:55:08,811 - INFO - 	Cluster cluster_32: Marginal SLO violation: 0.0000, Marginal cost: 0.2000 (Billed intervals before: [], after: [Interval(1042.7183299001983, 1102.7183299001983, {'query_ids': {'unknown'}})])
2026-02-10 18:55:08,812 - INFO - 	Cluster cluster_32b: Marginal SLO violation: 0.0000, Marginal cost: 0.2000 (Billed intervals before: [], after: [Interval(1042.7183299001983, 1102.7183299001983, {'query_ids': {'unknown'}})])
2026-02-10 18:55:08,812 - INFO - 	Cluster cluster_4: Marginal SLO violation: 0.0000, Marginal cost: 0.0250 (Billed intervals before: [], after: [Interval(1042.7183299001983, 1102.7183299001983, {'query_ids': {'unknown'}})])
2026-02-10 18:55:08,813 - INFO - 	Cluster cluster_4b: Marginal SLO violation: 0.0000, Marginal cost: 0.0250 (Billed intervals before: [], after: [Interval(1042.7183299001983, 1102.7183299001983, {'query_ids': {'unknown'}})])
2026-02-10 18:55:08,814 - INFO - 	Cluster cluster_8: Marginal SLO violation: 0.0000, Marginal cost: 0.0500 (Billed intervals before: [], after: [Interval(1042.7183299001983, 1102.7183299001983, {'query_ids': {'unknown'}})])
2026-02-10 18:55:08,814 - INFO - 	Cluster cluster_8b: Marginal SLO violation: 0.0000, Marginal cost: 0.0500 (Billed intervals before: [], after: [Interval(1042.7183299001983, 1102.7183299001983, {'query_ids': {'unknown'}})])
2026-02-10 18:55:08,814 - INFO - Routing query 10 to cluster cluster_4. Predicted latency is 6.66s (ends at 1049.38s). 
2026-02-10 18:55:08,815 - INFO - (1049.376) Query 10 completed on cluster cluster_4 with latency 6.66s.
2026-02-10 18:55:08,815 - INFO - (1139.530) Routing query 11 with template and idx 004_002.
2026-02-10 18:55:08,815 - INFO - 	Cluster cluster_16: Marginal SLO violation: 0.0000, Marginal cost: 0.1000 (Billed intervals before: [], after: [Interval(1139.529952866325, 1199.529952866325, {'query_ids': {'unknown'}})])
2026-02-10 18:55:08,816 - INFO - 	Cluster cluster_16b: Marginal SLO violation: 0.0000, Marginal cost: 0.1000 (Billed intervals before: [], after: [Interval(1139.529952866325, 1199.529952866325, {'query_ids': {'unknown'}})])
2026-02-10 18:55:08,816 - INFO - 	Cluster cluster_32: Marginal SLO violation: 0.0000, Marginal cost: 0.2000 (Billed intervals before: [], after: [Interval(1139.529952866325, 1199.529952866325, {'query_ids': {'unknown'}})])
2026-02-10 18:55:08,817 - INFO - 	Cluster cluster_32b: Marginal SLO violation: 0.0000, Marginal cost: 0.2000 (Billed intervals before: [], after: [Interval(1139.529952866325, 1199.529952866325, {'query_ids': {'unknown'}})])
2026-02-10 18:55:08,819 - INFO - 	Cluster cluster_4: Marginal SLO violation: 0.0000, Marginal cost: 0.0379 (Billed intervals before: [], after: [Interval(1139.529952866325, 1230.5299, {'query_ids': {'unknown'}})])
2026-02-10 18:55:08,821 - INFO - 	Cluster cluster_4b: Marginal SLO violation: 0.0000, Marginal cost: 0.0379 (Billed intervals before: [], after: [Interval(1139.529952866325, 1230.5299, {'query_ids': {'unknown'}})])
2026-02-10 18:55:08,824 - INFO - 	Cluster cluster_8: Marginal SLO violation: 0.0000, Marginal cost: 0.0608 (Billed intervals before: [], after: [Interval(1139.529952866325, 1212.5299, {'query_ids': {'unknown'}})])
2026-02-10 18:55:08,826 - INFO - 	Cluster cluster_8b: Marginal SLO violation: 0.0000, Marginal cost: 0.0608 (Billed intervals before: [], after: [Interval(1139.529952866325, 1212.5299, {'query_ids': {'unknown'}})])
2026-02-10 18:55:08,826 - INFO - Routing query 11 to cluster cluster_4. Predicted latency is 91.33s (ends at 1230.86s). 
2026-02-10 18:55:08,826 - INFO - (1190.004) Routing query 12 with template and idx 062_002.
2026-02-10 18:55:08,827 - INFO - 	Cluster cluster_16: Marginal SLO violation: 0.0000, Marginal cost: 0.1000 (Billed intervals before: [], after: [Interval(1190.00373835082, 1250.00373835082, {'query_ids': {'unknown'}})])
2026-02-10 18:55:08,828 - INFO - 	Cluster cluster_16b: Marginal SLO violation: 0.0000, Marginal cost: 0.1000 (Billed intervals before: [], after: [Interval(1190.00373835082, 1250.00373835082, {'query_ids': {'unknown'}})])
2026-02-10 18:55:08,829 - INFO - 	Cluster cluster_32: Marginal SLO violation: 0.0000, Marginal cost: 0.2000 (Billed intervals before: [], after: [Interval(1190.00373835082, 1250.00373835082, {'query_ids': {'unknown'}})])
2026-02-10 18:55:08,830 - INFO - 	Cluster cluster_32b: Marginal SLO violation: 0.0000, Marginal cost: 0.2000 (Billed intervals before: [], after: [Interval(1190.00373835082, 1250.00373835082, {'query_ids': {'unknown'}})])
2026-02-10 18:55:08,833 - INFO - 	Cluster cluster_4: Marginal SLO violation: 0.0000, Marginal cost: 0.0563 (Billed intervals before: [Interval(1139.529952866325, 1230.5299, {'query_ids': {'unknown', 11}})], after: [Interval(1139.529952866325, 1365.5299, {'query_ids': {'unknown'}})])
2026-02-10 18:55:08,834 - INFO - 	Cluster cluster_4b: Marginal SLO violation: 0.0000, Marginal cost: 0.0250 (Billed intervals before: [], after: [Interval(1190.00373835082, 1250.00373835082, {'query_ids': {'unknown'}})])
2026-02-10 18:55:08,835 - INFO - 	Cluster cluster_8: Marginal SLO violation: 0.0000, Marginal cost: 0.0500 (Billed intervals before: [], after: [Interval(1190.00373835082, 1250.00373835082, {'query_ids': {'unknown'}})])
2026-02-10 18:55:08,836 - INFO - 	Cluster cluster_8b: Marginal SLO violation: 0.0000, Marginal cost: 0.0500 (Billed intervals before: [], after: [Interval(1190.00373835082, 1250.00373835082, {'query_ids': {'unknown'}})])
2026-02-10 18:55:08,836 - INFO - Routing query 12 to cluster cluster_4b. Predicted latency is 8.25s (ends at 1198.25s). 
2026-02-10 18:55:08,836 - INFO - (1230.861) Query 11 completed on cluster cluster_4 with latency 91.33s.
2026-02-10 18:55:08,836 - INFO - (1198.251) Query 12 completed on cluster cluster_4b with latency 8.25s.
2026-02-10 18:55:08,836 - INFO - (1282.316) Routing query 13 with template and idx 052_002.
2026-02-10 18:55:08,836 - INFO - 	Cluster cluster_16: Marginal SLO violation: 0.0000, Marginal cost: 0.1000 (Billed intervals before: [], after: [Interval(1282.315795260369, 1342.315795260369, {'query_ids': {'unknown'}})])
2026-02-10 18:55:08,837 - INFO - 	Cluster cluster_16b: Marginal SLO violation: 0.0000, Marginal cost: 0.1000 (Billed intervals before: [], after: [Interval(1282.315795260369, 1342.315795260369, {'query_ids': {'unknown'}})])
2026-02-10 18:55:08,838 - INFO - 	Cluster cluster_32: Marginal SLO violation: 0.0000, Marginal cost: 0.2000 (Billed intervals before: [], after: [Interval(1282.315795260369, 1342.315795260369, {'query_ids': {'unknown'}})])
2026-02-10 18:55:08,838 - INFO - 	Cluster cluster_32b: Marginal SLO violation: 0.0000, Marginal cost: 0.2000 (Billed intervals before: [], after: [Interval(1282.315795260369, 1342.315795260369, {'query_ids': {'unknown'}})])
2026-02-10 18:55:08,839 - INFO - 	Cluster cluster_4: Marginal SLO violation: 0.0000, Marginal cost: 0.0250 (Billed intervals before: [], after: [Interval(1282.315795260369, 1342.315795260369, {'query_ids': {'unknown'}})])
2026-02-10 18:55:08,840 - INFO - 	Cluster cluster_4b: Marginal SLO violation: 0.0000, Marginal cost: 0.0250 (Billed intervals before: [], after: [Interval(1282.315795260369, 1342.315795260369, {'query_ids': {'unknown'}})])
2026-02-10 18:55:08,840 - INFO - 	Cluster cluster_8: Marginal SLO violation: 0.0000, Marginal cost: 0.0500 (Billed intervals before: [], after: [Interval(1282.315795260369, 1342.315795260369, {'query_ids': {'unknown'}})])
2026-02-10 18:55:08,841 - INFO - 	Cluster cluster_8b: Marginal SLO violation: 0.0000, Marginal cost: 0.0500 (Billed intervals before: [], after: [Interval(1282.315795260369, 1342.315795260369, {'query_ids': {'unknown'}})])
2026-02-10 18:55:08,841 - INFO - Routing query 13 to cluster cluster_4. Predicted latency is 1.36s (ends at 1283.67s). 
2026-02-10 18:55:08,841 - INFO - (1283.672) Query 13 completed on cluster cluster_4 with latency 1.36s.
2026-02-10 18:55:08,841 - INFO - (1406.315) Routing query 14 with template and idx 018_003.
2026-02-10 18:55:08,842 - INFO - 	Cluster cluster_16: Marginal SLO violation: 0.0000, Marginal cost: 0.1000 (Billed intervals before: [], after: [Interval(1406.3152319708865, 1466.3152319708865, {'query_ids': {'unknown'}})])
2026-02-10 18:55:08,842 - INFO - 	Cluster cluster_16b: Marginal SLO violation: 0.0000, Marginal cost: 0.1000 (Billed intervals before: [], after: [Interval(1406.3152319708865, 1466.3152319708865, {'query_ids': {'unknown'}})])
2026-02-10 18:55:08,843 - INFO - 	Cluster cluster_32: Marginal SLO violation: 0.0000, Marginal cost: 0.2000 (Billed intervals before: [], after: [Interval(1406.3152319708865, 1466.3152319708865, {'query_ids': {'unknown'}})])
2026-02-10 18:55:08,844 - INFO - 	Cluster cluster_32b: Marginal SLO violation: 0.0000, Marginal cost: 0.2000 (Billed intervals before: [], after: [Interval(1406.3152319708865, 1466.3152319708865, {'query_ids': {'unknown'}})])
2026-02-10 18:55:08,844 - INFO - 	Cluster cluster_4: Marginal SLO violation: 0.0000, Marginal cost: 0.0250 (Billed intervals before: [], after: [Interval(1406.3152319708865, 1466.3152319708865, {'query_ids': {'unknown'}})])
2026-02-10 18:55:08,845 - INFO - 	Cluster cluster_4b: Marginal SLO violation: 0.0000, Marginal cost: 0.0250 (Billed intervals before: [], after: [Interval(1406.3152319708865, 1466.3152319708865, {'query_ids': {'unknown'}})])
2026-02-10 18:55:08,846 - INFO - 	Cluster cluster_8: Marginal SLO violation: 0.0000, Marginal cost: 0.0500 (Billed intervals before: [], after: [Interval(1406.3152319708865, 1466.3152319708865, {'query_ids': {'unknown'}})])
2026-02-10 18:55:08,846 - INFO - 	Cluster cluster_8b: Marginal SLO violation: 0.0000, Marginal cost: 0.0500 (Billed intervals before: [], after: [Interval(1406.3152319708865, 1466.3152319708865, {'query_ids': {'unknown'}})])
2026-02-10 18:55:08,846 - INFO - Routing query 14 to cluster cluster_4. Predicted latency is 19.35s (ends at 1425.67s). 
2026-02-10 18:55:08,847 - INFO - (1425.668) Query 14 completed on cluster cluster_4 with latency 19.35s.
2026-02-10 18:55:08,847 - INFO - (1465.770) Routing query 15 with template and idx 061_002.
2026-02-10 18:55:08,847 - INFO - 	Cluster cluster_16: Marginal SLO violation: 0.0000, Marginal cost: 0.1000 (Billed intervals before: [], after: [Interval(1465.7701113989801, 1525.7701113989801, {'query_ids': {'unknown'}})])
2026-02-10 18:55:08,848 - INFO - 	Cluster cluster_16b: Marginal SLO violation: 0.0000, Marginal cost: 0.1000 (Billed intervals before: [], after: [Interval(1465.7701113989801, 1525.7701113989801, {'query_ids': {'unknown'}})])
2026-02-10 18:55:08,848 - INFO - 	Cluster cluster_32: Marginal SLO violation: 0.0000, Marginal cost: 0.2000 (Billed intervals before: [], after: [Interval(1465.7701113989801, 1525.7701113989801, {'query_ids': {'unknown'}})])
2026-02-10 18:55:08,849 - INFO - 	Cluster cluster_32b: Marginal SLO violation: 0.0000, Marginal cost: 0.2000 (Billed intervals before: [], after: [Interval(1465.7701113989801, 1525.7701113989801, {'query_ids': {'unknown'}})])
2026-02-10 18:55:08,850 - INFO - 	Cluster cluster_4: Marginal SLO violation: 0.0000, Marginal cost: 0.0067 (Billed intervals before: [Interval(1406.3152319708865, 1466.3152319708865, {'query_ids': {'unknown'}})], after: [Interval(1406.3152319708865, 1482.3152319708865, {'query_ids': {'unknown'}})])
2026-02-10 18:55:08,850 - INFO - 	Cluster cluster_4b: Marginal SLO violation: 0.0000, Marginal cost: 0.0250 (Billed intervals before: [], after: [Interval(1465.7701113989801, 1525.7701113989801, {'query_ids': {'unknown'}})])
2026-02-10 18:55:08,851 - INFO - 	Cluster cluster_8: Marginal SLO violation: 0.0000, Marginal cost: 0.0500 (Billed intervals before: [], after: [Interval(1465.7701113989801, 1525.7701113989801, {'query_ids': {'unknown'}})])
2026-02-10 18:55:08,852 - INFO - 	Cluster cluster_8b: Marginal SLO violation: 0.0000, Marginal cost: 0.0500 (Billed intervals before: [], after: [Interval(1465.7701113989801, 1525.7701113989801, {'query_ids': {'unknown'}})])
2026-02-10 18:55:08,852 - INFO - Routing query 15 to cluster cluster_4. Predicted latency is 16.80s (ends at 1482.57s). 
2026-02-10 18:55:08,852 - INFO - (1482.569) Query 15 completed on cluster cluster_4 with latency 16.80s.
2026-02-10 18:55:08,852 - INFO - (1490.772) Routing query 16 with template and idx 070_001.
2026-02-10 18:55:08,853 - INFO - 	Cluster cluster_16: Marginal SLO violation: 0.0000, Marginal cost: 0.1000 (Billed intervals before: [], after: [Interval(1490.7724585867668, 1550.7724585867668, {'query_ids': {'unknown'}})])
2026-02-10 18:55:08,853 - INFO - 	Cluster cluster_16b: Marginal SLO violation: 0.0000, Marginal cost: 0.1000 (Billed intervals before: [], after: [Interval(1490.7724585867668, 1550.7724585867668, {'query_ids': {'unknown'}})])
2026-02-10 18:55:08,854 - INFO - 	Cluster cluster_32: Marginal SLO violation: 0.0000, Marginal cost: 0.2000 (Billed intervals before: [], after: [Interval(1490.7724585867668, 1550.7724585867668, {'query_ids': {'unknown'}})])
2026-02-10 18:55:08,855 - INFO - 	Cluster cluster_32b: Marginal SLO violation: 0.0000, Marginal cost: 0.2000 (Billed intervals before: [], after: [Interval(1490.7724585867668, 1550.7724585867668, {'query_ids': {'unknown'}})])
2026-02-10 18:55:08,855 - INFO - 	Cluster cluster_4: Marginal SLO violation: 0.0000, Marginal cost: 0.0250 (Billed intervals before: [], after: [Interval(1490.7724585867668, 1550.7724585867668, {'query_ids': {'unknown'}})])
2026-02-10 18:55:08,856 - INFO - 	Cluster cluster_4b: Marginal SLO violation: 0.0000, Marginal cost: 0.0250 (Billed intervals before: [], after: [Interval(1490.7724585867668, 1550.7724585867668, {'query_ids': {'unknown'}})])
2026-02-10 18:55:08,856 - INFO - 	Cluster cluster_8: Marginal SLO violation: 0.0000, Marginal cost: 0.0500 (Billed intervals before: [], after: [Interval(1490.7724585867668, 1550.7724585867668, {'query_ids': {'unknown'}})])
2026-02-10 18:55:08,857 - INFO - 	Cluster cluster_8b: Marginal SLO violation: 0.0000, Marginal cost: 0.0500 (Billed intervals before: [], after: [Interval(1490.7724585867668, 1550.7724585867668, {'query_ids': {'unknown'}})])
2026-02-10 18:55:08,857 - INFO - Routing query 16 to cluster cluster_4. Predicted latency is 19.46s (ends at 1510.23s). 
2026-02-10 18:55:08,857 - INFO - (1510.234) Query 16 completed on cluster cluster_4 with latency 19.46s.
2026-02-10 18:55:08,857 - INFO - (1630.217) Routing query 17 with template and idx 074_001.
2026-02-10 18:55:08,858 - INFO - 	Cluster cluster_16: Marginal SLO violation: 0.0000, Marginal cost: 0.1000 (Billed intervals before: [], after: [Interval(1630.2174967504545, 1690.2174967504545, {'query_ids': {'unknown'}})])
2026-02-10 18:55:08,859 - INFO - 	Cluster cluster_16b: Marginal SLO violation: 0.0000, Marginal cost: 0.1000 (Billed intervals before: [], after: [Interval(1630.2174967504545, 1690.2174967504545, {'query_ids': {'unknown'}})])
2026-02-10 18:55:08,859 - INFO - 	Cluster cluster_32: Marginal SLO violation: 0.0000, Marginal cost: 0.2000 (Billed intervals before: [], after: [Interval(1630.2174967504545, 1690.2174967504545, {'query_ids': {'unknown'}})])
2026-02-10 18:55:08,860 - INFO - 	Cluster cluster_32b: Marginal SLO violation: 0.0000, Marginal cost: 0.2000 (Billed intervals before: [], after: [Interval(1630.2174967504545, 1690.2174967504545, {'query_ids': {'unknown'}})])
2026-02-10 18:55:08,862 - INFO - 	Cluster cluster_4: Marginal SLO violation: 0.0000, Marginal cost: 0.0250 (Billed intervals before: [], after: [Interval(1630.2174967504545, 1690.2174967504545, {'query_ids': {'unknown'}})])
2026-02-10 18:55:08,864 - INFO - 	Cluster cluster_4b: Marginal SLO violation: 0.0000, Marginal cost: 0.0250 (Billed intervals before: [], after: [Interval(1630.2174967504545, 1690.2174967504545, {'query_ids': {'unknown'}})])
2026-02-10 18:55:08,865 - INFO - 	Cluster cluster_8: Marginal SLO violation: 0.0000, Marginal cost: 0.0500 (Billed intervals before: [], after: [Interval(1630.2174967504545, 1690.2174967504545, {'query_ids': {'unknown'}})])
2026-02-10 18:55:08,866 - INFO - 	Cluster cluster_8b: Marginal SLO violation: 0.0000, Marginal cost: 0.0500 (Billed intervals before: [], after: [Interval(1630.2174967504545, 1690.2174967504545, {'query_ids': {'unknown'}})])
2026-02-10 18:55:08,866 - INFO - Routing query 17 to cluster cluster_4. Predicted latency is 37.94s (ends at 1668.16s). 
2026-02-10 18:55:08,867 - INFO - (1668.162) Query 17 completed on cluster cluster_4 with latency 37.94s.
2026-02-10 18:55:08,867 - INFO - (1727.113) Routing query 18 with template and idx 010_003.
2026-02-10 18:55:08,868 - INFO - 	Cluster cluster_16: Marginal SLO violation: 0.0000, Marginal cost: 0.1000 (Billed intervals before: [], after: [Interval(1727.1125599254756, 1787.1125599254756, {'query_ids': {'unknown'}})])
2026-02-10 18:55:08,869 - INFO - 	Cluster cluster_16b: Marginal SLO violation: 0.0000, Marginal cost: 0.1000 (Billed intervals before: [], after: [Interval(1727.1125599254756, 1787.1125599254756, {'query_ids': {'unknown'}})])
2026-02-10 18:55:08,870 - INFO - 	Cluster cluster_32: Marginal SLO violation: 0.0000, Marginal cost: 0.2000 (Billed intervals before: [], after: [Interval(1727.1125599254756, 1787.1125599254756, {'query_ids': {'unknown'}})])
2026-02-10 18:55:08,871 - INFO - 	Cluster cluster_32b: Marginal SLO violation: 0.0000, Marginal cost: 0.2000 (Billed intervals before: [], after: [Interval(1727.1125599254756, 1787.1125599254756, {'query_ids': {'unknown'}})])
2026-02-10 18:55:08,871 - INFO - 	Cluster cluster_4: Marginal SLO violation: 0.0000, Marginal cost: 0.0250 (Billed intervals before: [], after: [Interval(1727.1125599254756, 1787.1125599254756, {'query_ids': {'unknown'}})])
2026-02-10 18:55:08,872 - INFO - 	Cluster cluster_4b: Marginal SLO violation: 0.0000, Marginal cost: 0.0250 (Billed intervals before: [], after: [Interval(1727.1125599254756, 1787.1125599254756, {'query_ids': {'unknown'}})])
2026-02-10 18:55:08,873 - INFO - 	Cluster cluster_8: Marginal SLO violation: 0.0000, Marginal cost: 0.0500 (Billed intervals before: [], after: [Interval(1727.1125599254756, 1787.1125599254756, {'query_ids': {'unknown'}})])
2026-02-10 18:55:08,874 - INFO - 	Cluster cluster_8b: Marginal SLO violation: 0.0000, Marginal cost: 0.0500 (Billed intervals before: [], after: [Interval(1727.1125599254756, 1787.1125599254756, {'query_ids': {'unknown'}})])
2026-02-10 18:55:08,874 - INFO - Routing query 18 to cluster cluster_4. Predicted latency is 6.66s (ends at 1733.77s). 
2026-02-10 18:55:08,874 - INFO - (1733.770) Query 18 completed on cluster cluster_4 with latency 6.66s.
2026-02-10 18:55:08,874 - INFO - (1882.040) Routing query 19 with template and idx 040_003.
2026-02-10 18:55:08,875 - INFO - 	Cluster cluster_16: Marginal SLO violation: 0.0000, Marginal cost: 0.1000 (Billed intervals before: [], after: [Interval(1882.039927608258, 1942.039927608258, {'query_ids': {'unknown'}})])
2026-02-10 18:55:08,875 - INFO - 	Cluster cluster_16b: Marginal SLO violation: 0.0000, Marginal cost: 0.1000 (Billed intervals before: [], after: [Interval(1882.039927608258, 1942.039927608258, {'query_ids': {'unknown'}})])
2026-02-10 18:55:08,876 - INFO - 	Cluster cluster_32: Marginal SLO violation: 0.0000, Marginal cost: 0.2000 (Billed intervals before: [], after: [Interval(1882.039927608258, 1942.039927608258, {'query_ids': {'unknown'}})])
2026-02-10 18:55:08,877 - INFO - 	Cluster cluster_32b: Marginal SLO violation: 0.0000, Marginal cost: 0.2000 (Billed intervals before: [], after: [Interval(1882.039927608258, 1942.039927608258, {'query_ids': {'unknown'}})])
2026-02-10 18:55:08,877 - INFO - 	Cluster cluster_4: Marginal SLO violation: 0.0000, Marginal cost: 0.0250 (Billed intervals before: [], after: [Interval(1882.039927608258, 1942.039927608258, {'query_ids': {'unknown'}})])
2026-02-10 18:55:08,878 - INFO - 	Cluster cluster_4b: Marginal SLO violation: 0.0000, Marginal cost: 0.0250 (Billed intervals before: [], after: [Interval(1882.039927608258, 1942.039927608258, {'query_ids': {'unknown'}})])
2026-02-10 18:55:08,878 - INFO - 	Cluster cluster_8: Marginal SLO violation: 0.0000, Marginal cost: 0.0500 (Billed intervals before: [], after: [Interval(1882.039927608258, 1942.039927608258, {'query_ids': {'unknown'}})])
2026-02-10 18:55:08,879 - INFO - 	Cluster cluster_8b: Marginal SLO violation: 0.0000, Marginal cost: 0.0500 (Billed intervals before: [], after: [Interval(1882.039927608258, 1942.039927608258, {'query_ids': {'unknown'}})])
2026-02-10 18:55:08,879 - INFO - Routing query 19 to cluster cluster_4. Predicted latency is 8.19s (ends at 1890.23s). 
2026-02-10 18:55:08,879 - INFO - (1890.227) Query 19 completed on cluster cluster_4 with latency 8.19s.
2026-02-10 18:55:08,879 - INFO - (2055.305) Routing query 20 with template and idx 074_002.
2026-02-10 18:55:08,880 - INFO - 	Cluster cluster_16: Marginal SLO violation: 0.0000, Marginal cost: 0.1000 (Billed intervals before: [], after: [Interval(2055.3048351838593, 2115.3048351838593, {'query_ids': {'unknown'}})])
2026-02-10 18:55:08,881 - INFO - 	Cluster cluster_16b: Marginal SLO violation: 0.0000, Marginal cost: 0.1000 (Billed intervals before: [], after: [Interval(2055.3048351838593, 2115.3048351838593, {'query_ids': {'unknown'}})])
2026-02-10 18:55:08,881 - INFO - 	Cluster cluster_32: Marginal SLO violation: 0.0000, Marginal cost: 0.2000 (Billed intervals before: [], after: [Interval(2055.3048351838593, 2115.3048351838593, {'query_ids': {'unknown'}})])
2026-02-10 18:55:08,882 - INFO - 	Cluster cluster_32b: Marginal SLO violation: 0.0000, Marginal cost: 0.2000 (Billed intervals before: [], after: [Interval(2055.3048351838593, 2115.3048351838593, {'query_ids': {'unknown'}})])
2026-02-10 18:55:08,884 - INFO - 	Cluster cluster_4: Marginal SLO violation: 0.0000, Marginal cost: 0.0250 (Billed intervals before: [], after: [Interval(2055.3048351838593, 2115.3048351838593, {'query_ids': {'unknown'}})])
2026-02-10 18:55:08,886 - INFO - 	Cluster cluster_4b: Marginal SLO violation: 0.0000, Marginal cost: 0.0250 (Billed intervals before: [], after: [Interval(2055.3048351838593, 2115.3048351838593, {'query_ids': {'unknown'}})])
2026-02-10 18:55:08,887 - INFO - 	Cluster cluster_8: Marginal SLO violation: 0.0000, Marginal cost: 0.0500 (Billed intervals before: [], after: [Interval(2055.3048351838593, 2115.3048351838593, {'query_ids': {'unknown'}})])
2026-02-10 18:55:08,888 - INFO - 	Cluster cluster_8b: Marginal SLO violation: 0.0000, Marginal cost: 0.0500 (Billed intervals before: [], after: [Interval(2055.3048351838593, 2115.3048351838593, {'query_ids': {'unknown'}})])
2026-02-10 18:55:08,888 - INFO - Routing query 20 to cluster cluster_4. Predicted latency is 37.94s (ends at 2093.25s). 
2026-02-10 18:55:08,889 - INFO - (2084.816) Routing query 21 with template and idx 074_002.
2026-02-10 18:55:08,890 - INFO - 	Cluster cluster_16: Marginal SLO violation: 0.0000, Marginal cost: 0.1000 (Billed intervals before: [], after: [Interval(2084.81563781101, 2144.81563781101, {'query_ids': {'unknown'}})])
2026-02-10 18:55:08,891 - INFO - 	Cluster cluster_16b: Marginal SLO violation: 0.0000, Marginal cost: 0.1000 (Billed intervals before: [], after: [Interval(2084.81563781101, 2144.81563781101, {'query_ids': {'unknown'}})])
2026-02-10 18:55:08,892 - INFO - 	Cluster cluster_32: Marginal SLO violation: 0.0000, Marginal cost: 0.2000 (Billed intervals before: [], after: [Interval(2084.81563781101, 2144.81563781101, {'query_ids': {'unknown'}})])
2026-02-10 18:55:08,893 - INFO - 	Cluster cluster_32b: Marginal SLO violation: 0.0000, Marginal cost: 0.2000 (Billed intervals before: [], after: [Interval(2084.81563781101, 2144.81563781101, {'query_ids': {'unknown'}})])
2026-02-10 18:55:08,896 - INFO - 	Cluster cluster_4: Marginal SLO violation: 0.0000, Marginal cost: 0.0213 (Billed intervals before: [Interval(2055.3048351838593, 2115.3048351838593, {'query_ids': {'unknown', 20}})], after: [Interval(2055.3048351838593, 2166.305, {'query_ids': {'unknown'}})])
2026-02-10 18:55:08,899 - INFO - 	Cluster cluster_4b: Marginal SLO violation: 0.0000, Marginal cost: 0.0250 (Billed intervals before: [], after: [Interval(2084.81563781101, 2144.81563781101, {'query_ids': {'unknown'}})])
2026-02-10 18:55:08,900 - INFO - 	Cluster cluster_8: Marginal SLO violation: 0.0000, Marginal cost: 0.0500 (Billed intervals before: [], after: [Interval(2084.81563781101, 2144.81563781101, {'query_ids': {'unknown'}})])
2026-02-10 18:55:08,901 - INFO - 	Cluster cluster_8b: Marginal SLO violation: 0.0000, Marginal cost: 0.0500 (Billed intervals before: [], after: [Interval(2084.81563781101, 2144.81563781101, {'query_ids': {'unknown'}})])
2026-02-10 18:55:08,901 - INFO - Routing query 21 to cluster cluster_4. Predicted latency is 81.99s (ends at 2166.81s). 
2026-02-10 18:55:08,901 - INFO - Updating predicted latencies for active queries on cluster cluster_4.
2026-02-10 18:55:08,901 - INFO - 	Query 20: Old: 37.94s, Pred: 35.64s, New: 37.94s (ends at 2093.25s)
2026-02-10 18:55:08,901 - INFO - (2093.250) Query 20 completed on cluster cluster_4 with latency 37.94s.
2026-02-10 18:55:08,901 - INFO - (2166.809) Query 21 completed on cluster cluster_4 with latency 81.99s.
2026-02-10 18:55:08,901 - INFO - (2270.794) Routing query 22 with template and idx 052_002.
2026-02-10 18:55:08,902 - INFO - 	Cluster cluster_16: Marginal SLO violation: 0.0000, Marginal cost: 0.1000 (Billed intervals before: [], after: [Interval(2270.7944563580995, 2330.7944563580995, {'query_ids': {'unknown'}})])
2026-02-10 18:55:08,903 - INFO - 	Cluster cluster_16b: Marginal SLO violation: 0.0000, Marginal cost: 0.1000 (Billed intervals before: [], after: [Interval(2270.7944563580995, 2330.7944563580995, {'query_ids': {'unknown'}})])
2026-02-10 18:55:08,904 - INFO - 	Cluster cluster_32: Marginal SLO violation: 0.0000, Marginal cost: 0.2000 (Billed intervals before: [], after: [Interval(2270.7944563580995, 2330.7944563580995, {'query_ids': {'unknown'}})])
2026-02-10 18:55:08,905 - INFO - 	Cluster cluster_32b: Marginal SLO violation: 0.0000, Marginal cost: 0.2000 (Billed intervals before: [], after: [Interval(2270.7944563580995, 2330.7944563580995, {'query_ids': {'unknown'}})])
2026-02-10 18:55:08,906 - INFO - 	Cluster cluster_4: Marginal SLO violation: 0.0000, Marginal cost: 0.0250 (Billed intervals before: [], after: [Interval(2270.7944563580995, 2330.7944563580995, {'query_ids': {'unknown'}})])
2026-02-10 18:55:08,907 - INFO - 	Cluster cluster_4b: Marginal SLO violation: 0.0000, Marginal cost: 0.0250 (Billed intervals before: [], after: [Interval(2270.7944563580995, 2330.7944563580995, {'query_ids': {'unknown'}})])
2026-02-10 18:55:08,908 - INFO - 	Cluster cluster_8: Marginal SLO violation: 0.0000, Marginal cost: 0.0500 (Billed intervals before: [], after: [Interval(2270.7944563580995, 2330.7944563580995, {'query_ids': {'unknown'}})])
2026-02-10 18:55:08,908 - INFO - 	Cluster cluster_8b: Marginal SLO violation: 0.0000, Marginal cost: 0.0500 (Billed intervals before: [], after: [Interval(2270.7944563580995, 2330.7944563580995, {'query_ids': {'unknown'}})])
2026-02-10 18:55:08,908 - INFO - Routing query 22 to cluster cluster_4. Predicted latency is 1.36s (ends at 2272.15s). 
2026-02-10 18:55:08,909 - INFO - (2272.151) Query 22 completed on cluster cluster_4 with latency 1.36s.
2026-02-10 18:55:08,909 - INFO - (2386.474) Routing query 23 with template and idx 023_003.
2026-02-10 18:55:08,909 - INFO - 	Cluster cluster_16: Marginal SLO violation: 0.0000, Marginal cost: 0.1683 (Billed intervals before: [], after: [Interval(2386.4738490632794, 2487.4738490632794, {'query_ids': {'unknown'}})])
2026-02-10 18:55:08,910 - INFO - 	Cluster cluster_16b: Marginal SLO violation: 0.0000, Marginal cost: 0.1683 (Billed intervals before: [], after: [Interval(2386.4738490632794, 2487.4738490632794, {'query_ids': {'unknown'}})])
2026-02-10 18:55:08,910 - INFO - 	Cluster cluster_32: Marginal SLO violation: 0.0000, Marginal cost: 0.2000 (Billed intervals before: [], after: [Interval(2386.4738490632794, 2446.4738490632794, {'query_ids': {'unknown'}})])
2026-02-10 18:55:08,911 - INFO - 	Cluster cluster_32b: Marginal SLO violation: 0.0000, Marginal cost: 0.2000 (Billed intervals before: [], after: [Interval(2386.4738490632794, 2446.4738490632794, {'query_ids': {'unknown'}})])
2026-02-10 18:55:08,913 - INFO - 	Cluster cluster_4: Marginal SLO violation: 0.0000, Marginal cost: 0.0250 (Billed intervals before: [], after: [Interval(2386.4738490632794, 2446.4738490632794, {'query_ids': {'unknown'}})])
2026-02-10 18:55:08,915 - INFO - 	Cluster cluster_4b: Marginal SLO violation: 0.0000, Marginal cost: 0.0250 (Billed intervals before: [], after: [Interval(2386.4738490632794, 2446.4738490632794, {'query_ids': {'unknown'}})])
2026-02-10 18:55:08,918 - INFO - 	Cluster cluster_8: Marginal SLO violation: 0.0000, Marginal cost: 0.0500 (Billed intervals before: [], after: [Interval(2386.4738490632794, 2446.4738490632794, {'query_ids': {'unknown'}})])
2026-02-10 18:55:08,920 - INFO - 	Cluster cluster_8b: Marginal SLO violation: 0.0000, Marginal cost: 0.0500 (Billed intervals before: [], after: [Interval(2386.4738490632794, 2446.4738490632794, {'query_ids': {'unknown'}})])
2026-02-10 18:55:08,920 - INFO - Routing query 23 to cluster cluster_4. Predicted latency is 48.20s (ends at 2434.67s). 
2026-02-10 18:55:08,920 - INFO - (2434.669) Query 23 completed on cluster cluster_4 with latency 48.20s.
2026-02-10 18:55:08,920 - INFO - (2566.686) Routing query 24 with template and idx 018_003.
2026-02-10 18:55:08,921 - INFO - 	Cluster cluster_16: Marginal SLO violation: 0.0000, Marginal cost: 0.1000 (Billed intervals before: [], after: [Interval(2566.685822936801, 2626.685822936801, {'query_ids': {'unknown'}})])
2026-02-10 18:55:08,922 - INFO - 	Cluster cluster_16b: Marginal SLO violation: 0.0000, Marginal cost: 0.1000 (Billed intervals before: [], after: [Interval(2566.685822936801, 2626.685822936801, {'query_ids': {'unknown'}})])
2026-02-10 18:55:08,923 - INFO - 	Cluster cluster_32: Marginal SLO violation: 0.0000, Marginal cost: 0.2000 (Billed intervals before: [], after: [Interval(2566.685822936801, 2626.685822936801, {'query_ids': {'unknown'}})])
2026-02-10 18:55:08,924 - INFO - 	Cluster cluster_32b: Marginal SLO violation: 0.0000, Marginal cost: 0.2000 (Billed intervals before: [], after: [Interval(2566.685822936801, 2626.685822936801, {'query_ids': {'unknown'}})])
2026-02-10 18:55:08,925 - INFO - 	Cluster cluster_4: Marginal SLO violation: 0.0000, Marginal cost: 0.0250 (Billed intervals before: [], after: [Interval(2566.685822936801, 2626.685822936801, {'query_ids': {'unknown'}})])
2026-02-10 18:55:08,926 - INFO - 	Cluster cluster_4b: Marginal SLO violation: 0.0000, Marginal cost: 0.0250 (Billed intervals before: [], after: [Interval(2566.685822936801, 2626.685822936801, {'query_ids': {'unknown'}})])
2026-02-10 18:55:08,927 - INFO - 	Cluster cluster_8: Marginal SLO violation: 0.0000, Marginal cost: 0.0500 (Billed intervals before: [], after: [Interval(2566.685822936801, 2626.685822936801, {'query_ids': {'unknown'}})])
2026-02-10 18:55:08,928 - INFO - 	Cluster cluster_8b: Marginal SLO violation: 0.0000, Marginal cost: 0.0500 (Billed intervals before: [], after: [Interval(2566.685822936801, 2626.685822936801, {'query_ids': {'unknown'}})])
2026-02-10 18:55:08,928 - INFO - Routing query 24 to cluster cluster_4. Predicted latency is 19.35s (ends at 2586.04s). 
2026-02-10 18:55:08,928 - INFO - (2586.038) Query 24 completed on cluster cluster_4 with latency 19.35s.
2026-02-10 18:55:08,928 - INFO - (2677.654) Routing query 25 with template and idx 074_001.
2026-02-10 18:55:08,929 - INFO - 	Cluster cluster_16: Marginal SLO violation: 0.0000, Marginal cost: 0.1000 (Billed intervals before: [], after: [Interval(2677.653791441214, 2737.653791441214, {'query_ids': {'unknown'}})])
2026-02-10 18:55:08,930 - INFO - 	Cluster cluster_16b: Marginal SLO violation: 0.0000, Marginal cost: 0.1000 (Billed intervals before: [], after: [Interval(2677.653791441214, 2737.653791441214, {'query_ids': {'unknown'}})])
2026-02-10 18:55:08,930 - INFO - 	Cluster cluster_32: Marginal SLO violation: 0.0000, Marginal cost: 0.2000 (Billed intervals before: [], after: [Interval(2677.653791441214, 2737.653791441214, {'query_ids': {'unknown'}})])
2026-02-10 18:55:08,931 - INFO - 	Cluster cluster_32b: Marginal SLO violation: 0.0000, Marginal cost: 0.2000 (Billed intervals before: [], after: [Interval(2677.653791441214, 2737.653791441214, {'query_ids': {'unknown'}})])
2026-02-10 18:55:08,933 - INFO - 	Cluster cluster_4: Marginal SLO violation: 0.0000, Marginal cost: 0.0250 (Billed intervals before: [], after: [Interval(2677.653791441214, 2737.653791441214, {'query_ids': {'unknown'}})])
2026-02-10 18:55:08,935 - INFO - 	Cluster cluster_4b: Marginal SLO violation: 0.0000, Marginal cost: 0.0250 (Billed intervals before: [], after: [Interval(2677.653791441214, 2737.653791441214, {'query_ids': {'unknown'}})])
2026-02-10 18:55:08,936 - INFO - 	Cluster cluster_8: Marginal SLO violation: 0.0000, Marginal cost: 0.0500 (Billed intervals before: [], after: [Interval(2677.653791441214, 2737.653791441214, {'query_ids': {'unknown'}})])
2026-02-10 18:55:08,937 - INFO - 	Cluster cluster_8b: Marginal SLO violation: 0.0000, Marginal cost: 0.0500 (Billed intervals before: [], after: [Interval(2677.653791441214, 2737.653791441214, {'query_ids': {'unknown'}})])
2026-02-10 18:55:08,937 - INFO - Routing query 25 to cluster cluster_4. Predicted latency is 37.94s (ends at 2715.60s). 
2026-02-10 18:55:08,938 - INFO - (2715.599) Query 25 completed on cluster cluster_4 with latency 37.94s.
2026-02-10 18:55:08,938 - INFO - (2739.720) Routing query 26 with template and idx 006_002.
2026-02-10 18:55:08,939 - INFO - 	Cluster cluster_16: Marginal SLO violation: 0.0000, Marginal cost: 0.1000 (Billed intervals before: [], after: [Interval(2739.7203311275152, 2799.7203311275152, {'query_ids': {'unknown'}})])
2026-02-10 18:55:08,940 - INFO - 	Cluster cluster_16b: Marginal SLO violation: 0.0000, Marginal cost: 0.1000 (Billed intervals before: [], after: [Interval(2739.7203311275152, 2799.7203311275152, {'query_ids': {'unknown'}})])
2026-02-10 18:55:08,941 - INFO - 	Cluster cluster_32: Marginal SLO violation: 0.0000, Marginal cost: 0.2000 (Billed intervals before: [], after: [Interval(2739.7203311275152, 2799.7203311275152, {'query_ids': {'unknown'}})])
2026-02-10 18:55:08,942 - INFO - 	Cluster cluster_32b: Marginal SLO violation: 0.0000, Marginal cost: 0.2000 (Billed intervals before: [], after: [Interval(2739.7203311275152, 2799.7203311275152, {'query_ids': {'unknown'}})])
2026-02-10 18:55:08,943 - INFO - 	Cluster cluster_4: Marginal SLO violation: 0.0000, Marginal cost: 0.0250 (Billed intervals before: [], after: [Interval(2739.7203311275152, 2799.7203311275152, {'query_ids': {'unknown'}})])
2026-02-10 18:55:08,943 - INFO - 	Cluster cluster_4b: Marginal SLO violation: 0.0000, Marginal cost: 0.0250 (Billed intervals before: [], after: [Interval(2739.7203311275152, 2799.7203311275152, {'query_ids': {'unknown'}})])
2026-02-10 18:55:08,944 - INFO - 	Cluster cluster_8: Marginal SLO violation: 0.0000, Marginal cost: 0.0500 (Billed intervals before: [], after: [Interval(2739.7203311275152, 2799.7203311275152, {'query_ids': {'unknown'}})])
2026-02-10 18:55:08,945 - INFO - 	Cluster cluster_8b: Marginal SLO violation: 0.0000, Marginal cost: 0.0500 (Billed intervals before: [], after: [Interval(2739.7203311275152, 2799.7203311275152, {'query_ids': {'unknown'}})])
2026-02-10 18:55:08,945 - INFO - Routing query 26 to cluster cluster_4. Predicted latency is 3.50s (ends at 2743.22s). 
2026-02-10 18:55:08,945 - INFO - (2743.221) Query 26 completed on cluster cluster_4 with latency 3.50s.
2026-02-10 18:55:08,945 - INFO - (2877.579) Routing query 27 with template and idx 035_001.
2026-02-10 18:55:08,946 - INFO - 	Cluster cluster_16: Marginal SLO violation: 0.0000, Marginal cost: 0.1000 (Billed intervals before: [], after: [Interval(2877.579358038016, 2937.579358038016, {'query_ids': {'unknown'}})])
2026-02-10 18:55:08,947 - INFO - 	Cluster cluster_16b: Marginal SLO violation: 0.0000, Marginal cost: 0.1000 (Billed intervals before: [], after: [Interval(2877.579358038016, 2937.579358038016, {'query_ids': {'unknown'}})])
2026-02-10 18:55:08,947 - INFO - 	Cluster cluster_32: Marginal SLO violation: 0.0000, Marginal cost: 0.2000 (Billed intervals before: [], after: [Interval(2877.579358038016, 2937.579358038016, {'query_ids': {'unknown'}})])
2026-02-10 18:55:08,948 - INFO - 	Cluster cluster_32b: Marginal SLO violation: 0.0000, Marginal cost: 0.2000 (Billed intervals before: [], after: [Interval(2877.579358038016, 2937.579358038016, {'query_ids': {'unknown'}})])
2026-02-10 18:55:08,950 - INFO - 	Cluster cluster_4: Marginal SLO violation: 0.0000, Marginal cost: 0.0250 (Billed intervals before: [], after: [Interval(2877.579358038016, 2937.579358038016, {'query_ids': {'unknown'}})])
2026-02-10 18:55:08,952 - INFO - 	Cluster cluster_4b: Marginal SLO violation: 0.0000, Marginal cost: 0.0250 (Billed intervals before: [], after: [Interval(2877.579358038016, 2937.579358038016, {'query_ids': {'unknown'}})])
2026-02-10 18:55:08,953 - INFO - 	Cluster cluster_8: Marginal SLO violation: 0.0000, Marginal cost: 0.0500 (Billed intervals before: [], after: [Interval(2877.579358038016, 2937.579358038016, {'query_ids': {'unknown'}})])
2026-02-10 18:55:08,954 - INFO - 	Cluster cluster_8b: Marginal SLO violation: 0.0000, Marginal cost: 0.0500 (Billed intervals before: [], after: [Interval(2877.579358038016, 2937.579358038016, {'query_ids': {'unknown'}})])
2026-02-10 18:55:08,954 - INFO - Routing query 27 to cluster cluster_4. Predicted latency is 23.15s (ends at 2900.73s). 
2026-02-10 18:55:08,955 - INFO - (2900.731) Query 27 completed on cluster cluster_4 with latency 23.15s.
2026-02-10 18:55:08,955 - INFO - (2935.892) Routing query 28 with template and idx 047_003.
2026-02-10 18:55:08,956 - INFO - 	Cluster cluster_16: Marginal SLO violation: 0.0000, Marginal cost: 0.1000 (Billed intervals before: [], after: [Interval(2935.8924118027635, 2995.8924118027635, {'query_ids': {'unknown'}})])
2026-02-10 18:55:08,957 - INFO - 	Cluster cluster_16b: Marginal SLO violation: 0.0000, Marginal cost: 0.1000 (Billed intervals before: [], after: [Interval(2935.8924118027635, 2995.8924118027635, {'query_ids': {'unknown'}})])
2026-02-10 18:55:08,958 - INFO - 	Cluster cluster_32: Marginal SLO violation: 0.0000, Marginal cost: 0.2000 (Billed intervals before: [], after: [Interval(2935.8924118027635, 2995.8924118027635, {'query_ids': {'unknown'}})])
2026-02-10 18:55:08,959 - INFO - 	Cluster cluster_32b: Marginal SLO violation: 0.0000, Marginal cost: 0.2000 (Billed intervals before: [], after: [Interval(2935.8924118027635, 2995.8924118027635, {'query_ids': {'unknown'}})])
2026-02-10 18:55:08,961 - INFO - 	Cluster cluster_4: Marginal SLO violation: 0.0000, Marginal cost: 0.0062 (Billed intervals before: [Interval(2877.579358038016, 2937.579358038016, {'query_ids': {'unknown'}})], after: [Interval(2877.579358038016, 2952.5793, {'query_ids': {'unknown'}})])
2026-02-10 18:55:08,963 - INFO - 	Cluster cluster_4b: Marginal SLO violation: 0.0000, Marginal cost: 0.0250 (Billed intervals before: [], after: [Interval(2935.8924118027635, 2995.8924118027635, {'query_ids': {'unknown'}})])
2026-02-10 18:55:08,964 - INFO - 	Cluster cluster_8: Marginal SLO violation: 0.0000, Marginal cost: 0.1025 (Billed intervals before: [], after: [Interval(2935.8924118027635, 3058.8924118027635, {'query_ids': {'unknown'}})])
2026-02-10 18:55:08,965 - INFO - 	Cluster cluster_8b: Marginal SLO violation: 0.0000, Marginal cost: 0.1025 (Billed intervals before: [], after: [Interval(2935.8924118027635, 3058.8924118027635, {'query_ids': {'unknown'}})])
2026-02-10 18:55:08,965 - INFO - Routing query 28 to cluster cluster_4. Predicted latency is 17.47s (ends at 2953.36s). 
2026-02-10 18:55:08,965 - INFO - (2953.364) Query 28 completed on cluster cluster_4 with latency 17.47s.
2026-02-10 18:55:08,965 - INFO - (3085.979) Routing query 29 with template and idx 034_002.
2026-02-10 18:55:08,966 - INFO - 	Cluster cluster_16: Marginal SLO violation: 0.0000, Marginal cost: 0.1000 (Billed intervals before: [], after: [Interval(3085.979311694252, 3145.979311694252, {'query_ids': {'unknown'}})])
2026-02-10 18:55:08,967 - INFO - 	Cluster cluster_16b: Marginal SLO violation: 0.0000, Marginal cost: 0.1000 (Billed intervals before: [], after: [Interval(3085.979311694252, 3145.979311694252, {'query_ids': {'unknown'}})])
2026-02-10 18:55:08,968 - INFO - 	Cluster cluster_32: Marginal SLO violation: 0.0000, Marginal cost: 0.2000 (Billed intervals before: [], after: [Interval(3085.979311694252, 3145.979311694252, {'query_ids': {'unknown'}})])
2026-02-10 18:55:08,969 - INFO - 	Cluster cluster_32b: Marginal SLO violation: 0.0000, Marginal cost: 0.2000 (Billed intervals before: [], after: [Interval(3085.979311694252, 3145.979311694252, {'query_ids': {'unknown'}})])
2026-02-10 18:55:08,970 - INFO - 	Cluster cluster_4: Marginal SLO violation: 0.0000, Marginal cost: 0.0250 (Billed intervals before: [], after: [Interval(3085.979311694252, 3145.979311694252, {'query_ids': {'unknown'}})])
2026-02-10 18:55:08,971 - INFO - 	Cluster cluster_4b: Marginal SLO violation: 0.0000, Marginal cost: 0.0250 (Billed intervals before: [], after: [Interval(3085.979311694252, 3145.979311694252, {'query_ids': {'unknown'}})])
2026-02-10 18:55:08,972 - INFO - 	Cluster cluster_8: Marginal SLO violation: 0.0000, Marginal cost: 0.0500 (Billed intervals before: [], after: [Interval(3085.979311694252, 3145.979311694252, {'query_ids': {'unknown'}})])
2026-02-10 18:55:08,972 - INFO - 	Cluster cluster_8b: Marginal SLO violation: 0.0000, Marginal cost: 0.0500 (Billed intervals before: [], after: [Interval(3085.979311694252, 3145.979311694252, {'query_ids': {'unknown'}})])
2026-02-10 18:55:08,972 - INFO - Routing query 29 to cluster cluster_4. Predicted latency is 22.03s (ends at 3108.01s). 
2026-02-10 18:55:08,973 - INFO - (3108.014) Query 29 completed on cluster cluster_4 with latency 22.03s.
2026-02-10 18:55:08,973 - INFO - (3275.471) Routing query 30 with template and idx 073_001.
2026-02-10 18:55:08,973 - INFO - 	Cluster cluster_16: Marginal SLO violation: 0.0000, Marginal cost: 0.1000 (Billed intervals before: [], after: [Interval(3275.4705108701737, 3335.4705108701737, {'query_ids': {'unknown'}})])
2026-02-10 18:55:08,974 - INFO - 	Cluster cluster_16b: Marginal SLO violation: 0.0000, Marginal cost: 0.1000 (Billed intervals before: [], after: [Interval(3275.4705108701737, 3335.4705108701737, {'query_ids': {'unknown'}})])
2026-02-10 18:55:08,975 - INFO - 	Cluster cluster_32: Marginal SLO violation: 0.0000, Marginal cost: 0.2000 (Billed intervals before: [], after: [Interval(3275.4705108701737, 3335.4705108701737, {'query_ids': {'unknown'}})])
2026-02-10 18:55:08,975 - INFO - 	Cluster cluster_32b: Marginal SLO violation: 0.0000, Marginal cost: 0.2000 (Billed intervals before: [], after: [Interval(3275.4705108701737, 3335.4705108701737, {'query_ids': {'unknown'}})])
2026-02-10 18:55:08,976 - INFO - 	Cluster cluster_4: Marginal SLO violation: 0.0000, Marginal cost: 0.0250 (Billed intervals before: [], after: [Interval(3275.4705108701737, 3335.4705108701737, {'query_ids': {'unknown'}})])
2026-02-10 18:55:08,977 - INFO - 	Cluster cluster_4b: Marginal SLO violation: 0.0000, Marginal cost: 0.0250 (Billed intervals before: [], after: [Interval(3275.4705108701737, 3335.4705108701737, {'query_ids': {'unknown'}})])
2026-02-10 18:55:08,977 - INFO - 	Cluster cluster_8: Marginal SLO violation: 0.0000, Marginal cost: 0.0500 (Billed intervals before: [], after: [Interval(3275.4705108701737, 3335.4705108701737, {'query_ids': {'unknown'}})])
2026-02-10 18:55:08,978 - INFO - 	Cluster cluster_8b: Marginal SLO violation: 0.0000, Marginal cost: 0.0500 (Billed intervals before: [], after: [Interval(3275.4705108701737, 3335.4705108701737, {'query_ids': {'unknown'}})])
2026-02-10 18:55:08,978 - INFO - Routing query 30 to cluster cluster_4. Predicted latency is 15.54s (ends at 3291.01s). 
2026-02-10 18:55:08,978 - INFO - (3291.009) Query 30 completed on cluster cluster_4 with latency 15.54s.
2026-02-10 18:55:08,978 - INFO - (3446.466) Routing query 31 with template and idx 087_001.
2026-02-10 18:55:08,979 - INFO - 	Cluster cluster_16: Marginal SLO violation: 0.0000, Marginal cost: 0.1000 (Billed intervals before: [], after: [Interval(3446.4657831139148, 3506.4657831139148, {'query_ids': {'unknown'}})])
2026-02-10 18:55:08,979 - INFO - 	Cluster cluster_16b: Marginal SLO violation: 0.0000, Marginal cost: 0.1000 (Billed intervals before: [], after: [Interval(3446.4657831139148, 3506.4657831139148, {'query_ids': {'unknown'}})])
2026-02-10 18:55:08,980 - INFO - 	Cluster cluster_32: Marginal SLO violation: 0.0000, Marginal cost: 0.2000 (Billed intervals before: [], after: [Interval(3446.4657831139148, 3506.4657831139148, {'query_ids': {'unknown'}})])
2026-02-10 18:55:08,981 - INFO - 	Cluster cluster_32b: Marginal SLO violation: 0.0000, Marginal cost: 0.2000 (Billed intervals before: [], after: [Interval(3446.4657831139148, 3506.4657831139148, {'query_ids': {'unknown'}})])
2026-02-10 18:55:08,983 - INFO - 	Cluster cluster_4: Marginal SLO violation: 0.0000, Marginal cost: 0.0250 (Billed intervals before: [], after: [Interval(3446.4657831139148, 3506.4657831139148, {'query_ids': {'unknown'}})])
2026-02-10 18:55:08,985 - INFO - 	Cluster cluster_4b: Marginal SLO violation: 0.0000, Marginal cost: 0.0250 (Billed intervals before: [], after: [Interval(3446.4657831139148, 3506.4657831139148, {'query_ids': {'unknown'}})])
2026-02-10 18:55:08,986 - INFO - 	Cluster cluster_8: Marginal SLO violation: 0.0000, Marginal cost: 0.0500 (Billed intervals before: [], after: [Interval(3446.4657831139148, 3506.4657831139148, {'query_ids': {'unknown'}})])
2026-02-10 18:55:08,987 - INFO - 	Cluster cluster_8b: Marginal SLO violation: 0.0000, Marginal cost: 0.0500 (Billed intervals before: [], after: [Interval(3446.4657831139148, 3506.4657831139148, {'query_ids': {'unknown'}})])
2026-02-10 18:55:08,987 - INFO - Routing query 31 to cluster cluster_4. Predicted latency is 34.25s (ends at 3480.72s). 
2026-02-10 18:55:08,988 - INFO - (3480.719) Query 31 completed on cluster cluster_4 with latency 34.25s.
2026-02-10 18:55:08,988 - INFO - (3487.786) Routing query 32 with template and idx 084_003.
2026-02-10 18:55:08,989 - INFO - 	Cluster cluster_16: Marginal SLO violation: 0.0000, Marginal cost: 0.1000 (Billed intervals before: [], after: [Interval(3487.786329568848, 3547.786329568848, {'query_ids': {'unknown'}})])
2026-02-10 18:55:08,990 - INFO - 	Cluster cluster_16b: Marginal SLO violation: 0.0000, Marginal cost: 0.1000 (Billed intervals before: [], after: [Interval(3487.786329568848, 3547.786329568848, {'query_ids': {'unknown'}})])
2026-02-10 18:55:08,990 - INFO - 	Cluster cluster_32: Marginal SLO violation: 0.0000, Marginal cost: 0.2000 (Billed intervals before: [], after: [Interval(3487.786329568848, 3547.786329568848, {'query_ids': {'unknown'}})])
2026-02-10 18:55:08,991 - INFO - 	Cluster cluster_32b: Marginal SLO violation: 0.0000, Marginal cost: 0.2000 (Billed intervals before: [], after: [Interval(3487.786329568848, 3547.786329568848, {'query_ids': {'unknown'}})])
2026-02-10 18:55:08,992 - INFO - 	Cluster cluster_4: Marginal SLO violation: 0.0000, Marginal cost: 0.0000 (Billed intervals before: [Interval(3446.4657831139148, 3506.4657831139148, {'query_ids': {'unknown'}})], after: [Interval(3446.4657831139148, 3506.4657831139148, {'query_ids': {'unknown'}})])
2026-02-10 18:55:08,993 - INFO - 	Cluster cluster_4b: Marginal SLO violation: 0.0000, Marginal cost: 0.0250 (Billed intervals before: [], after: [Interval(3487.786329568848, 3547.786329568848, {'query_ids': {'unknown'}})])
2026-02-10 18:55:08,994 - INFO - 	Cluster cluster_8: Marginal SLO violation: 0.0000, Marginal cost: 0.0500 (Billed intervals before: [], after: [Interval(3487.786329568848, 3547.786329568848, {'query_ids': {'unknown'}})])
2026-02-10 18:55:08,994 - INFO - 	Cluster cluster_8b: Marginal SLO violation: 0.0000, Marginal cost: 0.0500 (Billed intervals before: [], after: [Interval(3487.786329568848, 3547.786329568848, {'query_ids': {'unknown'}})])
2026-02-10 18:55:08,994 - INFO - Routing query 32 to cluster cluster_4. Predicted latency is 4.68s (ends at 3492.47s). 
2026-02-10 18:55:08,995 - INFO - (3492.470) Query 32 completed on cluster cluster_4 with latency 4.68s.
2026-02-10 18:55:08,995 - INFO - (3522.864) Routing query 33 with template and idx 078_003.
2026-02-10 18:55:08,995 - INFO - 	Cluster cluster_16: Marginal SLO violation: 0.0000, Marginal cost: 0.2433 (Billed intervals before: [], after: [Interval(3522.8640850458232, 3668.8640850458232, {'query_ids': {'unknown'}})])
2026-02-10 18:55:08,996 - INFO - 	Cluster cluster_16b: Marginal SLO violation: 0.0000, Marginal cost: 0.2433 (Billed intervals before: [], after: [Interval(3522.8640850458232, 3668.8640850458232, {'query_ids': {'unknown'}})])
2026-02-10 18:55:08,997 - INFO - 	Cluster cluster_32: Marginal SLO violation: 0.0000, Marginal cost: 0.2000 (Billed intervals before: [], after: [Interval(3522.8640850458232, 3582.8640850458232, {'query_ids': {'unknown'}})])
2026-02-10 18:55:08,997 - INFO - 	Cluster cluster_32b: Marginal SLO violation: 0.0000, Marginal cost: 0.2000 (Billed intervals before: [], after: [Interval(3522.8640850458232, 3582.8640850458232, {'query_ids': {'unknown'}})])
2026-02-10 18:55:08,999 - INFO - 	Cluster cluster_4: Marginal SLO violation: 57.1632, Marginal cost: 0.0988 (Billed intervals before: [], after: [Interval(3522.8640850458232, 3759.864, {'query_ids': {'unknown'}})])
2026-02-10 18:55:09,002 - INFO - 	Cluster cluster_4b: Marginal SLO violation: 57.1632, Marginal cost: 0.0988 (Billed intervals before: [], after: [Interval(3522.8640850458232, 3759.864, {'query_ids': {'unknown'}})])
2026-02-10 18:55:09,003 - INFO - 	Cluster cluster_8: Marginal SLO violation: 180.0906, Marginal cost: 0.3000 (Billed intervals before: [], after: [Interval(3522.8640850458232, 3882.8640850458232, {'query_ids': {'unknown'}})])
2026-02-10 18:55:09,004 - INFO - 	Cluster cluster_8b: Marginal SLO violation: 180.0906, Marginal cost: 0.3000 (Billed intervals before: [], after: [Interval(3522.8640850458232, 3882.8640850458232, {'query_ids': {'unknown'}})])
2026-02-10 18:55:09,004 - INFO - Routing query 33 to cluster cluster_32. Predicted latency is 23.45s (ends at 3546.31s). 
2026-02-10 18:55:09,004 - INFO - (3546.312) Query 33 completed on cluster cluster_32 with latency 23.45s.
